Component: ARM Compiler 6.15 Tool: armlink [5dd79300]

==============================================================================

Section Cross References

    main.o(.text.main) refers to usersysteminit.o(.text.HSE_with_PLL) for HSE_with_PLL
    main.o(.text.main) refers to spi.o(.text.L3GD20_DMA_Init) for L3GD20_DMA_Init
    main.o(.text.main) refers to i2c.o(.text.I2C_LSM303DLHC_Init) for I2C_LSM303DLHC_Init
    main.o(.text.main) refers to i2c.o(.text.I2C_LSM303DLHC_Config_Init) for I2C_LSM303DLHC_Config_Init
    main.o(.text.main) refers to uart.o(.text.UART4_Init_with_DMA_TIM7) for UART4_Init_with_DMA_TIM7
    main.o(.text.main) refers to main.o(.bss.SPI_L3GD2_X_value) for SPI_L3GD2_X_value
    main.o(.text.main) refers to main.o(.bss.StringToSendUART) for StringToSendUART
    main.o(.text.main) refers to main.o(.rodata.str1.1) for .L.str
    main.o(.text.main) refers to printfa.o(i.__0sprintf) for sprintf
    main.o(.text.main) refers to main.o(.bss.SizeOfDataToSendUART4) for SizeOfDataToSendUART4
    main.o(.text.main) refers to i2c.o(.text.I2C_LSM303DLHC_A_Read_XYZ) for I2C_LSM303DLHC_A_Read_XYZ
    main.o(.text.main) refers to spi.o(.text.L3GD20_XYZ_Calculate) for L3GD20_XYZ_Calculate
    main.o(.text.main) refers to timers.o(.text.Zmiana_PWM_TIM1_stopniowo) for Zmiana_PWM_TIM1_stopniowo
    main.o(.ARM.exidx.text.main) refers to main.o(.text.main) for [Anonymous Symbol]
    usersysteminit.o(.text.delay_ms) refers to main.o(.bss.timer_ms) for timer_ms
    usersysteminit.o(.ARM.exidx.text.delay_ms) refers to usersysteminit.o(.text.delay_ms) for [Anonymous Symbol]
    usersysteminit.o(.ARM.exidx.text.GPIO_Init) refers to usersysteminit.o(.text.GPIO_Init) for [Anonymous Symbol]
    usersysteminit.o(.text.SysTick_Handler) refers to main.o(.bss.timer_ms) for timer_ms
    usersysteminit.o(.ARM.exidx.text.SysTick_Handler) refers to usersysteminit.o(.text.SysTick_Handler) for [Anonymous Symbol]
    usersysteminit.o(.text.HSI_without_PLL) refers to usersysteminit.o(.text.SysTick_Config) for SysTick_Config
    usersysteminit.o(.ARM.exidx.text.HSI_without_PLL) refers to usersysteminit.o(.text.HSI_without_PLL) for [Anonymous Symbol]
    usersysteminit.o(.text.SysTick_Config) refers to usersysteminit.o(.text.__NVIC_SetPriority) for __NVIC_SetPriority
    usersysteminit.o(.ARM.exidx.text.SysTick_Config) refers to usersysteminit.o(.text.SysTick_Config) for [Anonymous Symbol]
    usersysteminit.o(.text.HSI_with_PLL) refers to usersysteminit.o(.text.SysTick_Config) for SysTick_Config
    usersysteminit.o(.ARM.exidx.text.HSI_with_PLL) refers to usersysteminit.o(.text.HSI_with_PLL) for [Anonymous Symbol]
    usersysteminit.o(.text.HSE_with_PLL) refers to usersysteminit.o(.text.SysTick_Config) for SysTick_Config
    usersysteminit.o(.ARM.exidx.text.HSE_with_PLL) refers to usersysteminit.o(.text.HSE_with_PLL) for [Anonymous Symbol]
    usersysteminit.o(.ARM.exidx.text.__NVIC_SetPriority) refers to usersysteminit.o(.text.__NVIC_SetPriority) for [Anonymous Symbol]
    timers.o(.text.TIM7_config) refers to timers.o(.text.__NVIC_SetPriority) for __NVIC_SetPriority
    timers.o(.text.TIM7_config) refers to timers.o(.text.__NVIC_EnableIRQ) for __NVIC_EnableIRQ
    timers.o(.ARM.exidx.text.TIM7_config) refers to timers.o(.text.TIM7_config) for [Anonymous Symbol]
    timers.o(.ARM.exidx.text.__NVIC_SetPriority) refers to timers.o(.text.__NVIC_SetPriority) for [Anonymous Symbol]
    timers.o(.ARM.exidx.text.__NVIC_EnableIRQ) refers to timers.o(.text.__NVIC_EnableIRQ) for [Anonymous Symbol]
    timers.o(.text.TIM7_IRQHandler) refers to main.o(.bss.SizeOfDataToSendUART4) for SizeOfDataToSendUART4
    timers.o(.text.TIM7_IRQHandler) refers to main.o(.data.SizeOfDataToReciveUART4) for SizeOfDataToReciveUART4
    timers.o(.ARM.exidx.text.TIM7_IRQHandler) refers to timers.o(.text.TIM7_IRQHandler) for [Anonymous Symbol]
    timers.o(.text.TIM1_config) refers to main.o(.bss.FirstRun_GPIO_Init) for FirstRun_GPIO_Init
    timers.o(.text.TIM1_config) refers to usersysteminit.o(.text.GPIO_Init) for GPIO_Init
    timers.o(.text.TIM1_config) refers to timers.o(.text.__NVIC_SetPriority) for __NVIC_SetPriority
    timers.o(.text.TIM1_config) refers to timers.o(.text.__NVIC_EnableIRQ) for __NVIC_EnableIRQ
    timers.o(.text.TIM1_config) refers to main.o(.bss.EXTI0_flag) for EXTI0_flag
    timers.o(.ARM.exidx.text.TIM1_config) refers to timers.o(.text.TIM1_config) for [Anonymous Symbol]
    timers.o(.text.TIM1_UP_TIM16_IRQHandler) refers to main.o(.bss.EXTI0_flag) for EXTI0_flag
    timers.o(.text.TIM1_UP_TIM16_IRQHandler) refers to timers.o(.data.TIM1_UP_TIM16_IRQHandler.k) for TIM1_UP_TIM16_IRQHandler.k
    timers.o(.ARM.exidx.text.TIM1_UP_TIM16_IRQHandler) refers to timers.o(.text.TIM1_UP_TIM16_IRQHandler) for [Anonymous Symbol]
    timers.o(.text.TIM1_CC_IRQHandler) refers to timers.o(.data.TIM1_CC_IRQHandler.p1) for TIM1_CC_IRQHandler.p1
    timers.o(.text.TIM1_CC_IRQHandler) refers to timers.o(.data.TIM1_CC_IRQHandler.p2) for TIM1_CC_IRQHandler.p2
    timers.o(.text.TIM1_CC_IRQHandler) refers to timers.o(.data.TIM1_CC_IRQHandler.p3) for TIM1_CC_IRQHandler.p3
    timers.o(.ARM.exidx.text.TIM1_CC_IRQHandler) refers to timers.o(.text.TIM1_CC_IRQHandler) for [Anonymous Symbol]
    timers.o(.text.PWM_TIM1_C1_Init) refers to timers.o(.text.GPIO_Init_PWM_TIM1) for GPIO_Init_PWM_TIM1
    timers.o(.ARM.exidx.text.PWM_TIM1_C1_Init) refers to timers.o(.text.PWM_TIM1_C1_Init) for [Anonymous Symbol]
    timers.o(.ARM.exidx.text.GPIO_Init_PWM_TIM1) refers to timers.o(.text.GPIO_Init_PWM_TIM1) for [Anonymous Symbol]
    timers.o(.text.Zmiana_PWM_TIM1_Button) refers to main.o(.bss.FirstRun_GPIO_PWM_Init) for FirstRun_GPIO_PWM_Init
    timers.o(.text.Zmiana_PWM_TIM1_Button) refers to main.o(.data.PWM_ARR_value) for PWM_ARR_value
    timers.o(.text.Zmiana_PWM_TIM1_Button) refers to main.o(.bss.PWM_CCR1_value) for PWM_CCR1_value
    timers.o(.text.Zmiana_PWM_TIM1_Button) refers to timers.o(.text.PWM_TIM1_C1_Init) for PWM_TIM1_C1_Init
    timers.o(.text.Zmiana_PWM_TIM1_Button) refers to exti.o(.text.EXTI0_config_PWMButton) for EXTI0_config_PWMButton
    timers.o(.text.Zmiana_PWM_TIM1_Button) refers to main.o(.bss.PWM_temp) for PWM_temp
    timers.o(.ARM.exidx.text.Zmiana_PWM_TIM1_Button) refers to timers.o(.text.Zmiana_PWM_TIM1_Button) for [Anonymous Symbol]
    timers.o(.text.Zmiana_PWM_TIM1_stopniowo) refers to main.o(.bss.FirstRun_GPIO_PWM_Init) for FirstRun_GPIO_PWM_Init
    timers.o(.text.Zmiana_PWM_TIM1_stopniowo) refers to main.o(.data.PWM_ARR_value) for PWM_ARR_value
    timers.o(.text.Zmiana_PWM_TIM1_stopniowo) refers to main.o(.bss.PWM_CCR1_value) for PWM_CCR1_value
    timers.o(.text.Zmiana_PWM_TIM1_stopniowo) refers to timers.o(.text.PWM_TIM1_C1_Init) for PWM_TIM1_C1_Init
    timers.o(.text.Zmiana_PWM_TIM1_stopniowo) refers to timers.o(.bss.Zmiana_PWM_TIM1_stopniowo.Tab_PWM_temp) for Zmiana_PWM_TIM1_stopniowo.Tab_PWM_temp
    timers.o(.text.Zmiana_PWM_TIM1_stopniowo) refers to timers.o(.bss.Zmiana_PWM_TIM1_stopniowo.exponenta) for Zmiana_PWM_TIM1_stopniowo.exponenta
    timers.o(.text.Zmiana_PWM_TIM1_stopniowo) refers to usersysteminit.o(.text.delay_ms) for delay_ms
    timers.o(.text.Zmiana_PWM_TIM1_stopniowo) refers to main.o(.bss.PWM_temp) for PWM_temp
    timers.o(.text.Zmiana_PWM_TIM1_stopniowo) refers to timers.o(.data.Zmiana_PWM_TIM1_stopniowo.direction) for Zmiana_PWM_TIM1_stopniowo.direction
    timers.o(.text.Zmiana_PWM_TIM1_stopniowo) refers to timers.o(.bss.Zmiana_PWM_TIM1_stopniowo.p) for Zmiana_PWM_TIM1_stopniowo.p
    timers.o(.ARM.exidx.text.Zmiana_PWM_TIM1_stopniowo) refers to timers.o(.text.Zmiana_PWM_TIM1_stopniowo) for [Anonymous Symbol]
    exti.o(.text.EXTI0_config) refers to exti.o(.text.__NVIC_SetPriority) for __NVIC_SetPriority
    exti.o(.text.EXTI0_config) refers to exti.o(.text.__NVIC_EnableIRQ) for __NVIC_EnableIRQ
    exti.o(.text.EXTI0_config) refers to main.o(.bss.EXTI0_flag) for EXTI0_flag
    exti.o(.text.EXTI0_config) refers to timers.o(.text.TIM1_config) for TIM1_config
    exti.o(.ARM.exidx.text.EXTI0_config) refers to exti.o(.text.EXTI0_config) for [Anonymous Symbol]
    exti.o(.ARM.exidx.text.__NVIC_SetPriority) refers to exti.o(.text.__NVIC_SetPriority) for [Anonymous Symbol]
    exti.o(.ARM.exidx.text.__NVIC_EnableIRQ) refers to exti.o(.text.__NVIC_EnableIRQ) for [Anonymous Symbol]
    exti.o(.text.EXTI0_IRQHandler) refers to main.o(.bss.PWM_status_ON) for PWM_status_ON
    exti.o(.text.EXTI0_IRQHandler) refers to main.o(.data.PWM_ARR_value) for PWM_ARR_value
    exti.o(.text.EXTI0_IRQHandler) refers to main.o(.bss.PWM_temp) for PWM_temp
    exti.o(.ARM.exidx.text.EXTI0_IRQHandler) refers to exti.o(.text.EXTI0_IRQHandler) for [Anonymous Symbol]
    exti.o(.text.EXTI0_config_PWMButton) refers to exti.o(.text.__NVIC_SetPriority) for __NVIC_SetPriority
    exti.o(.text.EXTI0_config_PWMButton) refers to exti.o(.text.__NVIC_EnableIRQ) for __NVIC_EnableIRQ
    exti.o(.text.EXTI0_config_PWMButton) refers to main.o(.bss.PWM_status_ON) for PWM_status_ON
    exti.o(.ARM.exidx.text.EXTI0_config_PWMButton) refers to exti.o(.text.EXTI0_config_PWMButton) for [Anonymous Symbol]
    gpio_leds_buttons.o(.text.GPIO_zPrzyciskiem) refers to main.o(.bss.FirstRun_GPIO_Init) for FirstRun_GPIO_Init
    gpio_leds_buttons.o(.text.GPIO_zPrzyciskiem) refers to usersysteminit.o(.text.GPIO_Init) for GPIO_Init
    gpio_leds_buttons.o(.text.GPIO_zPrzyciskiem) refers to usersysteminit.o(.text.delay_ms) for delay_ms
    gpio_leds_buttons.o(.ARM.exidx.text.GPIO_zPrzyciskiem) refers to gpio_leds_buttons.o(.text.GPIO_zPrzyciskiem) for [Anonymous Symbol]
    gpio_leds_buttons.o(.text.GPIO_Kolko) refers to main.o(.bss.FirstRun_GPIO_Init) for FirstRun_GPIO_Init
    gpio_leds_buttons.o(.text.GPIO_Kolko) refers to usersysteminit.o(.text.GPIO_Init) for GPIO_Init
    gpio_leds_buttons.o(.text.GPIO_Kolko) refers to usersysteminit.o(.text.delay_ms) for delay_ms
    gpio_leds_buttons.o(.ARM.exidx.text.GPIO_Kolko) refers to gpio_leds_buttons.o(.text.GPIO_Kolko) for [Anonymous Symbol]
    gpio_leds_buttons.o(.text.LEDy_kolo) refers to main.o(.bss.FirstRun_GPIO_Init) for FirstRun_GPIO_Init
    gpio_leds_buttons.o(.text.LEDy_kolo) refers to usersysteminit.o(.text.GPIO_Init) for GPIO_Init
    gpio_leds_buttons.o(.text.LEDy_kolo) refers to usersysteminit.o(.text.delay_ms) for delay_ms
    gpio_leds_buttons.o(.ARM.exidx.text.LEDy_kolo) refers to gpio_leds_buttons.o(.text.LEDy_kolo) for [Anonymous Symbol]
    gpio_leds_buttons.o(.text.Debouncing_SW_LPF) refers to main.o(.bss.FirstRun_GPIO_Init) for FirstRun_GPIO_Init
    gpio_leds_buttons.o(.text.Debouncing_SW_LPF) refers to usersysteminit.o(.text.GPIO_Init) for GPIO_Init
    gpio_leds_buttons.o(.text.Debouncing_SW_LPF) refers to gpio_leds_buttons.o(.bss.Debouncing_SW_LPF.button_pressed) for Debouncing_SW_LPF.button_pressed
    gpio_leds_buttons.o(.text.Debouncing_SW_LPF) refers to gpio_leds_buttons.o(.bss.Debouncing_SW_LPF.button_unpressed) for Debouncing_SW_LPF.button_unpressed
    gpio_leds_buttons.o(.text.Debouncing_SW_LPF) refers to gpio_leds_buttons.o(.data.Debouncing_SW_LPF.debounce_value) for Debouncing_SW_LPF.debounce_value
    gpio_leds_buttons.o(.text.Debouncing_SW_LPF) refers to gpio_leds_buttons.o(.bss.Debouncing_SW_LPF.wait_for_next_press) for Debouncing_SW_LPF.wait_for_next_press
    gpio_leds_buttons.o(.ARM.exidx.text.Debouncing_SW_LPF) refers to gpio_leds_buttons.o(.text.Debouncing_SW_LPF) for [Anonymous Symbol]
    adc_dma.o(.ARM.exidx.text.GPIO_Init_ADC2) refers to adc_dma.o(.text.GPIO_Init_ADC2) for [Anonymous Symbol]
    adc_dma.o(.text.ADC2_Init) refers to adc_dma.o(.text.GPIO_Init_ADC2) for GPIO_Init_ADC2
    adc_dma.o(.text.ADC2_Init) refers to main.o(.data.PWM_ARR_value) for PWM_ARR_value
    adc_dma.o(.text.ADC2_Init) refers to main.o(.bss.PWM_CCR1_value) for PWM_CCR1_value
    adc_dma.o(.text.ADC2_Init) refers to timers.o(.text.PWM_TIM1_C1_Init) for PWM_TIM1_C1_Init
    adc_dma.o(.text.ADC2_Init) refers to adc_dma.o(.text.__NVIC_SetPriority) for __NVIC_SetPriority
    adc_dma.o(.text.ADC2_Init) refers to adc_dma.o(.text.__NVIC_EnableIRQ) for __NVIC_EnableIRQ
    adc_dma.o(.ARM.exidx.text.ADC2_Init) refers to adc_dma.o(.text.ADC2_Init) for [Anonymous Symbol]
    adc_dma.o(.ARM.exidx.text.__NVIC_SetPriority) refers to adc_dma.o(.text.__NVIC_SetPriority) for [Anonymous Symbol]
    adc_dma.o(.ARM.exidx.text.__NVIC_EnableIRQ) refers to adc_dma.o(.text.__NVIC_EnableIRQ) for [Anonymous Symbol]
    adc_dma.o(.text.ADC1_2_IRQHandler) refers to main.o(.bss.ADC2_Raw_value) for ADC2_Raw_value
    adc_dma.o(.ARM.exidx.text.ADC1_2_IRQHandler) refers to adc_dma.o(.text.ADC1_2_IRQHandler) for [Anonymous Symbol]
    adc_dma.o(.text.ADC_control_PWM_Led) refers to main.o(.bss.ADC2_Raw_value) for ADC2_Raw_value
    adc_dma.o(.text.ADC_control_PWM_Led) refers to main.o(.bss.ADC2_Voltage) for ADC2_Voltage
    adc_dma.o(.text.ADC_control_PWM_Led) refers to main.o(.data.PWM_ARR_value) for PWM_ARR_value
    adc_dma.o(.ARM.exidx.text.ADC_control_PWM_Led) refers to adc_dma.o(.text.ADC_control_PWM_Led) for [Anonymous Symbol]
    adc_dma.o(.text.ADC2_with_DMA_Init) refers to adc_dma.o(.text.GPIO_Init_ADC2) for GPIO_Init_ADC2
    adc_dma.o(.text.ADC2_with_DMA_Init) refers to main.o(.data.PWM_ARR_value) for PWM_ARR_value
    adc_dma.o(.text.ADC2_with_DMA_Init) refers to main.o(.bss.PWM_CCR1_value) for PWM_CCR1_value
    adc_dma.o(.text.ADC2_with_DMA_Init) refers to timers.o(.text.PWM_TIM1_C1_Init) for PWM_TIM1_C1_Init
    adc_dma.o(.text.ADC2_with_DMA_Init) refers to adc_dma.o(.data.ADC2_with_DMA_Init.pADCDR) for ADC2_with_DMA_Init.pADCDR
    adc_dma.o(.text.ADC2_with_DMA_Init) refers to adc_dma.o(.data.ADC2_with_DMA_Init.ADCRAW) for ADC2_with_DMA_Init.ADCRAW
    adc_dma.o(.ARM.exidx.text.ADC2_with_DMA_Init) refers to adc_dma.o(.text.ADC2_with_DMA_Init) for [Anonymous Symbol]
    adc_dma.o(.data.ADC2_with_DMA_Init.ADCRAW) refers to main.o(.bss.ADC2_Raw_value) for ADC2_Raw_value
    spi.o(.ARM.exidx.text.SPI_Config_for_Gyroskop) refers to spi.o(.text.SPI_Config_for_Gyroskop) for [Anonymous Symbol]
    spi.o(.ARM.exidx.text.Write_SPI) refers to spi.o(.text.Write_SPI) for [Anonymous Symbol]
    spi.o(.ARM.exidx.text.Read_SPI) refers to spi.o(.text.Read_SPI) for [Anonymous Symbol]
    spi.o(.text.L3GD20_Init) refers to spi.o(.text.Read_SPI) for Read_SPI
    spi.o(.text.L3GD20_Init) refers to spi.o(.bss.SPI_L3GD2_WAI) for SPI_L3GD2_WAI
    spi.o(.text.L3GD20_Init) refers to spi.o(.text.Write_SPI) for Write_SPI
    spi.o(.text.L3GD20_Init) refers to spi.o(.bss.SPI_L3GD2_CTRL1) for SPI_L3GD2_CTRL1
    spi.o(.ARM.exidx.text.L3GD20_Init) refers to spi.o(.text.L3GD20_Init) for [Anonymous Symbol]
    spi.o(.text.L3GD20_DMA_Init) refers to spi.o(.text.SPI_Config_for_Gyroskop_DMA) for SPI_Config_for_Gyroskop_DMA
    spi.o(.text.L3GD20_DMA_Init) refers to main.o(.bss.tab_SPI_L3GD20_XYZ_values) for tab_SPI_L3GD20_XYZ_values
    spi.o(.text.L3GD20_DMA_Init) refers to main.o(.rodata.tab_SPI_L3GD20_XYZ_adress) for tab_SPI_L3GD20_XYZ_adress
    spi.o(.ARM.exidx.text.L3GD20_DMA_Init) refers to spi.o(.text.L3GD20_DMA_Init) for [Anonymous Symbol]
    spi.o(.text.SPI_Config_for_Gyroskop_DMA) refers to spi.o(.text.Read_SPI) for Read_SPI
    spi.o(.text.SPI_Config_for_Gyroskop_DMA) refers to spi.o(.bss.SPI_L3GD2_WAI) for SPI_L3GD2_WAI
    spi.o(.text.SPI_Config_for_Gyroskop_DMA) refers to spi.o(.text.Write_SPI) for Write_SPI
    spi.o(.text.SPI_Config_for_Gyroskop_DMA) refers to spi.o(.bss.SPI_L3GD2_CTRL1) for SPI_L3GD2_CTRL1
    spi.o(.ARM.exidx.text.SPI_Config_for_Gyroskop_DMA) refers to spi.o(.text.SPI_Config_for_Gyroskop_DMA) for [Anonymous Symbol]
    spi.o(.text.L3GD20_XYZ_Calculate) refers to main.o(.bss.tab_SPI_L3GD20_XYZ_values) for tab_SPI_L3GD20_XYZ_values
    spi.o(.text.L3GD20_XYZ_Calculate) refers to main.o(.bss.SPI_L3GD2_YL) for SPI_L3GD2_YL
    spi.o(.text.L3GD20_XYZ_Calculate) refers to main.o(.bss.SPI_L3GD2_YH) for SPI_L3GD2_YH
    spi.o(.text.L3GD20_XYZ_Calculate) refers to main.o(.bss.SPI_L3GD2_Y_value) for SPI_L3GD2_Y_value
    spi.o(.text.L3GD20_XYZ_Calculate) refers to main.o(.bss.SPI_L3GD2_ZL) for SPI_L3GD2_ZL
    spi.o(.text.L3GD20_XYZ_Calculate) refers to main.o(.bss.SPI_L3GD2_ZH) for SPI_L3GD2_ZH
    spi.o(.text.L3GD20_XYZ_Calculate) refers to main.o(.bss.SPI_L3GD2_Z_value) for SPI_L3GD2_Z_value
    spi.o(.text.L3GD20_XYZ_Calculate) refers to main.o(.bss.SPI_L3GD2_XL) for SPI_L3GD2_XL
    spi.o(.text.L3GD20_XYZ_Calculate) refers to main.o(.bss.SPI_L3GD2_XH) for SPI_L3GD2_XH
    spi.o(.text.L3GD20_XYZ_Calculate) refers to main.o(.bss.SPI_L3GD2_X_value) for SPI_L3GD2_X_value
    spi.o(.ARM.exidx.text.L3GD20_XYZ_Calculate) refers to spi.o(.text.L3GD20_XYZ_Calculate) for [Anonymous Symbol]
    i2c.o(.ARM.exidx.text.I2C_LSM303DLHC_Init) refers to i2c.o(.text.I2C_LSM303DLHC_Init) for [Anonymous Symbol]
    i2c.o(.ARM.exidx.text.I2C_Write) refers to i2c.o(.text.I2C_Write) for [Anonymous Symbol]
    i2c.o(.ARM.exidx.text.I2C_Read) refers to i2c.o(.text.I2C_Read) for [Anonymous Symbol]
    i2c.o(.text.I2C_LSM303DLHC_Config_Init) refers to i2c.o(.text.I2C_Read) for I2C_Read
    i2c.o(.text.I2C_LSM303DLHC_Config_Init) refers to main.o(.bss.Read_value_LSM303DLHC_A) for Read_value_LSM303DLHC_A
    i2c.o(.text.I2C_LSM303DLHC_Config_Init) refers to i2c.o(.text.I2C_Write) for I2C_Write
    i2c.o(.ARM.exidx.text.I2C_LSM303DLHC_Config_Init) refers to i2c.o(.text.I2C_LSM303DLHC_Config_Init) for [Anonymous Symbol]
    i2c.o(.text.I2C_LSM303DLHC_A_Read_XYZ) refers to i2c.o(.text.I2C_Read) for I2C_Read
    i2c.o(.text.I2C_LSM303DLHC_A_Read_XYZ) refers to main.o(.bss.I2C_LSM303DLHC_A_XL) for I2C_LSM303DLHC_A_XL
    i2c.o(.text.I2C_LSM303DLHC_A_Read_XYZ) refers to main.o(.bss.I2C_LSM303DLHC_A_XH) for I2C_LSM303DLHC_A_XH
    i2c.o(.text.I2C_LSM303DLHC_A_Read_XYZ) refers to main.o(.bss.I2C_LSM303DLHC_A_X_value) for I2C_LSM303DLHC_A_X_value
    i2c.o(.text.I2C_LSM303DLHC_A_Read_XYZ) refers to main.o(.bss.I2C_LSM303DLHC_A_YL) for I2C_LSM303DLHC_A_YL
    i2c.o(.text.I2C_LSM303DLHC_A_Read_XYZ) refers to main.o(.bss.I2C_LSM303DLHC_A_YH) for I2C_LSM303DLHC_A_YH
    i2c.o(.text.I2C_LSM303DLHC_A_Read_XYZ) refers to main.o(.bss.I2C_LSM303DLHC_A_Y_value) for I2C_LSM303DLHC_A_Y_value
    i2c.o(.text.I2C_LSM303DLHC_A_Read_XYZ) refers to main.o(.bss.I2C_LSM303DLHC_A_ZL) for I2C_LSM303DLHC_A_ZL
    i2c.o(.text.I2C_LSM303DLHC_A_Read_XYZ) refers to main.o(.bss.I2C_LSM303DLHC_A_ZH) for I2C_LSM303DLHC_A_ZH
    i2c.o(.text.I2C_LSM303DLHC_A_Read_XYZ) refers to main.o(.bss.I2C_LSM303DLHC_A_Z_value) for I2C_LSM303DLHC_A_Z_value
    i2c.o(.ARM.exidx.text.I2C_LSM303DLHC_A_Read_XYZ) refers to i2c.o(.text.I2C_LSM303DLHC_A_Read_XYZ) for [Anonymous Symbol]
    uart.o(.text.UART4_Init) refers to uart.o(.text.__NVIC_SetPriority) for __NVIC_SetPriority
    uart.o(.text.UART4_Init) refers to uart.o(.text.__NVIC_EnableIRQ) for __NVIC_EnableIRQ
    uart.o(.ARM.exidx.text.UART4_Init) refers to uart.o(.text.UART4_Init) for [Anonymous Symbol]
    uart.o(.ARM.exidx.text.__NVIC_SetPriority) refers to uart.o(.text.__NVIC_SetPriority) for [Anonymous Symbol]
    uart.o(.ARM.exidx.text.__NVIC_EnableIRQ) refers to uart.o(.text.__NVIC_EnableIRQ) for [Anonymous Symbol]
    uart.o(.ARM.exidx.text.UART4_SendChar) refers to uart.o(.text.UART4_SendChar) for [Anonymous Symbol]
    uart.o(.text.UART4_SendString) refers to uart.o(.text.UART4_SendChar) for UART4_SendChar
    uart.o(.ARM.exidx.text.UART4_SendString) refers to uart.o(.text.UART4_SendString) for [Anonymous Symbol]
    uart.o(.ARM.exidx.text.UART4_GetChar) refers to uart.o(.text.UART4_GetChar) for [Anonymous Symbol]
    uart.o(.text.UART4_IRQHandler) refers to uart.o(.text.UART4_GetChar) for UART4_GetChar
    uart.o(.text.UART4_IRQHandler) refers to uart.o(.text.UART4_SendChar) for UART4_SendChar
    uart.o(.ARM.exidx.text.UART4_IRQHandler) refers to uart.o(.text.UART4_IRQHandler) for [Anonymous Symbol]
    uart.o(.text.UART4_Init_with_DMA) refers to uart.o(.text.UART4_DMA_config) for UART4_DMA_config
    uart.o(.ARM.exidx.text.UART4_Init_with_DMA) refers to uart.o(.text.UART4_Init_with_DMA) for [Anonymous Symbol]
    uart.o(.text.UART4_DMA_config) refers to main.o(.bss.StringToSendUART) for StringToSendUART
    uart.o(.text.UART4_DMA_config) refers to main.o(.bss.StringToReciveUART) for StringToReciveUART
    uart.o(.ARM.exidx.text.UART4_DMA_config) refers to uart.o(.text.UART4_DMA_config) for [Anonymous Symbol]
    uart.o(.text.UART4_Init_with_DMA_TIM7) refers to uart.o(.text.UART4_DMA_TIM7_config) for UART4_DMA_TIM7_config
    uart.o(.text.UART4_Init_with_DMA_TIM7) refers to timers.o(.text.TIM7_config) for TIM7_config
    uart.o(.ARM.exidx.text.UART4_Init_with_DMA_TIM7) refers to uart.o(.text.UART4_Init_with_DMA_TIM7) for [Anonymous Symbol]
    uart.o(.text.UART4_DMA_TIM7_config) refers to main.o(.bss.StringToSendUART) for StringToSendUART
    uart.o(.text.UART4_DMA_TIM7_config) refers to main.o(.bss.StringToReciveUART) for StringToReciveUART
    uart.o(.ARM.exidx.text.UART4_DMA_TIM7_config) refers to uart.o(.text.UART4_DMA_TIM7_config) for [Anonymous Symbol]
    usb_setup.o(.text.USBDconfigure) refers to usb_setup.o(.text.USBDcoreConfigure) for USBDcoreConfigure
    usb_setup.o(.text.USBDconfigure) refers to usb_setup.o(.text.USBDcentralConfigure) for USBDcentralConfigure
    usb_setup.o(.text.USBDconfigure) refers to usb_setup.o(.text.USBDperipheralReset) for USBDperipheralReset
    usb_setup.o(.text.USBDconfigure) refers to usb_setup.o(.text.USBDperipheralConfigure) for USBDperipheralConfigure
    usb_setup.o(.ARM.exidx.text.USBDconfigure) refers to usb_setup.o(.text.USBDconfigure) for [Anonymous Symbol]
    usb_setup.o(.text.USBDcoreConfigure) refers to usb_setup.o(.bss.DeviceState) for DeviceState
    usb_setup.o(.ARM.exidx.text.USBDcoreConfigure) refers to usb_setup.o(.text.USBDcoreConfigure) for [Anonymous Symbol]
    usb_setup.o(.ARM.exidx.text.USBDcentralConfigure) refers to usb_setup.o(.text.USBDcentralConfigure) for [Anonymous Symbol]
    usb_setup.o(.ARM.exidx.text.USBDperipheralReset) refers to usb_setup.o(.text.USBDperipheralReset) for [Anonymous Symbol]
    usb_setup.o(.text.USBDperipheralConfigure) refers to usb_setup.o(.data.speed) for speed
    usb_setup.o(.text.USBDperipheralConfigure) refers to usb_setup.o(.bss.phy) for phy
    usb_setup.o(.text.USBDperipheralConfigure) refers to usersysteminit.o(.text.delay_ms) for delay_ms
    usb_setup.o(.ARM.exidx.text.USBDperipheralConfigure) refers to usb_setup.o(.text.USBDperipheralConfigure) for [Anonymous Symbol]
    startup_stm32f303xc.o(RESET) refers to startup_stm32f303xc.o(STACK) for __initial_sp
    startup_stm32f303xc.o(RESET) refers to startup_stm32f303xc.o(.text) for Reset_Handler
    startup_stm32f303xc.o(RESET) refers to usersysteminit.o(.text.SysTick_Handler) for SysTick_Handler
    startup_stm32f303xc.o(RESET) refers to exti.o(.text.EXTI0_IRQHandler) for EXTI0_IRQHandler
    startup_stm32f303xc.o(RESET) refers to adc_dma.o(.text.ADC1_2_IRQHandler) for ADC1_2_IRQHandler
    startup_stm32f303xc.o(RESET) refers to timers.o(.text.TIM1_UP_TIM16_IRQHandler) for TIM1_UP_TIM16_IRQHandler
    startup_stm32f303xc.o(RESET) refers to timers.o(.text.TIM1_CC_IRQHandler) for TIM1_CC_IRQHandler
    startup_stm32f303xc.o(RESET) refers to uart.o(.text.UART4_IRQHandler) for UART4_IRQHandler
    startup_stm32f303xc.o(RESET) refers to timers.o(.text.TIM7_IRQHandler) for TIM7_IRQHandler
    startup_stm32f303xc.o(.text) refers to system_stm32f3xx.o(.text.SystemInit) for SystemInit
    startup_stm32f303xc.o(.text) refers to entry.o(.ARM.Collect$$$$00000000) for __main
    system_stm32f3xx.o(.ARM.exidx.text.SystemInit) refers to system_stm32f3xx.o(.text.SystemInit) for [Anonymous Symbol]
    system_stm32f3xx.o(.text.SystemCoreClockUpdate) refers to system_stm32f3xx.o(.data.SystemCoreClock) for SystemCoreClock
    system_stm32f3xx.o(.text.SystemCoreClockUpdate) refers to system_stm32f3xx.o(.rodata.AHBPrescTable) for AHBPrescTable
    system_stm32f3xx.o(.ARM.exidx.text.SystemCoreClockUpdate) refers to system_stm32f3xx.o(.text.SystemCoreClockUpdate) for [Anonymous Symbol]
    entry.o(.ARM.Collect$$$$00000000) refers (Special) to entry10a.o(.ARM.Collect$$$$0000000D) for __rt_final_cpp
    entry.o(.ARM.Collect$$$$00000000) refers (Special) to entry11a.o(.ARM.Collect$$$$0000000F) for __rt_final_exit
    entry.o(.ARM.Collect$$$$00000000) refers (Special) to entry7b.o(.ARM.Collect$$$$00000008) for _main_clock
    entry.o(.ARM.Collect$$$$00000000) refers (Special) to entry8b.o(.ARM.Collect$$$$0000000A) for _main_cpp_init
    entry.o(.ARM.Collect$$$$00000000) refers (Special) to entry9a.o(.ARM.Collect$$$$0000000B) for _main_init
    entry.o(.ARM.Collect$$$$00000000) refers (Special) to entry5.o(.ARM.Collect$$$$00000004) for _main_scatterload
    entry.o(.ARM.Collect$$$$00000000) refers (Special) to entry2.o(.ARM.Collect$$$$00000001) for _main_stk
    printfa.o(i.__0fprintf) refers (Special) to iusefp.o(.text) for __I$use$fp
    printfa.o(i.__0fprintf) refers to printfa.o(i._printf_core) for _printf_core
    printfa.o(i.__0fprintf) refers to fputc.o(i.fputc) for fputc
    printfa.o(i.__0printf) refers (Special) to iusefp.o(.text) for __I$use$fp
    printfa.o(i.__0printf) refers to printfa.o(i._printf_core) for _printf_core
    printfa.o(i.__0printf) refers to fputc.o(i.fputc) for fputc
    printfa.o(i.__0printf) refers to stdout.o(.data) for __stdout
    printfa.o(i.__0snprintf) refers (Special) to iusefp.o(.text) for __I$use$fp
    printfa.o(i.__0snprintf) refers to printfa.o(i._printf_core) for _printf_core
    printfa.o(i.__0snprintf) refers to printfa.o(i._snputc) for _snputc
    printfa.o(i.__0sprintf) refers (Special) to iusefp.o(.text) for __I$use$fp
    printfa.o(i.__0sprintf) refers to printfa.o(i._printf_core) for _printf_core
    printfa.o(i.__0sprintf) refers to printfa.o(i._sputc) for _sputc
    printfa.o(i.__0vfprintf) refers (Special) to iusefp.o(.text) for __I$use$fp
    printfa.o(i.__0vfprintf) refers to printfa.o(i._printf_core) for _printf_core
    printfa.o(i.__0vfprintf) refers to fputc.o(i.fputc) for fputc
    printfa.o(i.__0vprintf) refers (Special) to iusefp.o(.text) for __I$use$fp
    printfa.o(i.__0vprintf) refers to printfa.o(i._printf_core) for _printf_core
    printfa.o(i.__0vprintf) refers to fputc.o(i.fputc) for fputc
    printfa.o(i.__0vprintf) refers to stdout.o(.data) for __stdout
    printfa.o(i.__0vsnprintf) refers (Special) to iusefp.o(.text) for __I$use$fp
    printfa.o(i.__0vsnprintf) refers to printfa.o(i._printf_core) for _printf_core
    printfa.o(i.__0vsnprintf) refers to printfa.o(i._snputc) for _snputc
    printfa.o(i.__0vsprintf) refers (Special) to iusefp.o(.text) for __I$use$fp
    printfa.o(i.__0vsprintf) refers to printfa.o(i._printf_core) for _printf_core
    printfa.o(i.__0vsprintf) refers to printfa.o(i._sputc) for _sputc
    printfa.o(i._fp_digits) refers (Special) to iusefp.o(.text) for __I$use$fp
    printfa.o(i._fp_digits) refers to dmul.o(.text) for __aeabi_dmul
    printfa.o(i._fp_digits) refers to ddiv.o(.text) for __aeabi_ddiv
    printfa.o(i._fp_digits) refers to cdrcmple.o(.text) for __aeabi_cdrcmple
    printfa.o(i._fp_digits) refers to dadd.o(.text) for __aeabi_dadd
    printfa.o(i._fp_digits) refers to dfixul.o(.text) for __aeabi_d2ulz
    printfa.o(i._fp_digits) refers to uldiv.o(.text) for __aeabi_uldivmod
    printfa.o(i._printf_core) refers (Special) to iusefp.o(.text) for __I$use$fp
    printfa.o(i._printf_core) refers to printfa.o(i._printf_pre_padding) for _printf_pre_padding
    printfa.o(i._printf_core) refers to uldiv.o(.text) for __aeabi_uldivmod
    printfa.o(i._printf_core) refers to printfa.o(i._printf_post_padding) for _printf_post_padding
    printfa.o(i._printf_core) refers to printfa.o(i._fp_digits) for _fp_digits
    printfa.o(i._printf_core) refers to uidiv.o(.text) for __aeabi_uidivmod
    printfa.o(i._printf_post_padding) refers (Special) to iusefp.o(.text) for __I$use$fp
    printfa.o(i._printf_pre_padding) refers (Special) to iusefp.o(.text) for __I$use$fp
    printfa.o(i._snputc) refers (Special) to iusefp.o(.text) for __I$use$fp
    printfa.o(i._sputc) refers (Special) to iusefp.o(.text) for __I$use$fp
    entry2.o(.ARM.Collect$$$$00000001) refers to entry2.o(.ARM.Collect$$$$00002712) for __lit__00000000
    entry2.o(.ARM.Collect$$$$00002712) refers to startup_stm32f303xc.o(STACK) for __initial_sp
    entry2.o(__vectab_stack_and_reset_area) refers to startup_stm32f303xc.o(STACK) for __initial_sp
    entry2.o(__vectab_stack_and_reset_area) refers to entry.o(.ARM.Collect$$$$00000000) for __main
    entry5.o(.ARM.Collect$$$$00000004) refers to init.o(.text) for __scatterload
    entry9a.o(.ARM.Collect$$$$0000000B) refers to main.o(.text.main) for main
    entry9b.o(.ARM.Collect$$$$0000000C) refers to main.o(.text.main) for main
    fputc.o(i.fputc) refers (Special) to iusesemip.o(.text) for __I$use$semihosting$fputc
    fputc.o(i.fputc) refers (Special) to semi.o(.text) for __semihosting_library_function
    fputc_h.o(i._fputc$hlt) refers (Special) to iusesemip.o(.text) for __I$use$semihosting$fputc
    fputc_h.o(i._fputc$hlt) refers (Special) to semi.o(.text) for __semihosting_library_function
    uldiv.o(.text) refers to llushr.o(.text) for __aeabi_llsr
    uldiv.o(.text) refers to llshl.o(.text) for __aeabi_llsl
    dadd.o(.text) refers (Special) to iusefp.o(.text) for __I$use$fp
    dadd.o(.text) refers to llshl.o(.text) for __aeabi_llsl
    dadd.o(.text) refers to llsshr.o(.text) for __aeabi_lasr
    dadd.o(.text) refers to depilogue.o(.text) for _double_epilogue
    dmul.o(.text) refers (Special) to iusefp.o(.text) for __I$use$fp
    dmul.o(.text) refers to depilogue.o(.text) for _double_epilogue
    ddiv.o(.text) refers (Special) to iusefp.o(.text) for __I$use$fp
    ddiv.o(.text) refers to depilogue.o(.text) for _double_round
    dfixul.o(.text) refers (Special) to iusefp.o(.text) for __I$use$fp
    dfixul.o(.text) refers to llushr.o(.text) for __aeabi_llsr
    dfixul.o(.text) refers to llshl.o(.text) for __aeabi_llsl
    cdrcmple.o(.text) refers (Special) to iusefp.o(.text) for __I$use$fp
    init.o(.text) refers to entry5.o(.ARM.Collect$$$$00000004) for __main_after_scatterload
    depilogue.o(.text) refers (Special) to iusefp.o(.text) for __I$use$fp
    depilogue.o(.text) refers to llshl.o(.text) for __aeabi_llsl
    depilogue.o(.text) refers to llushr.o(.text) for __aeabi_llsr


==============================================================================

Removing Unused input sections from the image.

    Removing main.o(.text), (0 bytes).
    Removing main.o(.ARM.exidx.text.main), (8 bytes).
    Removing main.o(.bss.FirstRun_GPIO_Init), (1 bytes).
    Removing main.o(.bss.ADC2_Voltage), (4 bytes).
    Removing main.o(.bss.SPI_L3GD2_Read), (4 bytes).
    Removing main.o(.ARM.use_no_argv), (4 bytes).
    Removing usersysteminit.o(.text), (0 bytes).
    Removing usersysteminit.o(.ARM.exidx.text.delay_ms), (8 bytes).
    Removing usersysteminit.o(.text.GPIO_Init), (70 bytes).
    Removing usersysteminit.o(.ARM.exidx.text.GPIO_Init), (8 bytes).
    Removing usersysteminit.o(.ARM.exidx.text.SysTick_Handler), (8 bytes).
    Removing usersysteminit.o(.text.HSI_without_PLL), (12 bytes).
    Removing usersysteminit.o(.ARM.exidx.text.HSI_without_PLL), (8 bytes).
    Removing usersysteminit.o(.ARM.exidx.text.SysTick_Config), (8 bytes).
    Removing usersysteminit.o(.text.HSI_with_PLL), (122 bytes).
    Removing usersysteminit.o(.ARM.exidx.text.HSI_with_PLL), (8 bytes).
    Removing usersysteminit.o(.ARM.exidx.text.HSE_with_PLL), (8 bytes).
    Removing usersysteminit.o(.ARM.exidx.text.__NVIC_SetPriority), (8 bytes).
    Removing timers.o(.text), (0 bytes).
    Removing timers.o(.ARM.exidx.text.TIM7_config), (8 bytes).
    Removing timers.o(.ARM.exidx.text.__NVIC_SetPriority), (8 bytes).
    Removing timers.o(.ARM.exidx.text.__NVIC_EnableIRQ), (8 bytes).
    Removing timers.o(.ARM.exidx.text.TIM7_IRQHandler), (8 bytes).
    Removing timers.o(.text.TIM1_config), (242 bytes).
    Removing timers.o(.ARM.exidx.text.TIM1_config), (8 bytes).
    Removing timers.o(.ARM.exidx.text.TIM1_UP_TIM16_IRQHandler), (8 bytes).
    Removing timers.o(.ARM.exidx.text.TIM1_CC_IRQHandler), (8 bytes).
    Removing timers.o(.ARM.exidx.text.PWM_TIM1_C1_Init), (8 bytes).
    Removing timers.o(.ARM.exidx.text.GPIO_Init_PWM_TIM1), (8 bytes).
    Removing timers.o(.text.Zmiana_PWM_TIM1_Button), (82 bytes).
    Removing timers.o(.ARM.exidx.text.Zmiana_PWM_TIM1_Button), (8 bytes).
    Removing timers.o(.ARM.exidx.text.Zmiana_PWM_TIM1_stopniowo), (8 bytes).
    Removing exti.o(.text), (0 bytes).
    Removing exti.o(.text.EXTI0_config), (82 bytes).
    Removing exti.o(.ARM.exidx.text.EXTI0_config), (8 bytes).
    Removing exti.o(.text.__NVIC_SetPriority), (68 bytes).
    Removing exti.o(.ARM.exidx.text.__NVIC_SetPriority), (8 bytes).
    Removing exti.o(.text.__NVIC_EnableIRQ), (52 bytes).
    Removing exti.o(.ARM.exidx.text.__NVIC_EnableIRQ), (8 bytes).
    Removing exti.o(.ARM.exidx.text.EXTI0_IRQHandler), (8 bytes).
    Removing exti.o(.text.EXTI0_config_PWMButton), (78 bytes).
    Removing exti.o(.ARM.exidx.text.EXTI0_config_PWMButton), (8 bytes).
    Removing gpio_leds_buttons.o(.text), (0 bytes).
    Removing gpio_leds_buttons.o(.text.GPIO_zPrzyciskiem), (206 bytes).
    Removing gpio_leds_buttons.o(.ARM.exidx.text.GPIO_zPrzyciskiem), (8 bytes).
    Removing gpio_leds_buttons.o(.text.GPIO_Kolko), (310 bytes).
    Removing gpio_leds_buttons.o(.ARM.exidx.text.GPIO_Kolko), (8 bytes).
    Removing gpio_leds_buttons.o(.text.LEDy_kolo), (142 bytes).
    Removing gpio_leds_buttons.o(.ARM.exidx.text.LEDy_kolo), (8 bytes).
    Removing gpio_leds_buttons.o(.text.Debouncing_SW_LPF), (222 bytes).
    Removing gpio_leds_buttons.o(.ARM.exidx.text.Debouncing_SW_LPF), (8 bytes).
    Removing gpio_leds_buttons.o(.bss.Debouncing_SW_LPF.button_pressed), (2 bytes).
    Removing gpio_leds_buttons.o(.bss.Debouncing_SW_LPF.button_unpressed), (2 bytes).
    Removing gpio_leds_buttons.o(.data.Debouncing_SW_LPF.debounce_value), (2 bytes).
    Removing gpio_leds_buttons.o(.bss.Debouncing_SW_LPF.wait_for_next_press), (1 bytes).
    Removing adc_dma.o(.text), (0 bytes).
    Removing adc_dma.o(.text.GPIO_Init_ADC2), (30 bytes).
    Removing adc_dma.o(.ARM.exidx.text.GPIO_Init_ADC2), (8 bytes).
    Removing adc_dma.o(.text.ADC2_Init), (172 bytes).
    Removing adc_dma.o(.ARM.exidx.text.ADC2_Init), (8 bytes).
    Removing adc_dma.o(.text.__NVIC_SetPriority), (68 bytes).
    Removing adc_dma.o(.ARM.exidx.text.__NVIC_SetPriority), (8 bytes).
    Removing adc_dma.o(.text.__NVIC_EnableIRQ), (52 bytes).
    Removing adc_dma.o(.ARM.exidx.text.__NVIC_EnableIRQ), (8 bytes).
    Removing adc_dma.o(.ARM.exidx.text.ADC1_2_IRQHandler), (8 bytes).
    Removing adc_dma.o(.text.ADC_control_PWM_Led), (100 bytes).
    Removing adc_dma.o(.ARM.exidx.text.ADC_control_PWM_Led), (8 bytes).
    Removing adc_dma.o(.text.ADC2_with_DMA_Init), (316 bytes).
    Removing adc_dma.o(.ARM.exidx.text.ADC2_with_DMA_Init), (8 bytes).
    Removing adc_dma.o(.data.ADC2_with_DMA_Init.pADCDR), (4 bytes).
    Removing adc_dma.o(.data.ADC2_with_DMA_Init.ADCRAW), (4 bytes).
    Removing spi.o(.text), (0 bytes).
    Removing spi.o(.text.SPI_Config_for_Gyroskop), (236 bytes).
    Removing spi.o(.ARM.exidx.text.SPI_Config_for_Gyroskop), (8 bytes).
    Removing spi.o(.ARM.exidx.text.Write_SPI), (8 bytes).
    Removing spi.o(.ARM.exidx.text.Read_SPI), (8 bytes).
    Removing spi.o(.text.L3GD20_Init), (60 bytes).
    Removing spi.o(.ARM.exidx.text.L3GD20_Init), (8 bytes).
    Removing spi.o(.ARM.exidx.text.L3GD20_DMA_Init), (8 bytes).
    Removing spi.o(.ARM.exidx.text.SPI_Config_for_Gyroskop_DMA), (8 bytes).
    Removing spi.o(.ARM.exidx.text.L3GD20_XYZ_Calculate), (8 bytes).
    Removing i2c.o(.text), (0 bytes).
    Removing i2c.o(.ARM.exidx.text.I2C_LSM303DLHC_Init), (8 bytes).
    Removing i2c.o(.ARM.exidx.text.I2C_Write), (8 bytes).
    Removing i2c.o(.ARM.exidx.text.I2C_Read), (8 bytes).
    Removing i2c.o(.ARM.exidx.text.I2C_LSM303DLHC_Config_Init), (8 bytes).
    Removing i2c.o(.ARM.exidx.text.I2C_LSM303DLHC_A_Read_XYZ), (8 bytes).
    Removing uart.o(.text), (0 bytes).
    Removing uart.o(.text.UART4_Init), (210 bytes).
    Removing uart.o(.ARM.exidx.text.UART4_Init), (8 bytes).
    Removing uart.o(.text.__NVIC_SetPriority), (68 bytes).
    Removing uart.o(.ARM.exidx.text.__NVIC_SetPriority), (8 bytes).
    Removing uart.o(.text.__NVIC_EnableIRQ), (52 bytes).
    Removing uart.o(.ARM.exidx.text.__NVIC_EnableIRQ), (8 bytes).
    Removing uart.o(.ARM.exidx.text.UART4_SendChar), (8 bytes).
    Removing uart.o(.text.UART4_SendString), (36 bytes).
    Removing uart.o(.ARM.exidx.text.UART4_SendString), (8 bytes).
    Removing uart.o(.ARM.exidx.text.UART4_GetChar), (8 bytes).
    Removing uart.o(.ARM.exidx.text.UART4_IRQHandler), (8 bytes).
    Removing uart.o(.text.UART4_Init_with_DMA), (210 bytes).
    Removing uart.o(.ARM.exidx.text.UART4_Init_with_DMA), (8 bytes).
    Removing uart.o(.text.UART4_DMA_config), (322 bytes).
    Removing uart.o(.ARM.exidx.text.UART4_DMA_config), (8 bytes).
    Removing uart.o(.ARM.exidx.text.UART4_Init_with_DMA_TIM7), (8 bytes).
    Removing uart.o(.ARM.exidx.text.UART4_DMA_TIM7_config), (8 bytes).
    Removing usb_setup.o(.text), (0 bytes).
    Removing usb_setup.o(.text.USBDconfigure), (100 bytes).
    Removing usb_setup.o(.ARM.exidx.text.USBDconfigure), (8 bytes).
    Removing usb_setup.o(.text.USBDcoreConfigure), (132 bytes).
    Removing usb_setup.o(.ARM.exidx.text.USBDcoreConfigure), (8 bytes).
    Removing usb_setup.o(.text.USBDcentralConfigure), (108 bytes).
    Removing usb_setup.o(.ARM.exidx.text.USBDcentralConfigure), (8 bytes).
    Removing usb_setup.o(.text.USBDperipheralReset), (182 bytes).
    Removing usb_setup.o(.ARM.exidx.text.USBDperipheralReset), (8 bytes).
    Removing usb_setup.o(.text.USBDperipheralConfigure), (622 bytes).
    Removing usb_setup.o(.ARM.exidx.text.USBDperipheralConfigure), (8 bytes).
    Removing usb_setup.o(.bss.DeviceState), (32 bytes).
    Removing usb_setup.o(.data.speed), (1 bytes).
    Removing usb_setup.o(.bss.phy), (1 bytes).
    Removing startup_stm32f303xc.o(HEAP), (512 bytes).
    Removing system_stm32f3xx.o(.text), (0 bytes).
    Removing system_stm32f3xx.o(.ARM.exidx.text.SystemInit), (8 bytes).
    Removing system_stm32f3xx.o(.text.SystemCoreClockUpdate), (278 bytes).
    Removing system_stm32f3xx.o(.ARM.exidx.text.SystemCoreClockUpdate), (8 bytes).
    Removing system_stm32f3xx.o(.data.SystemCoreClock), (4 bytes).
    Removing system_stm32f3xx.o(.rodata.AHBPrescTable), (16 bytes).
    Removing system_stm32f3xx.o(.rodata.APBPrescTable), (8 bytes).

127 unused section(s) (total 6172 bytes) removed from the image.
