Component: ARM Compiler 6.15 Tool: armlink [5dd79300]

==============================================================================

Section Cross References

    main.o(.text.main) refers to stm32f3xx_hal.o(.text.HAL_Init) for HAL_Init
    main.o(.text.main) refers to usersysteminit.o(.text.HSE_with_PLL) for HSE_with_PLL
    main.o(.text.main) refers to usb_device.o(.text.MX_USB_DEVICE_Init) for MX_USB_DEVICE_Init
    main.o(.text.main) refers to usersysteminit.o(.text.delay_ms) for delay_ms
    main.o(.text.main) refers to main.o(.data.pWiadomosc) for pWiadomosc
    main.o(.text.main) refers to main.o(.rodata.str1.1) for .L.str
    main.o(.text.main) refers to printfa.o(i.__0sprintf) for sprintf
    main.o(.text.main) refers to main.o(.bss.DlugoscWiadomosci) for DlugoscWiadomosci
    main.o(.text.main) refers to main.o(.bss.Wiadomosc) for Wiadomosc
    main.o(.text.main) refers to usbd_cdc_if.o(.text.CDC_Transmit_FS) for CDC_Transmit_FS
    main.o(.text.main) refers to main.o(.bss.ReceivedDataFlag) for ReceivedDataFlag
    main.o(.text.main) refers to main.o(.bss.OdebranaWiadomosc) for OdebranaWiadomosc
    main.o(.text.main) refers to gpio_leds_buttons.o(.text.Debouncing_SW_LPF) for Debouncing_SW_LPF
    main.o(.ARM.exidx.text.main) refers to main.o(.text.main) for [Anonymous Symbol]
    main.o(.ARM.exidx.text.Error_Handler) refers to main.o(.text.Error_Handler) for [Anonymous Symbol]
    main.o(.data.pWiadomosc) refers to main.o(.bss.Wiadomosc) for Wiadomosc
    usersysteminit.o(.text.delay_ms) refers to main.o(.bss.timer_ms) for timer_ms
    usersysteminit.o(.ARM.exidx.text.delay_ms) refers to usersysteminit.o(.text.delay_ms) for [Anonymous Symbol]
    usersysteminit.o(.ARM.exidx.text.GPIO_Init) refers to usersysteminit.o(.text.GPIO_Init) for [Anonymous Symbol]
    usersysteminit.o(.text.SysTick_Handler) refers to main.o(.bss.timer_ms) for timer_ms
    usersysteminit.o(.ARM.exidx.text.SysTick_Handler) refers to usersysteminit.o(.text.SysTick_Handler) for [Anonymous Symbol]
    usersysteminit.o(.text.HSI_without_PLL) refers to usersysteminit.o(.text.SysTick_Config) for SysTick_Config
    usersysteminit.o(.ARM.exidx.text.HSI_without_PLL) refers to usersysteminit.o(.text.HSI_without_PLL) for [Anonymous Symbol]
    usersysteminit.o(.text.SysTick_Config) refers to usersysteminit.o(.text.__NVIC_SetPriority) for __NVIC_SetPriority
    usersysteminit.o(.ARM.exidx.text.SysTick_Config) refers to usersysteminit.o(.text.SysTick_Config) for [Anonymous Symbol]
    usersysteminit.o(.text.HSI_with_PLL) refers to usersysteminit.o(.text.SysTick_Config) for SysTick_Config
    usersysteminit.o(.ARM.exidx.text.HSI_with_PLL) refers to usersysteminit.o(.text.HSI_with_PLL) for [Anonymous Symbol]
    usersysteminit.o(.text.HSE_with_PLL) refers to usersysteminit.o(.text.SysTick_Config) for SysTick_Config
    usersysteminit.o(.ARM.exidx.text.HSE_with_PLL) refers to usersysteminit.o(.text.HSE_with_PLL) for [Anonymous Symbol]
    usersysteminit.o(.ARM.exidx.text.__NVIC_SetPriority) refers to usersysteminit.o(.text.__NVIC_SetPriority) for [Anonymous Symbol]
    timers.o(.text.TIM7_config) refers to timers.o(.text.__NVIC_SetPriority) for __NVIC_SetPriority
    timers.o(.text.TIM7_config) refers to timers.o(.text.__NVIC_EnableIRQ) for __NVIC_EnableIRQ
    timers.o(.ARM.exidx.text.TIM7_config) refers to timers.o(.text.TIM7_config) for [Anonymous Symbol]
    timers.o(.ARM.exidx.text.__NVIC_SetPriority) refers to timers.o(.text.__NVIC_SetPriority) for [Anonymous Symbol]
    timers.o(.ARM.exidx.text.__NVIC_EnableIRQ) refers to timers.o(.text.__NVIC_EnableIRQ) for [Anonymous Symbol]
    timers.o(.text.TIM7_IRQHandler) refers to main.o(.bss.SizeOfDataToSendUART4) for SizeOfDataToSendUART4
    timers.o(.text.TIM7_IRQHandler) refers to main.o(.data.SizeOfDataToReciveUART4) for SizeOfDataToReciveUART4
    timers.o(.ARM.exidx.text.TIM7_IRQHandler) refers to timers.o(.text.TIM7_IRQHandler) for [Anonymous Symbol]
    timers.o(.text.TIM1_config) refers to main.o(.bss.FirstRun_GPIO_Init) for FirstRun_GPIO_Init
    timers.o(.text.TIM1_config) refers to usersysteminit.o(.text.GPIO_Init) for GPIO_Init
    timers.o(.text.TIM1_config) refers to timers.o(.text.__NVIC_SetPriority) for __NVIC_SetPriority
    timers.o(.text.TIM1_config) refers to timers.o(.text.__NVIC_EnableIRQ) for __NVIC_EnableIRQ
    timers.o(.text.TIM1_config) refers to main.o(.bss.EXTI0_flag) for EXTI0_flag
    timers.o(.ARM.exidx.text.TIM1_config) refers to timers.o(.text.TIM1_config) for [Anonymous Symbol]
    timers.o(.text.TIM1_UP_TIM16_IRQHandler) refers to main.o(.bss.EXTI0_flag) for EXTI0_flag
    timers.o(.text.TIM1_UP_TIM16_IRQHandler) refers to timers.o(.data.TIM1_UP_TIM16_IRQHandler.k) for TIM1_UP_TIM16_IRQHandler.k
    timers.o(.ARM.exidx.text.TIM1_UP_TIM16_IRQHandler) refers to timers.o(.text.TIM1_UP_TIM16_IRQHandler) for [Anonymous Symbol]
    timers.o(.text.TIM1_CC_IRQHandler) refers to timers.o(.data.TIM1_CC_IRQHandler.p1) for TIM1_CC_IRQHandler.p1
[...]
    .text                                    0x0800019c   Section       36  startup_stm32f303xc.o(.text)
    .text                                    0x080001c0   Section        0  uldiv.o(.text)
    .text                                    0x08000222   Section        0  strlcpy.o(.text)
    .text                                    0x08000252   Section        0  uidiv.o(.text)
    .text                                    0x0800027e   Section        0  llshl.o(.text)
    .text                                    0x0800029c   Section        0  llushr.o(.text)
    .text                                    0x080002bc   Section        0  iusefp.o(.text)
    .text                                    0x080002bc   Section        0  dadd.o(.text)
    .text                                    0x0800040a   Section        0  dmul.o(.text)
    .text                                    0x080004ee   Section        0  ddiv.o(.text)
    .text                                    0x080005cc   Section        0  dfixul.o(.text)
    .text                                    0x080005fc   Section       48  cdrcmple.o(.text)
    .text                                    0x0800062c   Section       36  init.o(.text)
    .text                                    0x08000650   Section        0  llsshr.o(.text)
    .text                                    0x08000674   Section        0  depilogue.o(.text)
    .text                                    0x0800072e   Section        0  __dczerorl2.o(.text)
    [Anonymous Symbol]                       0x08000784   Section        0  adc_dma.o(.text.ADC1_2_IRQHandler)
    [Anonymous Symbol]                       0x080007ac   Section        0  stm32f3xx_it.o(.text.BusFault_Handler)
    CDC_Control_FS                           0x080007b1   Thumb Code    96  usbd_cdc_if.o(.text.CDC_Control_FS)
    [Anonymous Symbol]                       0x080007b0   Section        0  usbd_cdc_if.o(.text.CDC_Control_FS)
    CDC_DeInit_FS                            0x08000811   Thumb Code     4  usbd_cdc_if.o(.text.CDC_DeInit_FS)
    [Anonymous Symbol]                       0x08000810   Section        0  usbd_cdc_if.o(.text.CDC_DeInit_FS)
    CDC_Init_FS                              0x08000815   Thumb Code    58  usbd_cdc_if.o(.text.CDC_Init_FS)
    [Anonymous Symbol]                       0x08000814   Section        0  usbd_cdc_if.o(.text.CDC_Init_FS)
    CDC_Receive_FS                           0x08000851   Thumb Code   128  usbd_cdc_if.o(.text.CDC_Receive_FS)
    [Anonymous Symbol]                       0x08000850   Section        0  usbd_cdc_if.o(.text.CDC_Receive_FS)
    [Anonymous Symbol]                       0x080008d0   Section        0  usbd_cdc_if.o(.text.CDC_Transmit_FS)
    [Anonymous Symbol]                       0x08000938   Section        0  gpio_leds_buttons.o(.text.Debouncing_SW_LPF)
    [Anonymous Symbol]                       0x08000a18   Section        0  stm32f3xx_it.o(.text.DebugMon_Handler)
    [Anonymous Symbol]                       0x08000a1c   Section        0  exti.o(.text.EXTI0_IRQHandler)
    [Anonymous Symbol]                       0x08000ac8   Section        0  main.o(.text.Error_Handler)
    [Anonymous Symbol]                       0x08000acc   Section        0  usersysteminit.o(.text.GPIO_Init)
    Get_SerialNum                            0x08000b15   Thumb Code    98  usbd_desc.o(.text.Get_SerialNum)
    [Anonymous Symbol]                       0x08000b14   Section        0  usbd_desc.o(.text.Get_SerialNum)
    [Anonymous Symbol]                       0x08000b78   Section        0  stm32f3xx_hal_gpio.o(.text.HAL_GPIO_Init)
    [Anonymous Symbol]                       0x08000ed4   Section        0  stm32f3xx_hal.o(.text.HAL_Init)
    [Anonymous Symbol]                       0x08000f04   Section        0  stm32f3xx_hal.o(.text.HAL_InitTick)
    [Anonymous Symbol]                       0x08000f78   Section        0  stm32f3xx_hal_msp.o(.text.HAL_MspInit)
    [Anonymous Symbol]                       0x08000fc4   Section        0  stm32f3xx_hal_cortex.o(.text.HAL_NVIC_EnableIRQ)
    [Anonymous Symbol]                       0x08000fdc   Section        0  stm32f3xx_hal_cortex.o(.text.HAL_NVIC_SetPriority)
    [Anonymous Symbol]                       0x0800101c   Section        0  stm32f3xx_hal_cortex.o(.text.HAL_NVIC_SetPriorityGrouping)
    [Anonymous Symbol]                       0x0800102c   Section        0  stm32f3xx_hal_pcd_ex.o(.text.HAL_PCDEx_PMAConfig)
    [Anonymous Symbol]                       0x080010ac   Section        0  usbd_conf.o(.text.HAL_PCDEx_SetConnectionState)
    [Anonymous Symbol]                       0x080010c8   Section        0  usbd_conf.o(.text.HAL_PCD_DataInStageCallback)
    [Anonymous Symbol]                       0x080010fc   Section        0  usbd_conf.o(.text.HAL_PCD_DataOutStageCallback)
    [Anonymous Symbol]                       0x08001134   Section        0  stm32f3xx_hal_pcd.o(.text.HAL_PCD_EP_Close)
    [Anonymous Symbol]                       0x080011dc   Section        0  stm32f3xx_hal_pcd.o(.text.HAL_PCD_EP_ClrStall)
    HAL_PCD_EP_DB_Receive                    0x080012a5   Thumb Code   530  stm32f3xx_hal_pcd.o(.text.HAL_PCD_EP_DB_Receive)
    [Anonymous Symbol]                       0x080012a4   Section        0  stm32f3xx_hal_pcd.o(.text.HAL_PCD_EP_DB_Receive)
    HAL_PCD_EP_DB_Transmit                   0x080014b9   Thumb Code  1338  stm32f3xx_hal_pcd.o(.text.HAL_PCD_EP_DB_Transmit)
    [Anonymous Symbol]                       0x080014b8   Section        0  stm32f3xx_hal_pcd.o(.text.HAL_PCD_EP_DB_Transmit)
    [Anonymous Symbol]                       0x080019f4   Section        0  stm32f3xx_hal_pcd.o(.text.HAL_PCD_EP_GetRxCount)
    [Anonymous Symbol]                       0x08001a18   Section        0  stm32f3xx_hal_pcd.o(.text.HAL_PCD_EP_Open)
    [Anonymous Symbol]                       0x08001b08   Section        0  stm32f3xx_hal_pcd.o(.text.HAL_PCD_EP_Receive)
    [Anonymous Symbol]                       0x08001b7c   Section        0  stm32f3xx_hal_pcd.o(.text.HAL_PCD_EP_SetStall)
    [Anonymous Symbol]                       0x08001c40   Section        0  stm32f3xx_hal_pcd.o(.text.HAL_PCD_EP_Transmit)
    [Anonymous Symbol]                       0x08001cc0   Section        0  stm32f3xx_hal_pcd.o(.text.HAL_PCD_IRQHandler)
    [Anonymous Symbol]                       0x08001e30   Section        0  stm32f3xx_hal_pcd.o(.text.HAL_PCD_Init)
    [Anonymous Symbol]                       0x08001fc4   Section        0  usbd_conf.o(.text.HAL_PCD_MspInit)
    [Anonymous Symbol]                       0x08002060   Section        0  usbd_conf.o(.text.HAL_PCD_ResetCallback)
    [Anonymous Symbol]                       0x0800209c   Section        0  usbd_conf.o(.text.HAL_PCD_ResumeCallback)
    [Anonymous Symbol]                       0x080020b0   Section        0  usbd_conf.o(.text.HAL_PCD_SOFCallback)
    [Anonymous Symbol]                       0x080020c4   Section        0  stm32f3xx_hal_pcd.o(.text.HAL_PCD_SetAddress)
    [Anonymous Symbol]                       0x08002124   Section        0  usbd_conf.o(.text.HAL_PCD_SetupStageCallback)
    [Anonymous Symbol]                       0x08002144   Section        0  stm32f3xx_hal_pcd.o(.text.HAL_PCD_Start)
    [Anonymous Symbol]                       0x080021a8   Section        0  usbd_conf.o(.text.HAL_PCD_SuspendCallback)
    [Anonymous Symbol]                       0x080021d8   Section        0  stm32f3xx_hal_cortex.o(.text.HAL_SYSTICK_Config)
    [Anonymous Symbol]                       0x080021e8   Section        0  usersysteminit.o(.text.HSE_with_PLL)
    [Anonymous Symbol]                       0x080022e4   Section        0  stm32f3xx_it.o(.text.HardFault_Handler)
    IntToUnicode                             0x080022e9   Thumb Code   120  usbd_desc.o(.text.IntToUnicode)
    [Anonymous Symbol]                       0x080022e8   Section        0  usbd_desc.o(.text.IntToUnicode)
    [Anonymous Symbol]                       0x08002360   Section        0  usb_device.o(.text.MX_USB_DEVICE_Init)
    [Anonymous Symbol]                       0x080023e0   Section        0  stm32f3xx_it.o(.text.MemManage_Handler)
    [Anonymous Symbol]                       0x080023e4   Section        0  stm32f3xx_it.o(.text.NMI_Handler)
    NVIC_EncodePriority                      0x080023e9   Thumb Code   110  stm32f3xx_hal_cortex.o(.text.NVIC_EncodePriority)
    [Anonymous Symbol]                       0x080023e8   Section        0  stm32f3xx_hal_cortex.o(.text.NVIC_EncodePriority)
    PCD_EP_ISR_Handler                       0x08002459   Thumb Code  1506  stm32f3xx_hal_pcd.o(.text.PCD_EP_ISR_Handler)
    [Anonymous Symbol]                       0x08002458   Section        0  stm32f3xx_hal_pcd.o(.text.PCD_EP_ISR_Handler)
    [Anonymous Symbol]                       0x08002a3c   Section        0  stm32f3xx_it.o(.text.PendSV_Handler)
    [Anonymous Symbol]                       0x08002a40   Section        0  stm32f3xx_it.o(.text.SVC_Handler)
    SysTick_Config                           0x08002a45   Thumb Code    82  usersysteminit.o(.text.SysTick_Config)
    [Anonymous Symbol]                       0x08002a44   Section        0  usersysteminit.o(.text.SysTick_Config)
    SysTick_Config                           0x08002a99   Thumb Code    82  stm32f3xx_hal_cortex.o(.text.SysTick_Config)
    [Anonymous Symbol]                       0x08002a98   Section        0  stm32f3xx_hal_cortex.o(.text.SysTick_Config)
    [Anonymous Symbol]                       0x08002aec   Section        0  usersysteminit.o(.text.SysTick_Handler)
    [Anonymous Symbol]                       0x08002b10   Section        0  system_stm32f3xx_1.o(.text.SystemInit)
    [Anonymous Symbol]                       0x08002ba8   Section        0  timers.o(.text.TIM1_CC_IRQHandler)
    [Anonymous Symbol]                       0x08002df0   Section        0  timers.o(.text.TIM1_UP_TIM16_IRQHandler)
    [Anonymous Symbol]                       0x08002f50   Section        0  timers.o(.text.TIM7_IRQHandler)
    [Anonymous Symbol]                       0x08002fbc   Section        0  uart.o(.text.UART4_GetChar)
    [Anonymous Symbol]                       0x08002fe0   Section        0  uart.o(.text.UART4_IRQHandler)
    [Anonymous Symbol]                       0x08002fec   Section        0  uart.o(.text.UART4_SendChar)
    USBD_CDC_DataIn                          0x0800301d   Thumb Code   174  usbd_cdc.o(.text.USBD_CDC_DataIn)
    [Anonymous Symbol]                       0x0800301c   Section        0  usbd_cdc.o(.text.USBD_CDC_DataIn)
    USBD_CDC_DataOut                         0x080030cd   Thumb Code   100  usbd_cdc.o(.text.USBD_CDC_DataOut)
    [Anonymous Symbol]                       0x080030cc   Section        0  usbd_cdc.o(.text.USBD_CDC_DataOut)
    USBD_CDC_DeInit                          0x08003131   Thumb Code   136  usbd_cdc.o(.text.USBD_CDC_DeInit)
    [Anonymous Symbol]                       0x08003130   Section        0  usbd_cdc.o(.text.USBD_CDC_DeInit)
    USBD_CDC_EP0_RxReady                     0x080031b9   Thumb Code    82  usbd_cdc.o(.text.USBD_CDC_EP0_RxReady)
    [Anonymous Symbol]                       0x080031b8   Section        0  usbd_cdc.o(.text.USBD_CDC_EP0_RxReady)
    [Anonymous Symbol]                       0x0800320c   Section        0  usbd_cdc.o(.text.USBD_CDC_GetDeviceQualifierDescriptor)
    USBD_CDC_GetFSCfgDesc                    0x08003225   Thumb Code    22  usbd_cdc.o(.text.USBD_CDC_GetFSCfgDesc)
    [Anonymous Symbol]                       0x08003224   Section        0  usbd_cdc.o(.text.USBD_CDC_GetFSCfgDesc)
    USBD_CDC_GetHSCfgDesc                    0x0800323d   Thumb Code    22  usbd_cdc.o(.text.USBD_CDC_GetHSCfgDesc)
    [Anonymous Symbol]                       0x0800323c   Section        0  usbd_cdc.o(.text.USBD_CDC_GetHSCfgDesc)
    USBD_CDC_GetOtherSpeedCfgDesc            0x08003255   Thumb Code    22  usbd_cdc.o(.text.USBD_CDC_GetOtherSpeedCfgDesc)
    [Anonymous Symbol]                       0x08003254   Section        0  usbd_cdc.o(.text.USBD_CDC_GetOtherSpeedCfgDesc)
    USBD_CDC_Init                            0x0800326d   Thumb Code   280  usbd_cdc.o(.text.USBD_CDC_Init)
    [Anonymous Symbol]                       0x0800326c   Section        0  usbd_cdc.o(.text.USBD_CDC_Init)
    [Anonymous Symbol]                       0x08003384   Section        0  usbd_cdc.o(.text.USBD_CDC_ReceivePacket)
    [Anonymous Symbol]                       0x080033e8   Section        0  usbd_cdc.o(.text.USBD_CDC_RegisterInterface)
    [Anonymous Symbol]                       0x08003414   Section        0  usbd_cdc.o(.text.USBD_CDC_SetRxBuffer)
    [Anonymous Symbol]                       0x08003430   Section        0  usbd_cdc.o(.text.USBD_CDC_SetTxBuffer)
    USBD_CDC_Setup                           0x0800345d   Thumb Code   384  usbd_cdc.o(.text.USBD_CDC_Setup)
    [Anonymous Symbol]                       0x0800345c   Section        0  usbd_cdc.o(.text.USBD_CDC_Setup)
    [Anonymous Symbol]                       0x080035dc   Section        0  usbd_cdc.o(.text.USBD_CDC_TransmitPacket)
    [Anonymous Symbol]                       0x08003648   Section        0  usbd_core.o(.text.USBD_ClrClassConfig)
    USBD_ClrFeature                          0x08003675   Thumb Code    64  usbd_ctlreq.o(.text.USBD_ClrFeature)
    [Anonymous Symbol]                       0x08003674   Section        0  usbd_ctlreq.o(.text.USBD_ClrFeature)
    [Anonymous Symbol]                       0x080036b4   Section        0  usbd_ioreq.o(.text.USBD_CtlContinueRx)
    [Anonymous Symbol]                       0x080036ec   Section        0  usbd_ioreq.o(.text.USBD_CtlContinueSendData)
    [Anonymous Symbol]                       0x08003724   Section        0  usbd_ctlreq.o(.text.USBD_CtlError)
    [Anonymous Symbol]                       0x08003748   Section        0  usbd_ioreq.o(.text.USBD_CtlPrepareRx)
    [Anonymous Symbol]                       0x0800379c   Section        0  usbd_ioreq.o(.text.USBD_CtlReceiveStatus)
    [Anonymous Symbol]                       0x080037c4   Section        0  usbd_ioreq.o(.text.USBD_CtlSendData)
    [Anonymous Symbol]                       0x08003814   Section        0  usbd_ioreq.o(.text.USBD_CtlSendStatus)
    [Anonymous Symbol]                       0x0800383c   Section        0  usbd_desc.o(.text.USBD_FS_ConfigStrDescriptor)
    [Anonymous Symbol]                       0x08003890   Section        0  usbd_desc.o(.text.USBD_FS_DeviceDescriptor)
    [Anonymous Symbol]                       0x080038ac   Section        0  usbd_desc.o(.text.USBD_FS_InterfaceStrDescriptor)
    [Anonymous Symbol]                       0x08003900   Section        0  usbd_desc.o(.text.USBD_FS_LangIDStrDescriptor)
    [Anonymous Symbol]                       0x0800391c   Section        0  usbd_desc.o(.text.USBD_FS_ManufacturerStrDescriptor)
    [Anonymous Symbol]                       0x08003954   Section        0  usbd_desc.o(.text.USBD_FS_ProductStrDescriptor)
    [Anonymous Symbol]                       0x080039a8   Section        0  usbd_desc.o(.text.USBD_FS_SerialStrDescriptor)
    USBD_GetConfig                           0x080039cd   Thumb Code   100  usbd_ctlreq.o(.text.USBD_GetConfig)
    [Anonymous Symbol]                       0x080039cc   Section        0  usbd_ctlreq.o(.text.USBD_GetConfig)
    USBD_GetDescriptor                       0x08003a31   Thumb Code   818  usbd_ctlreq.o(.text.USBD_GetDescriptor)
    [Anonymous Symbol]                       0x08003a30   Section        0  usbd_ctlreq.o(.text.USBD_GetDescriptor)
    USBD_GetLen                              0x08003d65   Thumb Code    48  usbd_ctlreq.o(.text.USBD_GetLen)
    [Anonymous Symbol]                       0x08003d64   Section        0  usbd_ctlreq.o(.text.USBD_GetLen)
    USBD_GetStatus                           0x08003d95   Thumb Code   100  usbd_ctlreq.o(.text.USBD_GetStatus)
    [Anonymous Symbol]                       0x08003d94   Section        0  usbd_ctlreq.o(.text.USBD_GetStatus)
    [Anonymous Symbol]                       0x08003df8   Section        0  usbd_ctlreq.o(.text.USBD_GetString)
    USBD_Get_USB_Status                      0x08003e7d   Thumb Code    84  usbd_conf.o(.text.USBD_Get_USB_Status)
    [Anonymous Symbol]                       0x08003e7c   Section        0  usbd_conf.o(.text.USBD_Get_USB_Status)
    [Anonymous Symbol]                       0x08003ed0   Section        0  usbd_core.o(.text.USBD_Init)
    [Anonymous Symbol]                       0x08003f3c   Section        0  usbd_conf.o(.text.USBD_LL_ClearStallEP)
    [Anonymous Symbol]                       0x08003f7c   Section        0  usbd_conf.o(.text.USBD_LL_CloseEP)
    [Anonymous Symbol]                       0x08003fbc   Section        0  usbd_core.o(.text.USBD_LL_DataInStage)
    [Anonymous Symbol]                       0x0800413c   Section        0  usbd_core.o(.text.USBD_LL_DataOutStage)
    [Anonymous Symbol]                       0x0800424c   Section        0  usbd_conf.o(.text.USBD_LL_GetRxDataSize)
    [Anonymous Symbol]                       0x0800426c   Section        0  usbd_conf.o(.text.USBD_LL_Init)
    [Anonymous Symbol]                       0x0800432c   Section        0  usbd_conf.o(.text.USBD_LL_IsStallEP)
    [Anonymous Symbol]                       0x08004388   Section        0  usbd_conf.o(.text.USBD_LL_OpenEP)
    [Anonymous Symbol]                       0x080043e4   Section        0  usbd_conf.o(.text.USBD_LL_PrepareReceive)
    [Anonymous Symbol]                       0x08004438   Section        0  usbd_core.o(.text.USBD_LL_Reset)
    [Anonymous Symbol]                       0x080044c8   Section        0  usbd_core.o(.text.USBD_LL_Resume)
    [Anonymous Symbol]                       0x080044ec   Section        0  usbd_core.o(.text.USBD_LL_SOF)
    [Anonymous Symbol]                       0x08004520   Section        0  usbd_core.o(.text.USBD_LL_SetSpeed)
    [Anonymous Symbol]                       0x08004538   Section        0  usbd_conf.o(.text.USBD_LL_SetUSBAddress)
    [Anonymous Symbol]                       0x08004578   Section        0  usbd_core.o(.text.USBD_LL_SetupStage)
    [Anonymous Symbol]                       0x080045fc   Section        0  usbd_conf.o(.text.USBD_LL_StallEP)
    [Anonymous Symbol]                       0x0800463c   Section        0  usbd_conf.o(.text.USBD_LL_Start)
    [Anonymous Symbol]                       0x08004670   Section        0  usbd_core.o(.text.USBD_LL_Suspend)
    [Anonymous Symbol]                       0x0800468c   Section        0  usbd_conf.o(.text.USBD_LL_Transmit)
    [Anonymous Symbol]                       0x080046e0   Section        0  usbd_ctlreq.o(.text.USBD_ParseSetupRequest)
    [Anonymous Symbol]                       0x08004724   Section        0  usbd_core.o(.text.USBD_RegisterClass)
    [Anonymous Symbol]                       0x08004758   Section        0  usbd_core.o(.text.USBD_RunTestMode)
    USBD_SetAddress                          0x08004765   Thumb Code   150  usbd_ctlreq.o(.text.USBD_SetAddress)
    [Anonymous Symbol]                       0x08004764   Section        0  usbd_ctlreq.o(.text.USBD_SetAddress)
    [Anonymous Symbol]                       0x080047fc   Section        0  usbd_core.o(.text.USBD_SetClassConfig)
    USBD_SetConfig                           0x08004849   Thumb Code   336  usbd_ctlreq.o(.text.USBD_SetConfig)
    [Anonymous Symbol]                       0x08004848   Section        0  usbd_ctlreq.o(.text.USBD_SetConfig)
    USBD_SetFeature                          0x08004999   Thumb Code    38  usbd_ctlreq.o(.text.USBD_SetFeature)
    [Anonymous Symbol]                       0x08004998   Section        0  usbd_ctlreq.o(.text.USBD_SetFeature)
    [Anonymous Symbol]                       0x080049c0   Section        0  usbd_core.o(.text.USBD_Start)
    [Anonymous Symbol]                       0x080049d8   Section        0  usbd_ctlreq.o(.text.USBD_StdDevReq)
    [Anonymous Symbol]                       0x08004a9c   Section        0  usbd_ctlreq.o(.text.USBD_StdEPReq)
    [Anonymous Symbol]                       0x08004e04   Section        0  usbd_ctlreq.o(.text.USBD_StdItfReq)
    [Anonymous Symbol]                       0x08004ea8   Section        0  usbd_conf.o(.text.USBD_static_free)
    [Anonymous Symbol]                       0x08004eb0   Section        0  usbd_conf.o(.text.USBD_static_malloc)
    [Anonymous Symbol]                       0x08004ec0   Section        0  stm32f3xx_ll_usb.o(.text.USB_ActivateEndpoint)
    [Anonymous Symbol]                       0x080054d8   Section        0  stm32f3xx_ll_usb.o(.text.USB_DeactivateEndpoint)
    [Anonymous Symbol]                       0x0800583c   Section        0  stm32f3xx_ll_usb.o(.text.USB_DevConnect)
    [Anonymous Symbol]                       0x08005848   Section        0  stm32f3xx_ll_usb.o(.text.USB_DevInit)
    [Anonymous Symbol]                       0x0800589c   Section        0  stm32f3xx_ll_usb.o(.text.USB_DisableGlobalInt)
    [Anonymous Symbol]                       0x080058bc   Section        0  stm32f3xx_ll_usb.o(.text.USB_EPClearStall)
    [Anonymous Symbol]                       0x08005a04   Section        0  stm32f3xx_ll_usb.o(.text.USB_EPSetStall)
    [Anonymous Symbol]                       0x08005a90   Section        0  stm32f3xx_ll_usb.o(.text.USB_EPStartXfer)
    [Anonymous Symbol]                       0x08006908   Section        0  stm32f3xx_ll_usb.o(.text.USB_EnableGlobalInt)
    [Anonymous Symbol]                       0x08006928   Section        0  stm32f3xx_it.o(.text.USB_LP_CAN_RX0_IRQHandler)
    [Anonymous Symbol]                       0x08006938   Section        0  stm32f3xx_ll_usb.o(.text.USB_ReadInterrupts)
    [Anonymous Symbol]                       0x0800694c   Section        0  stm32f3xx_ll_usb.o(.text.USB_ReadPMA)
    [Anonymous Symbol]                       0x080069e4   Section        0  stm32f3xx_ll_usb.o(.text.USB_SetDevAddress)
    [Anonymous Symbol]                       0x08006a08   Section        0  stm32f3xx_ll_usb.o(.text.USB_WritePMA)
    [Anonymous Symbol]                       0x08006a8c   Section        0  stm32f3xx_it.o(.text.UsageFault_Handler)
    __NVIC_EnableIRQ                         0x08006a91   Thumb Code    52  stm32f3xx_hal_cortex.o(.text.__NVIC_EnableIRQ)
    [Anonymous Symbol]                       0x08006a90   Section        0  stm32f3xx_hal_cortex.o(.text.__NVIC_EnableIRQ)
    __NVIC_GetPriorityGrouping               0x08006ac5   Thumb Code    16  stm32f3xx_hal_cortex.o(.text.__NVIC_GetPriorityGrouping)
    [Anonymous Symbol]                       0x08006ac4   Section        0  stm32f3xx_hal_cortex.o(.text.__NVIC_GetPriorityGrouping)
    __NVIC_SetPriority                       0x08006ad5   Thumb Code    68  usersysteminit.o(.text.__NVIC_SetPriority)
    [Anonymous Symbol]                       0x08006ad4   Section        0  usersysteminit.o(.text.__NVIC_SetPriority)
    __NVIC_SetPriority                       0x08006b19   Thumb Code    68  stm32f3xx_hal_cortex.o(.text.__NVIC_SetPriority)
    [Anonymous Symbol]                       0x08006b18   Section        0  stm32f3xx_hal_cortex.o(.text.__NVIC_SetPriority)
    __NVIC_SetPriorityGrouping               0x08006b5d   Thumb Code    60  stm32f3xx_hal_cortex.o(.text.__NVIC_SetPriorityGrouping)
    [Anonymous Symbol]                       0x08006b5c   Section        0  stm32f3xx_hal_cortex.o(.text.__NVIC_SetPriorityGrouping)
    [Anonymous Symbol]                       0x08006b98   Section        0  usersysteminit.o(.text.delay_ms)
    [Anonymous Symbol]                       0x08006bc0   Section        0  main.o(.text.main)
    i.__0sprintf                             0x08006c70   Section        0  printfa.o(i.__0sprintf)
    i.__scatterload_copy                     0x08006c98   Section       14  handlers.o(i.__scatterload_copy)
    i.__scatterload_null                     0x08006ca6   Section        2  handlers.o(i.__scatterload_null)
    i.__scatterload_zeroinit                 0x08006ca8   Section       14  handlers.o(i.__scatterload_zeroinit)
    _fp_digits                               0x08006cb9   Thumb Code   366  printfa.o(i._fp_digits)
    i._fp_digits                             0x08006cb8   Section        0  printfa.o(i._fp_digits)
    _printf_core                             0x08006e3d   Thumb Code  1744  printfa.o(i._printf_core)
    i._printf_core                           0x08006e3c   Section        0  printfa.o(i._printf_core)
    _printf_post_padding                     0x08007519   Thumb Code    36  printfa.o(i._printf_post_padding)
    i._printf_post_padding                   0x08007518   Section        0  printfa.o(i._printf_post_padding)
    _printf_pre_padding                      0x0800753d   Thumb Code    46  printfa.o(i._printf_pre_padding)
    i._printf_pre_padding                    0x0800753c   Section        0  printfa.o(i._printf_pre_padding)
    _sputc                                   0x0800756b   Thumb Code    10  printfa.o(i._sputc)
    i._sputc                                 0x0800756a   Section        0  printfa.o(i._sputc)
    .L.str                                   0x08007574   Data          38  main.o(.rodata.str1.1)
    [Anonymous Symbol]                       0x08007574   Section        0  main.o(.rodata.str1.1)
    .L.str.1                                 0x0800759a   Data          15  main.o(.rodata.str1.1)
    .L.str.3                                 0x080075a9   Data          14  usbd_desc.o(.rodata.str1.1)
    [Anonymous Symbol]                       0x080075a9   Section        0  usbd_desc.o(.rodata.str1.1)
    .L.str.2                                 0x080075b7   Data          11  usbd_desc.o(.rodata.str1.1)
    .L.str.1                                 0x080075c2   Data          19  usbd_desc.o(.rodata.str1.1)
    .L.str                                   0x080075d5   Data          22  usbd_desc.o(.rodata.str1.1)
    Debouncing_SW_LPF.debounce_value         0x20000000   Data           2  gpio_leds_buttons.o(.data.Debouncing_SW_LPF.debounce_value)
    [Anonymous Symbol]                       0x20000000   Section        0  gpio_leds_buttons.o(.data.Debouncing_SW_LPF.debounce_value)
    TIM1_CC_IRQHandler.p1                    0x20000028   Data           2  timers.o(.data.TIM1_CC_IRQHandler.p1)
    [Anonymous Symbol]                       0x20000028   Section        0  timers.o(.data.TIM1_CC_IRQHandler.p1)
    TIM1_CC_IRQHandler.p2                    0x2000002a   Data           2  timers.o(.data.TIM1_CC_IRQHandler.p2)
    [Anonymous Symbol]                       0x2000002a   Section        0  timers.o(.data.TIM1_CC_IRQHandler.p2)
    TIM1_CC_IRQHandler.p3                    0x2000002c   Data           2  timers.o(.data.TIM1_CC_IRQHandler.p3)
    [Anonymous Symbol]                       0x2000002c   Section        0  timers.o(.data.TIM1_CC_IRQHandler.p3)
    TIM1_UP_TIM16_IRQHandler.k               0x2000002e   Data           2  timers.o(.data.TIM1_UP_TIM16_IRQHandler.k)
    [Anonymous Symbol]                       0x2000002e   Section        0  timers.o(.data.TIM1_UP_TIM16_IRQHandler.k)
    USBD_CDC_DeviceQualifierDesc             0x200000f0   Data          10  usbd_cdc.o(.data.USBD_CDC_DeviceQualifierDesc)
    [Anonymous Symbol]                       0x200000f0   Section        0  usbd_cdc.o(.data.USBD_CDC_DeviceQualifierDesc)
    Debouncing_SW_LPF.button_pressed         0x20000194   Data           2  gpio_leds_buttons.o(.bss.Debouncing_SW_LPF.button_pressed)
    [Anonymous Symbol]                       0x20000194   Section        0  gpio_leds_buttons.o(.bss.Debouncing_SW_LPF.button_pressed)
    Debouncing_SW_LPF.button_unpressed       0x20000196   Data           2  gpio_leds_buttons.o(.bss.Debouncing_SW_LPF.button_unpressed)
    [Anonymous Symbol]                       0x20000196   Section        0  gpio_leds_buttons.o(.bss.Debouncing_SW_LPF.button_unpressed)
    Debouncing_SW_LPF.wait_for_next_press    0x20000198   Data           1  gpio_leds_buttons.o(.bss.Debouncing_SW_LPF.wait_for_next_press)
    [Anonymous Symbol]                       0x20000198   Section        0  gpio_leds_buttons.o(.bss.Debouncing_SW_LPF.wait_for_next_press)
    USBD_SetConfig.cfgidx                    0x200001ca   Data           1  usbd_ctlreq.o(.bss.USBD_SetConfig.cfgidx)
    [Anonymous Symbol]                       0x200001ca   Section        0  usbd_ctlreq.o(.bss.USBD_SetConfig.cfgidx)
    USBD_static_malloc.mem                   0x200003cc   Data         544  usbd_conf.o(.bss.USBD_static_malloc.mem)
    [Anonymous Symbol]                       0x200003cc   Section        0  usbd_conf.o(.bss.USBD_static_malloc.mem)
    STACK                                    0x200013d8   Section     1024  startup_stm32f303xc.o(STACK)

    Global Symbols

    Symbol Name                              Value     Ov Type        Size  Object(Section)

    BuildAttributes$$THM_ISAv4$E$P$D$K$B$S$7EM$VFPi3$EXTD16$VFPS$VFMA$PE$A:L22UL41UL21$X:L11$S22US41US21$IEEE1$IW$~IW$USESV6$~STKCKD$USESV7$~SHL$OSPACE$ROPI$EBA8$MICROLIB$REQ8$PRES8$EABIv2 0x00000000   Number         0  anon$$obj.o ABSOLUTE
    __cpp_initialize__aeabi_                  - Undefined Weak Reference
    __cxa_finalize                            - Undefined Weak Reference
    _clock_init                               - Undefined Weak Reference
    _microlib_exit                            - Undefined Weak Reference
    __Vectors_Size                           0x00000188   Number         0  startup_stm32f303xc.o ABSOLUTE
    __Vectors                                0x08000000   Data           4  startup_stm32f303xc.o(RESET)
    __Vectors_End                            0x08000188   Data           0  startup_stm32f303xc.o(RESET)
    __main                                   0x08000189   Thumb Code     0  entry.o(.ARM.Collect$$$$00000000)
    _main_stk                                0x08000189   Thumb Code     0  entry2.o(.ARM.Collect$$$$00000001)
    _main_scatterload                        0x0800018d   Thumb Code     0  entry5.o(.ARM.Collect$$$$00000004)
    __main_after_scatterload                 0x08000191   Thumb Code     0  entry5.o(.ARM.Collect$$$$00000004)
    _main_clock                              0x08000191   Thumb Code     0  entry7b.o(.ARM.Collect$$$$00000008)
    _main_cpp_init                           0x08000191   Thumb Code     0  entry8b.o(.ARM.Collect$$$$0000000A)
    _main_init                               0x08000191   Thumb Code     0  entry9a.o(.ARM.Collect$$$$0000000B)
    __rt_final_cpp                           0x08000199   Thumb Code     0  entry10a.o(.ARM.Collect$$$$0000000D)
    __rt_final_exit                          0x08000199   Thumb Code     0  entry11a.o(.ARM.Collect$$$$0000000F)
    Reset_Handler                            0x0800019d   Thumb Code     8  startup_stm32f303xc.o(.text)
    ADC3_IRQHandler                          0x080001b7   Thumb Code     0  startup_stm32f303xc.o(.text)
    ADC4_IRQHandler                          0x080001b7   Thumb Code     0  startup_stm32f303xc.o(.text)
    CAN_RX1_IRQHandler                       0x080001b7   Thumb Code     0  startup_stm32f303xc.o(.text)
    CAN_SCE_IRQHandler                       0x080001b7   Thumb Code     0  startup_stm32f303xc.o(.text)
    COMP1_2_3_IRQHandler                     0x080001b7   Thumb Code     0  startup_stm32f303xc.o(.text)
    COMP4_5_6_IRQHandler                     0x080001b7   Thumb Code     0  startup_stm32f303xc.o(.text)
    COMP7_IRQHandler                         0x080001b7   Thumb Code     0  startup_stm32f303xc.o(.text)
    DMA1_Channel1_IRQHandler                 0x080001b7   Thumb Code     0  startup_stm32f303xc.o(.text)
    DMA1_Channel2_IRQHandler                 0x080001b7   Thumb Code     0  startup_stm32f303xc.o(.text)
    DMA1_Channel3_IRQHandler                 0x080001b7   Thumb Code     0  startup_stm32f303xc.o(.text)
    DMA1_Channel4_IRQHandler                 0x080001b7   Thumb Code     0  startup_stm32f303xc.o(.text)
    DMA1_Channel5_IRQHandler                 0x080001b7   Thumb Code     0  startup_stm32f303xc.o(.text)
    DMA1_Channel6_IRQHandler                 0x080001b7   Thumb Code     0  startup_stm32f303xc.o(.text)
    DMA1_Channel7_IRQHandler                 0x080001b7   Thumb Code     0  startup_stm32f303xc.o(.text)
    DMA2_Channel1_IRQHandler                 0x080001b7   Thumb Code     0  startup_stm32f303xc.o(.text)
    DMA2_Channel2_IRQHandler                 0x080001b7   Thumb Code     0  startup_stm32f303xc.o(.text)
    DMA2_Channel3_IRQHandler                 0x080001b7   Thumb Code     0  startup_stm32f303xc.o(.text)
    DMA2_Channel4_IRQHandler                 0x080001b7   Thumb Code     0  startup_stm32f303xc.o(.text)
    DMA2_Channel5_IRQHandler                 0x080001b7   Thumb Code     0  startup_stm32f303xc.o(.text)
    EXTI15_10_IRQHandler                     0x080001b7   Thumb Code     0  startup_stm32f303xc.o(.text)
    EXTI1_IRQHandler                         0x080001b7   Thumb Code     0  startup_stm32f303xc.o(.text)
    EXTI2_TSC_IRQHandler                     0x080001b7   Thumb Code     0  startup_stm32f303xc.o(.text)
    EXTI3_IRQHandler                         0x080001b7   Thumb Code     0  startup_stm32f303xc.o(.text)
    EXTI4_IRQHandler                         0x080001b7   Thumb Code     0  startup_stm32f303xc.o(.text)
    EXTI9_5_IRQHandler                       0x080001b7   Thumb Code     0  startup_stm32f303xc.o(.text)
    FLASH_IRQHandler                         0x080001b7   Thumb Code     0  startup_stm32f303xc.o(.text)
    FPU_IRQHandler                           0x080001b7   Thumb Code     0  startup_stm32f303xc.o(.text)
    I2C1_ER_IRQHandler                       0x080001b7   Thumb Code     0  startup_stm32f303xc.o(.text)
    I2C1_EV_IRQHandler                       0x080001b7   Thumb Code     0  startup_stm32f303xc.o(.text)
    I2C2_ER_IRQHandler                       0x080001b7   Thumb Code     0  startup_stm32f303xc.o(.text)
    I2C2_EV_IRQHandler                       0x080001b7   Thumb Code     0  startup_stm32f303xc.o(.text)
    PVD_IRQHandler                           0x080001b7   Thumb Code     0  startup_stm32f303xc.o(.text)
    RCC_IRQHandler                           0x080001b7   Thumb Code     0  startup_stm32f303xc.o(.text)
    RTC_Alarm_IRQHandler                     0x080001b7   Thumb Code     0  startup_stm32f303xc.o(.text)
    RTC_WKUP_IRQHandler                      0x080001b7   Thumb Code     0  startup_stm32f303xc.o(.text)
    SPI1_IRQHandler                          0x080001b7   Thumb Code     0  startup_stm32f303xc.o(.text)
    SPI2_IRQHandler                          0x080001b7   Thumb Code     0  startup_stm32f303xc.o(.text)
    SPI3_IRQHandler                          0x080001b7   Thumb Code     0  startup_stm32f303xc.o(.text)
    TAMP_STAMP_IRQHandler                    0x080001b7   Thumb Code     0  startup_stm32f303xc.o(.text)
    TIM1_BRK_TIM15_IRQHandler                0x080001b7   Thumb Code     0  startup_stm32f303xc.o(.text)
    TIM1_TRG_COM_TIM17_IRQHandler            0x080001b7   Thumb Code     0  startup_stm32f303xc.o(.text)
    TIM2_IRQHandler                          0x080001b7   Thumb Code     0  startup_stm32f303xc.o(.text)
    TIM3_IRQHandler                          0x080001b7   Thumb Code     0  startup_stm32f303xc.o(.text)
    TIM4_IRQHandler                          0x080001b7   Thumb Code     0  startup_stm32f303xc.o(.text)
    TIM6_DAC_IRQHandler                      0x080001b7   Thumb Code     0  startup_stm32f303xc.o(.text)
    TIM8_BRK_IRQHandler                      0x080001b7   Thumb Code     0  startup_stm32f303xc.o(.text)
    TIM8_CC_IRQHandler                       0x080001b7   Thumb Code     0  startup_stm32f303xc.o(.text)
    TIM8_TRG_COM_IRQHandler                  0x080001b7   Thumb Code     0  startup_stm32f303xc.o(.text)
    TIM8_UP_IRQHandler                       0x080001b7   Thumb Code     0  startup_stm32f303xc.o(.text)
    UART5_IRQHandler                         0x080001b7   Thumb Code     0  startup_stm32f303xc.o(.text)
    USART1_IRQHandler                        0x080001b7   Thumb Code     0  startup_stm32f303xc.o(.text)
    USART2_IRQHandler                        0x080001b7   Thumb Code     0  startup_stm32f303xc.o(.text)
    USART3_IRQHandler                        0x080001b7   Thumb Code     0  startup_stm32f303xc.o(.text)
    USBWakeUp_IRQHandler                     0x080001b7   Thumb Code     0  startup_stm32f303xc.o(.text)
    USBWakeUp_RMP_IRQHandler                 0x080001b7   Thumb Code     0  startup_stm32f303xc.o(.text)
    USB_HP_CAN_TX_IRQHandler                 0x080001b7   Thumb Code     0  startup_stm32f303xc.o(.text)
    USB_HP_IRQHandler                        0x080001b7   Thumb Code     0  startup_stm32f303xc.o(.text)
    USB_LP_IRQHandler                        0x080001b7   Thumb Code     0  startup_stm32f303xc.o(.text)
    WWDG_IRQHandler                          0x080001b7   Thumb Code     0  startup_stm32f303xc.o(.text)
    __aeabi_uldivmod                         0x080001c1   Thumb Code    98  uldiv.o(.text)
    strlcpy                                  0x08000223   Thumb Code    48  strlcpy.o(.text)
    __aeabi_uidiv                            0x08000253   Thumb Code     0  uidiv.o(.text)
    __aeabi_uidivmod                         0x08000253   Thumb Code    44  uidiv.o(.text)
    __aeabi_llsl                             0x0800027f   Thumb Code    30  llshl.o(.text)
    _ll_shift_l                              0x0800027f   Thumb Code     0  llshl.o(.text)
    __aeabi_llsr                             0x0800029d   Thumb Code    32  llushr.o(.text)
    _ll_ushift_r                             0x0800029d   Thumb Code     0  llushr.o(.text)
    __I$use$fp                               0x080002bd   Thumb Code     0  iusefp.o(.text)
    __aeabi_dadd                             0x080002bd   Thumb Code   322  dadd.o(.text)
    __aeabi_dsub                             0x080003ff   Thumb Code     6  dadd.o(.text)
    __aeabi_drsub                            0x08000405   Thumb Code     6  dadd.o(.text)
    __aeabi_dmul                             0x0800040b   Thumb Code   228  dmul.o(.text)
    __aeabi_ddiv                             0x080004ef   Thumb Code   222  ddiv.o(.text)
    __aeabi_d2ulz                            0x080005cd   Thumb Code    48  dfixul.o(.text)
    __aeabi_cdrcmple                         0x080005fd   Thumb Code    48  cdrcmple.o(.text)
    __scatterload                            0x0800062d   Thumb Code    28  init.o(.text)
    __scatterload_rt2                        0x0800062d   Thumb Code     0  init.o(.text)
    __aeabi_lasr                             0x08000651   Thumb Code    36  llsshr.o(.text)
    _ll_sshift_r                             0x08000651   Thumb Code     0  llsshr.o(.text)
    _double_round                            0x08000675   Thumb Code    30  depilogue.o(.text)
    _double_epilogue                         0x08000693   Thumb Code   156  depilogue.o(.text)
    __decompress                             0x0800072f   Thumb Code     0  __dczerorl2.o(.text)
    __decompress1                            0x0800072f   Thumb Code    86  __dczerorl2.o(.text)
    ADC1_2_IRQHandler                        0x08000785   Thumb Code    38  adc_dma.o(.text.ADC1_2_IRQHandler)
    BusFault_Handler                         0x080007ad   Thumb Code     4  stm32f3xx_it.o(.text.BusFault_Handler)
    CDC_Transmit_FS                          0x080008d1   Thumb Code   104  usbd_cdc_if.o(.text.CDC_Transmit_FS)
    Debouncing_SW_LPF                        0x08000939   Thumb Code   222  gpio_leds_buttons.o(.text.Debouncing_SW_LPF)
    DebugMon_Handler                         0x08000a19   Thumb Code     2  stm32f3xx_it.o(.text.DebugMon_Handler)
    EXTI0_IRQHandler                         0x08000a1d   Thumb Code   172  exti.o(.text.EXTI0_IRQHandler)
    Error_Handler                            0x08000ac9   Thumb Code     2  main.o(.text.Error_Handler)
    GPIO_Init                                0x08000acd   Thumb Code    70  usersysteminit.o(.text.GPIO_Init)
    HAL_GPIO_Init                            0x08000b79   Thumb Code   858  stm32f3xx_hal_gpio.o(.text.HAL_GPIO_Init)
    HAL_Init                                 0x08000ed5   Thumb Code    46  stm32f3xx_hal.o(.text.HAL_Init)
    HAL_InitTick                             0x08000f05   Thumb Code   114  stm32f3xx_hal.o(.text.HAL_InitTick)
    HAL_MspInit                              0x08000f79   Thumb Code    74  stm32f3xx_hal_msp.o(.text.HAL_MspInit)
    HAL_NVIC_EnableIRQ                       0x08000fc5   Thumb Code    24  stm32f3xx_hal_cortex.o(.text.HAL_NVIC_EnableIRQ)
    HAL_NVIC_SetPriority                     0x08000fdd   Thumb Code    64  stm32f3xx_hal_cortex.o(.text.HAL_NVIC_SetPriority)
    HAL_NVIC_SetPriorityGrouping             0x0800101d   Thumb Code    16  stm32f3xx_hal_cortex.o(.text.HAL_NVIC_SetPriorityGrouping)
    HAL_PCDEx_PMAConfig                      0x0800102d   Thumb Code   126  stm32f3xx_hal_pcd_ex.o(.text.HAL_PCDEx_PMAConfig)
    HAL_PCDEx_SetConnectionState             0x080010ad   Thumb Code    28  usbd_conf.o(.text.HAL_PCDEx_SetConnectionState)
    HAL_PCD_DataInStageCallback              0x080010c9   Thumb Code    52  usbd_conf.o(.text.HAL_PCD_DataInStageCallback)
    HAL_PCD_DataOutStageCallback             0x080010fd   Thumb Code    54  usbd_conf.o(.text.HAL_PCD_DataOutStageCallback)
    HAL_PCD_EP_Close                         0x08001135   Thumb Code   166  stm32f3xx_hal_pcd.o(.text.HAL_PCD_EP_Close)
    HAL_PCD_EP_ClrStall                      0x080011dd   Thumb Code   198  stm32f3xx_hal_pcd.o(.text.HAL_PCD_EP_ClrStall)
    HAL_PCD_EP_GetRxCount                    0x080019f5   Thumb Code    34  stm32f3xx_hal_pcd.o(.text.HAL_PCD_EP_GetRxCount)
    HAL_PCD_EP_Open                          0x08001a19   Thumb Code   238  stm32f3xx_hal_pcd.o(.text.HAL_PCD_EP_Open)
    HAL_PCD_EP_Receive                       0x08001b09   Thumb Code   114  stm32f3xx_hal_pcd.o(.text.HAL_PCD_EP_Receive)
    HAL_PCD_EP_SetStall                      0x08001b7d   Thumb Code   194  stm32f3xx_hal_pcd.o(.text.HAL_PCD_EP_SetStall)
    HAL_PCD_EP_Transmit                      0x08001c41   Thumb Code   126  stm32f3xx_hal_pcd.o(.text.HAL_PCD_EP_Transmit)
    HAL_PCD_IRQHandler                       0x08001cc1   Thumb Code   368  stm32f3xx_hal_pcd.o(.text.HAL_PCD_IRQHandler)
    HAL_PCD_Init                             0x08001e31   Thumb Code   402  stm32f3xx_hal_pcd.o(.text.HAL_PCD_Init)
    HAL_PCD_MspInit                          0x08001fc5   Thumb Code   154  usbd_conf.o(.text.HAL_PCD_MspInit)
    HAL_PCD_ResetCallback                    0x08002061   Thumb Code    60  usbd_conf.o(.text.HAL_PCD_ResetCallback)
    HAL_PCD_ResumeCallback                   0x0800209d   Thumb Code    20  usbd_conf.o(.text.HAL_PCD_ResumeCallback)
    HAL_PCD_SOFCallback                      0x080020b1   Thumb Code    20  usbd_conf.o(.text.HAL_PCD_SOFCallback)
    HAL_PCD_SetAddress                       0x080020c5   Thumb Code    96  stm32f3xx_hal_pcd.o(.text.HAL_PCD_SetAddress)
    HAL_PCD_SetupStageCallback               0x08002125   Thumb Code    30  usbd_conf.o(.text.HAL_PCD_SetupStageCallback)
    HAL_PCD_Start                            0x08002145   Thumb Code    98  stm32f3xx_hal_pcd.o(.text.HAL_PCD_Start)
    HAL_PCD_SuspendCallback                  0x080021a9   Thumb Code    48  usbd_conf.o(.text.HAL_PCD_SuspendCallback)
    HAL_SYSTICK_Config                       0x080021d9   Thumb Code    16  stm32f3xx_hal_cortex.o(.text.HAL_SYSTICK_Config)
    HSE_with_PLL                             0x080021e9   Thumb Code   252  usersysteminit.o(.text.HSE_with_PLL)
    HardFault_Handler                        0x080022e5   Thumb Code     4  stm32f3xx_it.o(.text.HardFault_Handler)
    MX_USB_DEVICE_Init                       0x08002361   Thumb Code   126  usb_device.o(.text.MX_USB_DEVICE_Init)
    MemManage_Handler                        0x080023e1   Thumb Code     4  stm32f3xx_it.o(.text.MemManage_Handler)
    NMI_Handler                              0x080023e5   Thumb Code     2  stm32f3xx_it.o(.text.NMI_Handler)
    PendSV_Handler                           0x08002a3d   Thumb Code     2  stm32f3xx_it.o(.text.PendSV_Handler)
    SVC_Handler                              0x08002a41   Thumb Code     2  stm32f3xx_it.o(.text.SVC_Handler)
    SysTick_Handler                          0x08002aed   Thumb Code    34  usersysteminit.o(.text.SysTick_Handler)
    SystemInit                               0x08002b11   Thumb Code   150  system_stm32f3xx_1.o(.text.SystemInit)
    TIM1_CC_IRQHandler                       0x08002ba9   Thumb Code   582  timers.o(.text.TIM1_CC_IRQHandler)
    TIM1_UP_TIM16_IRQHandler                 0x08002df1   Thumb Code   350  timers.o(.text.TIM1_UP_TIM16_IRQHandler)
    TIM7_IRQHandler                          0x08002f51   Thumb Code   106  timers.o(.text.TIM7_IRQHandler)
    UART4_GetChar                            0x08002fbd   Thumb Code    36  uart.o(.text.UART4_GetChar)
    UART4_IRQHandler                         0x08002fe1   Thumb Code    12  uart.o(.text.UART4_IRQHandler)
    UART4_SendChar                           0x08002fed   Thumb Code    48  uart.o(.text.UART4_SendChar)
    USBD_CDC_GetDeviceQualifierDescriptor    0x0800320d   Thumb Code    22  usbd_cdc.o(.text.USBD_CDC_GetDeviceQualifierDescriptor)
    USBD_CDC_ReceivePacket                   0x08003385   Thumb Code    98  usbd_cdc.o(.text.USBD_CDC_ReceivePacket)
    USBD_CDC_RegisterInterface               0x080033e9   Thumb Code    44  usbd_cdc.o(.text.USBD_CDC_RegisterInterface)
    USBD_CDC_SetRxBuffer                     0x08003415   Thumb Code    28  usbd_cdc.o(.text.USBD_CDC_SetRxBuffer)
    USBD_CDC_SetTxBuffer                     0x08003431   Thumb Code    44  usbd_cdc.o(.text.USBD_CDC_SetTxBuffer)
    USBD_CDC_TransmitPacket                  0x080035dd   Thumb Code   106  usbd_cdc.o(.text.USBD_CDC_TransmitPacket)
    USBD_ClrClassConfig                      0x08003649   Thumb Code    44  usbd_core.o(.text.USBD_ClrClassConfig)
    USBD_CtlContinueRx                       0x080036b5   Thumb Code    56  usbd_ioreq.o(.text.USBD_CtlContinueRx)
    USBD_CtlContinueSendData                 0x080036ed   Thumb Code    56  usbd_ioreq.o(.text.USBD_CtlContinueSendData)
    USBD_CtlError                            0x08003725   Thumb Code    34  usbd_ctlreq.o(.text.USBD_CtlError)
    USBD_CtlPrepareRx                        0x08003749   Thumb Code    84  usbd_ioreq.o(.text.USBD_CtlPrepareRx)
    USBD_CtlReceiveStatus                    0x0800379d   Thumb Code    38  usbd_ioreq.o(.text.USBD_CtlReceiveStatus)
    USBD_CtlSendData                         0x080037c5   Thumb Code    80  usbd_ioreq.o(.text.USBD_CtlSendData)
    USBD_CtlSendStatus                       0x08003815   Thumb Code    38  usbd_ioreq.o(.text.USBD_CtlSendStatus)
    USBD_FS_ConfigStrDescriptor              0x0800383d   Thumb Code    82  usbd_desc.o(.text.USBD_FS_ConfigStrDescriptor)
    USBD_FS_DeviceDescriptor                 0x08003891   Thumb Code    28  usbd_desc.o(.text.USBD_FS_DeviceDescriptor)
    USBD_FS_InterfaceStrDescriptor           0x080038ad   Thumb Code    82  usbd_desc.o(.text.USBD_FS_InterfaceStrDescriptor)
    USBD_FS_LangIDStrDescriptor              0x08003901   Thumb Code    28  usbd_desc.o(.text.USBD_FS_LangIDStrDescriptor)
    USBD_FS_ManufacturerStrDescriptor        0x0800391d   Thumb Code    56  usbd_desc.o(.text.USBD_FS_ManufacturerStrDescriptor)
    USBD_FS_ProductStrDescriptor             0x08003955   Thumb Code    82  usbd_desc.o(.text.USBD_FS_ProductStrDescriptor)
    USBD_FS_SerialStrDescriptor              0x080039a9   Thumb Code    36  usbd_desc.o(.text.USBD_FS_SerialStrDescriptor)
    USBD_GetString                           0x08003df9   Thumb Code   132  usbd_ctlreq.o(.text.USBD_GetString)
    USBD_Init                                0x08003ed1   Thumb Code   108  usbd_core.o(.text.USBD_Init)
    USBD_LL_ClearStallEP                     0x08003f3d   Thumb Code    62  usbd_conf.o(.text.USBD_LL_ClearStallEP)
    USBD_LL_CloseEP                          0x08003f7d   Thumb Code    62  usbd_conf.o(.text.USBD_LL_CloseEP)
    USBD_LL_DataInStage                      0x08003fbd   Thumb Code   384  usbd_core.o(.text.USBD_LL_DataInStage)
    USBD_LL_DataOutStage                     0x0800413d   Thumb Code   270  usbd_core.o(.text.USBD_LL_DataOutStage)
    USBD_LL_GetRxDataSize                    0x0800424d   Thumb Code    32  usbd_conf.o(.text.USBD_LL_GetRxDataSize)
    USBD_LL_Init                             0x0800426d   Thumb Code   190  usbd_conf.o(.text.USBD_LL_Init)
    USBD_LL_IsStallEP                        0x0800432d   Thumb Code    90  usbd_conf.o(.text.USBD_LL_IsStallEP)
    USBD_LL_OpenEP                           0x08004389   Thumb Code    90  usbd_conf.o(.text.USBD_LL_OpenEP)
    USBD_LL_PrepareReceive                   0x080043e5   Thumb Code    82  usbd_conf.o(.text.USBD_LL_PrepareReceive)
    USBD_LL_Reset                            0x08004439   Thumb Code   144  usbd_core.o(.text.USBD_LL_Reset)
    USBD_LL_Resume                           0x080044c9   Thumb Code    34  usbd_core.o(.text.USBD_LL_Resume)
    USBD_LL_SOF                              0x080044ed   Thumb Code    52  usbd_core.o(.text.USBD_LL_SOF)
    USBD_LL_SetSpeed                         0x08004521   Thumb Code    24  usbd_core.o(.text.USBD_LL_SetSpeed)
    USBD_LL_SetUSBAddress                    0x08004539   Thumb Code    62  usbd_conf.o(.text.USBD_LL_SetUSBAddress)
    USBD_LL_SetupStage                       0x08004579   Thumb Code   132  usbd_core.o(.text.USBD_LL_SetupStage)
    USBD_LL_StallEP                          0x080045fd   Thumb Code    62  usbd_conf.o(.text.USBD_LL_StallEP)
    USBD_LL_Start                            0x0800463d   Thumb Code    50  usbd_conf.o(.text.USBD_LL_Start)
    USBD_LL_Suspend                          0x08004671   Thumb Code    28  usbd_core.o(.text.USBD_LL_Suspend)
    USBD_LL_Transmit                         0x0800468d   Thumb Code    82  usbd_conf.o(.text.USBD_LL_Transmit)
    USBD_ParseSetupRequest                   0x080046e1   Thumb Code    68  usbd_ctlreq.o(.text.USBD_ParseSetupRequest)
    USBD_RegisterClass                       0x08004725   Thumb Code    52  usbd_core.o(.text.USBD_RegisterClass)
    USBD_RunTestMode                         0x08004759   Thumb Code    10  usbd_core.o(.text.USBD_RunTestMode)
    USBD_SetClassConfig                      0x080047fd   Thumb Code    74  usbd_core.o(.text.USBD_SetClassConfig)
    USBD_Start                               0x080049c1   Thumb Code    22  usbd_core.o(.text.USBD_Start)
    USBD_StdDevReq                           0x080049d9   Thumb Code   196  usbd_ctlreq.o(.text.USBD_StdDevReq)
    USBD_StdEPReq                            0x08004a9d   Thumb Code   872  usbd_ctlreq.o(.text.USBD_StdEPReq)
    USBD_StdItfReq                           0x08004e05   Thumb Code   164  usbd_ctlreq.o(.text.USBD_StdItfReq)
    USBD_static_free                         0x08004ea9   Thumb Code     8  usbd_conf.o(.text.USBD_static_free)
    USBD_static_malloc                       0x08004eb1   Thumb Code    16  usbd_conf.o(.text.USBD_static_malloc)
    USB_ActivateEndpoint                     0x08004ec1   Thumb Code  1560  stm32f3xx_ll_usb.o(.text.USB_ActivateEndpoint)
    USB_DeactivateEndpoint                   0x080054d9   Thumb Code   866  stm32f3xx_ll_usb.o(.text.USB_DeactivateEndpoint)
    USB_DevConnect                           0x0800583d   Thumb Code    10  stm32f3xx_ll_usb.o(.text.USB_DevConnect)
    USB_DevInit                              0x08005849   Thumb Code    84  stm32f3xx_ll_usb.o(.text.USB_DevInit)
    USB_DisableGlobalInt                     0x0800589d   Thumb Code    32  stm32f3xx_ll_usb.o(.text.USB_DisableGlobalInt)
    USB_EPClearStall                         0x080058bd   Thumb Code   328  stm32f3xx_ll_usb.o(.text.USB_EPClearStall)
    USB_EPSetStall                           0x08005a05   Thumb Code   138  stm32f3xx_ll_usb.o(.text.USB_EPSetStall)
    USB_EPStartXfer                          0x08005a91   Thumb Code  3704  stm32f3xx_ll_usb.o(.text.USB_EPStartXfer)
    USB_EnableGlobalInt                      0x08006909   Thumb Code    32  stm32f3xx_ll_usb.o(.text.USB_EnableGlobalInt)
    USB_LP_CAN_RX0_IRQHandler                0x08006929   Thumb Code    16  stm32f3xx_it.o(.text.USB_LP_CAN_RX0_IRQHandler)
    USB_ReadInterrupts                       0x08006939   Thumb Code    18  stm32f3xx_ll_usb.o(.text.USB_ReadInterrupts)
    USB_ReadPMA                              0x0800694d   Thumb Code   150  stm32f3xx_ll_usb.o(.text.USB_ReadPMA)
    USB_SetDevAddress                        0x080069e5   Thumb Code    36  stm32f3xx_ll_usb.o(.text.USB_SetDevAddress)
    USB_WritePMA                             0x08006a09   Thumb Code   132  stm32f3xx_ll_usb.o(.text.USB_WritePMA)
    UsageFault_Handler                       0x08006a8d   Thumb Code     4  stm32f3xx_it.o(.text.UsageFault_Handler)
    delay_ms                                 0x08006b99   Thumb Code    40  usersysteminit.o(.text.delay_ms)
    main                                     0x08006bc1   Thumb Code   176  main.o(.text.main)
    __0sprintf                               0x08006c71   Thumb Code    34  printfa.o(i.__0sprintf)
    __1sprintf                               0x08006c71   Thumb Code     0  printfa.o(i.__0sprintf)
    __2sprintf                               0x08006c71   Thumb Code     0  printfa.o(i.__0sprintf)
    __c89sprintf                             0x08006c71   Thumb Code     0  printfa.o(i.__0sprintf)
    sprintf                                  0x08006c71   Thumb Code     0  printfa.o(i.__0sprintf)
    __scatterload_copy                       0x08006c99   Thumb Code    14  handlers.o(i.__scatterload_copy)
    __scatterload_null                       0x08006ca7   Thumb Code     2  handlers.o(i.__scatterload_null)
    __scatterload_zeroinit                   0x08006ca9   Thumb Code    14  handlers.o(i.__scatterload_zeroinit)
    Region$$Table$$Base                      0x080075ec   Number         0  anon$$obj.o(Region$$Table)
    Region$$Table$$Limit                     0x0800760c   Number         0  anon$$obj.o(Region$$Table)
    FS_Desc                                  0x20000004   Data          28  usbd_desc.o(.data.FS_Desc)
    PWM_ARR_value                            0x20000020   Data           2  main.o(.data.PWM_ARR_value)
    SizeOfDataToReciveUART4                  0x20000022   Data           1  main.o(.data.SizeOfDataToReciveUART4)
    SystemCoreClock                          0x20000024   Data           4  system_stm32f3xx_1.o(.data.SystemCoreClock)
    USBD_CDC                                 0x20000030   Data          56  usbd_cdc.o(.data.USBD_CDC)
    USBD_CDC_CfgFSDesc                       0x20000068   Data          67  usbd_cdc.o(.data.USBD_CDC_CfgFSDesc)
    USBD_CDC_CfgHSDesc                       0x200000ac   Data          67  usbd_cdc.o(.data.USBD_CDC_CfgHSDesc)
    USBD_CDC_OtherSpeedCfgDesc               0x200000fc   Data          67  usbd_cdc.o(.data.USBD_CDC_OtherSpeedCfgDesc)
    USBD_FS_DeviceDesc                       0x20000140   Data          18  usbd_desc.o(.data.USBD_FS_DeviceDesc)
    USBD_Interface_fops_FS                   0x20000154   Data          16  usbd_cdc_if.o(.data.USBD_Interface_fops_FS)
    USBD_LangIDDesc                          0x20000164   Data           4  usbd_desc.o(.data.USBD_LangIDDesc)
    USBD_StringSerial                        0x20000168   Data          26  usbd_desc.o(.data.USBD_StringSerial)
    pWiadomosc                               0x20000184   Data           4  main.o(.data.pWiadomosc)
    uwTickFreq                               0x20000188   Data           1  stm32f3xx_hal.o(.data.uwTickFreq)
    uwTickPrio                               0x2000018c   Data           4  stm32f3xx_hal.o(.data.uwTickPrio)
    ADC2_Raw_value                           0x20000190   Data           4  main.o(.bss.ADC2_Raw_value)
    DlugoscWiadomosci                        0x20000199   Data           1  main.o(.bss.DlugoscWiadomosci)
    EXTI0_flag                               0x2000019a   Data           1  main.o(.bss.EXTI0_flag)
    FirstRun_GPIO_Init                       0x2000019b   Data           1  main.o(.bss.FirstRun_GPIO_Init)
    OdebranaWiadomosc                        0x2000019c   Data          40  main.o(.bss.OdebranaWiadomosc)
    PWM_status_ON                            0x200001c4   Data           1  main.o(.bss.PWM_status_ON)
    PWM_temp                                 0x200001c6   Data           2  main.o(.bss.PWM_temp)
    ReceivedDataFlag                         0x200001c8   Data           1  main.o(.bss.ReceivedDataFlag)
    SizeOfDataToSendUART4                    0x200001c9   Data           1  main.o(.bss.SizeOfDataToSendUART4)
    USBD_StrDesc                             0x200001cc   Data         512  usbd_desc.o(.bss.USBD_StrDesc)
    UserRxBufferFS                           0x200005ec   Data        1000  usbd_cdc_if.o(.bss.UserRxBufferFS)
    UserTxBufferFS                           0x200009d4   Data        1000  usbd_cdc_if.o(.bss.UserTxBufferFS)
    Wiadomosc                                0x20000dbc   Data          40  main.o(.bss.Wiadomosc)
    hUsbDeviceFS                             0x20000de4   Data         708  usb_device.o(.bss.hUsbDeviceFS)
    hpcd_USB_FS                              0x200010a8   Data         812  usbd_conf.o(.bss.hpcd_USB_FS)
    timer_ms                                 0x200013d4   Data           4  main.o(.bss.timer_ms)
    __initial_sp                             0x200017d8   Data           0  startup_stm32f303xc.o(STACK)



==============================================================================

Memory Map of the image

  Image Entry point : 0x0800019d

  Load Region LR_1 (Base: 0x08000000, Size: 0x0000779c, Max: 0xffffffff, ABSOLUTE, COMPRESSED[0x000076dc])

    Execution Region ER_RO (Exec base: 0x08000000, Load base: 0x08000000, Size: 0x0000760c, Max: 0xffffffff, ABSOLUTE)

    Exec Addr    Load Addr    Size         Type   Attr      Idx    E Section Name        Object

    0x08000000   0x08000000   0x00000188   Data   RO         1410    RESET               startup_stm32f303xc.o
    0x08000188   0x08000188   0x00000000   Code   RO         1431  * .ARM.Collect$$$$00000000  mc_w.l(entry.o)
    0x08000188   0x08000188   0x00000004   Code   RO         1470    .ARM.Collect$$$$00000001  mc_w.l(entry2.o)
    0x0800018c   0x0800018c   0x00000004   Code   RO         1473    .ARM.Collect$$$$00000004  mc_w.l(entry5.o)
    0x08000190   0x08000190   0x00000000   Code   RO         1475    .ARM.Collect$$$$00000008  mc_w.l(entry7b.o)
    0x08000190   0x08000190   0x00000000   Code   RO         1477    .ARM.Collect$$$$0000000A  mc_w.l(entry8b.o)
    0x08000190   0x08000190   0x00000008   Code   RO         1478    .ARM.Collect$$$$0000000B  mc_w.l(entry9a.o)
    0x08000198   0x08000198   0x00000000   Code   RO         1480    .ARM.Collect$$$$0000000D  mc_w.l(entry10a.o)
    0x08000198   0x08000198   0x00000000   Code   RO         1482    .ARM.Collect$$$$0000000F  mc_w.l(entry11a.o)
    0x08000198   0x08000198   0x00000004   Code   RO         1471    .ARM.Collect$$$$00002712  mc_w.l(entry2.o)
    0x0800019c   0x0800019c   0x00000024   Code   RO         1411  * .text               startup_stm32f303xc.o
    0x080001c0   0x080001c0   0x00000062   Code   RO         1434    .text               mc_w.l(uldiv.o)
    0x08000222   0x08000222   0x00000030   Code   RO         1438    .text               mc_w.l(strlcpy.o)
    0x08000252   0x08000252   0x0000002c   Code   RO         1498    .text               mc_w.l(uidiv.o)
    0x0800027e   0x0800027e   0x0000001e   Code   RO         1500    .text               mc_w.l(llshl.o)
    0x0800029c   0x0800029c   0x00000020   Code   RO         1502    .text               mc_w.l(llushr.o)
    0x080002bc   0x080002bc   0x00000000   Code   RO         1504    .text               mc_w.l(iusefp.o)
    0x080002bc   0x080002bc   0x0000014e   Code   RO         1505    .text               mf_w.l(dadd.o)
    0x0800040a   0x0800040a   0x000000e4   Code   RO         1507    .text               mf_w.l(dmul.o)
    0x080004ee   0x080004ee   0x000000de   Code   RO         1509    .text               mf_w.l(ddiv.o)
    0x080005cc   0x080005cc   0x00000030   Code   RO         1511    .text               mf_w.l(dfixul.o)
    0x080005fc   0x080005fc   0x00000030   Code   RO         1513    .text               mf_w.l(cdrcmple.o)
    0x0800062c   0x0800062c   0x00000024   Code   RO         1515    .text               mc_w.l(init.o)
    0x08000650   0x08000650   0x00000024   Code   RO         1518    .text               mc_w.l(llsshr.o)
    0x08000674   0x08000674   0x000000ba   Code   RO         1521    .text               mf_w.l(depilogue.o)
    0x0800072e   0x0800072e   0x00000056   Code   RO         1531    .text               mc_w.l(__dczerorl2.o)
    0x08000784   0x08000784   0x00000026   Code   RO          160    .text.ADC1_2_IRQHandler  adc_dma.o
    0x080007aa   0x080007aa   0x00000002   PAD
    0x080007ac   0x080007ac   0x00000004   Code   RO         1064    .text.BusFault_Handler  stm32f3xx_it.o
    0x080007b0   0x080007b0   0x00000060   Code   RO         1185    .text.CDC_Control_FS  usbd_cdc_if.o
    0x08000810   0x08000810   0x00000004   Code   RO         1183    .text.CDC_DeInit_FS  usbd_cdc_if.o
    0x08000814   0x08000814   0x0000003a   Code   RO         1181    .text.CDC_Init_FS   usbd_cdc_if.o
    0x0800084e   0x0800084e   0x00000002   PAD
    0x08000850   0x08000850   0x00000080   Code   RO         1187    .text.CDC_Receive_FS  usbd_cdc_if.o
    0x080008d0   0x080008d0   0x00000068   Code   RO         1189    .text.CDC_Transmit_FS  usbd_cdc_if.o
    0x08000938   0x08000938   0x000000de   Code   RO          139    .text.Debouncing_SW_LPF  gpio_leds_buttons.o
    0x08000a16   0x08000a16   0x00000002   PAD
    0x08000a18   0x08000a18   0x00000002   Code   RO         1070    .text.DebugMon_Handler  stm32f3xx_it.o
    0x08000a1a   0x08000a1a   0x00000002   PAD
    0x08000a1c   0x08000a1c   0x000000ac   Code   RO          122    .text.EXTI0_IRQHandler  exti.o
    0x08000ac8   0x08000ac8   0x00000002   Code   RO            4    .text.Error_Handler  main.o
    0x08000aca   0x08000aca   0x00000002   PAD
    0x08000acc   0x08000acc   0x00000046   Code   RO           58    .text.GPIO_Init     usersysteminit.o
    0x08000b12   0x08000b12   0x00000002   PAD
    0x08000b14   0x08000b14   0x00000062   Code   RO         1371    .text.Get_SerialNum  usbd_desc.o
    0x08000b76   0x08000b76   0x00000002   PAD
    0x08000b78   0x08000b78   0x0000035a   Code   RO          510    .text.HAL_GPIO_Init  stm32f3xx_hal_gpio.o
    0x08000ed2   0x08000ed2   0x00000002   PAD
    0x08000ed4   0x08000ed4   0x0000002e   Code   RO          244    .text.HAL_Init      stm32f3xx_hal.o
    0x08000f02   0x08000f02   0x00000002   PAD
    0x08000f04   0x08000f04   0x00000072   Code   RO          246    .text.HAL_InitTick  stm32f3xx_hal.o
    0x08000f76   0x08000f76   0x00000002   PAD
    0x08000f78   0x08000f78   0x0000004a   Code   RO          717    .text.HAL_MspInit   stm32f3xx_hal_msp.o
    0x08000fc2   0x08000fc2   0x00000002   PAD
    0x08000fc4   0x08000fc4   0x00000018   Code   RO          316    .text.HAL_NVIC_EnableIRQ  stm32f3xx_hal_cortex.o
    0x08000fdc   0x08000fdc   0x00000040   Code   RO          308    .text.HAL_NVIC_SetPriority  stm32f3xx_hal_cortex.o
    0x0800101c   0x0800101c   0x00000010   Code   RO          304    .text.HAL_NVIC_SetPriorityGrouping  stm32f3xx_hal_cortex.o
    0x0800102c   0x0800102c   0x0000007e   Code   RO          813    .text.HAL_PCDEx_PMAConfig  stm32f3xx_hal_pcd_ex.o
    0x080010aa   0x080010aa   0x00000002   PAD
    0x080010ac   0x080010ac   0x0000001c   Code   RO         1263    .text.HAL_PCDEx_SetConnectionState  usbd_conf.o
    0x080010c8   0x080010c8   0x00000034   Code   RO         1209    .text.HAL_PCD_DataInStageCallback  usbd_conf.o
    0x080010fc   0x080010fc   0x00000036   Code   RO         1207    .text.HAL_PCD_DataOutStageCallback  usbd_conf.o
    0x08001132   0x08001132   0x00000002   PAD
    0x08001134   0x08001134   0x000000a6   Code   RO          782    .text.HAL_PCD_EP_Close  stm32f3xx_hal_pcd.o
    0x080011da   0x080011da   0x00000002   PAD
    0x080011dc   0x080011dc   0x000000c6   Code   RO          792    .text.HAL_PCD_EP_ClrStall  stm32f3xx_hal_pcd.o
    0x080012a2   0x080012a2   0x00000002   PAD
    0x080012a4   0x080012a4   0x00000212   Code   RO          802    .text.HAL_PCD_EP_DB_Receive  stm32f3xx_hal_pcd.o
    0x080014b6   0x080014b6   0x00000002   PAD
    0x080014b8   0x080014b8   0x0000053a   Code   RO          804    .text.HAL_PCD_EP_DB_Transmit  stm32f3xx_hal_pcd.o
    0x080019f2   0x080019f2   0x00000002   PAD
    0x080019f4   0x080019f4   0x00000022   Code   RO          786    .text.HAL_PCD_EP_GetRxCount  stm32f3xx_hal_pcd.o
    0x08001a16   0x08001a16   0x00000002   PAD
    0x08001a18   0x08001a18   0x000000ee   Code   RO          780    .text.HAL_PCD_EP_Open  stm32f3xx_hal_pcd.o
    0x08001b06   0x08001b06   0x00000002   PAD
    0x08001b08   0x08001b08   0x00000072   Code   RO          784    .text.HAL_PCD_EP_Receive  stm32f3xx_hal_pcd.o
    0x08001b7a   0x08001b7a   0x00000002   PAD
    0x08001b7c   0x08001b7c   0x000000c2   Code   RO          790    .text.HAL_PCD_EP_SetStall  stm32f3xx_hal_pcd.o
    0x08001c3e   0x08001c3e   0x00000002   PAD
    0x08001c40   0x08001c40   0x0000007e   Code   RO          788    .text.HAL_PCD_EP_Transmit  stm32f3xx_hal_pcd.o
    0x08001cbe   0x08001cbe   0x00000002   PAD
    0x08001cc0   0x08001cc0   0x00000170   Code   RO          746    .text.HAL_PCD_IRQHandler  stm32f3xx_hal_pcd.o
    0x08001e30   0x08001e30   0x00000192   Code   RO          734    .text.HAL_PCD_Init  stm32f3xx_hal_pcd.o
    0x08001fc2   0x08001fc2   0x00000002   PAD
    0x08001fc4   0x08001fc4   0x0000009a   Code   RO         1201    .text.HAL_PCD_MspInit  usbd_conf.o
    0x0800205e   0x0800205e   0x00000002   PAD
    0x08002060   0x08002060   0x0000003c   Code   RO         1213    .text.HAL_PCD_ResetCallback  usbd_conf.o
    0x0800209c   0x0800209c   0x00000014   Code   RO         1217    .text.HAL_PCD_ResumeCallback  usbd_conf.o
    0x080020b0   0x080020b0   0x00000014   Code   RO         1211    .text.HAL_PCD_SOFCallback  usbd_conf.o
    0x080020c4   0x080020c4   0x00000060   Code   RO          752    .text.HAL_PCD_SetAddress  stm32f3xx_hal_pcd.o
    0x08002124   0x08002124   0x0000001e   Code   RO         1205    .text.HAL_PCD_SetupStageCallback  usbd_conf.o
    0x08002142   0x08002142   0x00000002   PAD
    0x08002144   0x08002144   0x00000062   Code   RO          742    .text.HAL_PCD_Start  stm32f3xx_hal_pcd.o
    0x080021a6   0x080021a6   0x00000002   PAD
    0x080021a8   0x080021a8   0x00000030   Code   RO         1215    .text.HAL_PCD_SuspendCallback  usbd_conf.o
    0x080021d8   0x080021d8   0x00000010   Code   RO          328    .text.HAL_SYSTICK_Config  stm32f3xx_hal_cortex.o
    0x080021e8   0x080021e8   0x000000fc   Code   RO           68    .text.HSE_with_PLL  usersysteminit.o
    0x080022e4   0x080022e4   0x00000004   Code   RO         1060    .text.HardFault_Handler  stm32f3xx_it.o
    0x080022e8   0x080022e8   0x00000078   Code   RO         1373    .text.IntToUnicode  usbd_desc.o
    0x08002360   0x08002360   0x0000007e   Code   RO         1130    .text.MX_USB_DEVICE_Init  usb_device.o
    0x080023de   0x080023de   0x00000002   PAD
    0x080023e0   0x080023e0   0x00000004   Code   RO         1062    .text.MemManage_Handler  stm32f3xx_it.o
    0x080023e4   0x080023e4   0x00000002   Code   RO         1058    .text.NMI_Handler   stm32f3xx_it.o
    0x080023e6   0x080023e6   0x00000002   PAD
    0x080023e8   0x080023e8   0x0000006e   Code   RO          314    .text.NVIC_EncodePriority  stm32f3xx_hal_cortex.o
    0x08002456   0x08002456   0x00000002   PAD
    0x08002458   0x08002458   0x000005e2   Code   RO          748    .text.PCD_EP_ISR_Handler  stm32f3xx_hal_pcd.o
    0x08002a3a   0x08002a3a   0x00000002   PAD
    0x08002a3c   0x08002a3c   0x00000002   Code   RO         1072    .text.PendSV_Handler  stm32f3xx_it.o
    0x08002a3e   0x08002a3e   0x00000002   PAD
    0x08002a40   0x08002a40   0x00000002   Code   RO         1068    .text.SVC_Handler   stm32f3xx_it.o
    0x08002a42   0x08002a42   0x00000002   PAD
    0x08002a44   0x08002a44   0x00000052   Code   RO           64    .text.SysTick_Config  usersysteminit.o
    0x08002a96   0x08002a96   0x00000002   PAD
    0x08002a98   0x08002a98   0x00000052   Code   RO          330    .text.SysTick_Config  stm32f3xx_hal_cortex.o
    0x08002aea   0x08002aea   0x00000002   PAD
    0x08002aec   0x08002aec   0x00000022   Code   RO           60    .text.SysTick_Handler  usersysteminit.o
    0x08002b0e   0x08002b0e   0x00000002   PAD
    0x08002b10   0x08002b10   0x00000096   Code   RO         1418    .text.SystemInit    system_stm32f3xx_1.o
    0x08002ba6   0x08002ba6   0x00000002   PAD
    0x08002ba8   0x08002ba8   0x00000246   Code   RO           91    .text.TIM1_CC_IRQHandler  timers.o
    0x08002dee   0x08002dee   0x00000002   PAD
    0x08002df0   0x08002df0   0x0000015e   Code   RO           89    .text.TIM1_UP_TIM16_IRQHandler  timers.o
    0x08002f4e   0x08002f4e   0x00000002   PAD
    0x08002f50   0x08002f50   0x0000006a   Code   RO           85    .text.TIM7_IRQHandler  timers.o
    0x08002fba   0x08002fba   0x00000002   PAD
    0x08002fbc   0x08002fbc   0x00000024   Code   RO          225    .text.UART4_GetChar  uart.o
    0x08002fe0   0x08002fe0   0x0000000c   Code   RO          227    .text.UART4_IRQHandler  uart.o
    0x08002fec   0x08002fec   0x00000030   Code   RO          221    .text.UART4_SendChar  uart.o
    0x0800301c   0x0800301c   0x000000ae   Code   RO         1147    .text.USBD_CDC_DataIn  usbd_cdc.o
    0x080030ca   0x080030ca   0x00000002   PAD
    0x080030cc   0x080030cc   0x00000064   Code   RO         1149    .text.USBD_CDC_DataOut  usbd_cdc.o
    0x08003130   0x08003130   0x00000088   Code   RO         1141    .text.USBD_CDC_DeInit  usbd_cdc.o
    0x080031b8   0x080031b8   0x00000052   Code   RO         1145    .text.USBD_CDC_EP0_RxReady  usbd_cdc.o
    0x0800320a   0x0800320a   0x00000002   PAD
    0x0800320c   0x0800320c   0x00000016   Code   RO         1157    .text.USBD_CDC_GetDeviceQualifierDescriptor  usbd_cdc.o
    0x08003222   0x08003222   0x00000002   PAD
    0x08003224   0x08003224   0x00000016   Code   RO         1153    .text.USBD_CDC_GetFSCfgDesc  usbd_cdc.o
    0x0800323a   0x0800323a   0x00000002   PAD
    0x0800323c   0x0800323c   0x00000016   Code   RO         1151    .text.USBD_CDC_GetHSCfgDesc  usbd_cdc.o
    0x08003252   0x08003252   0x00000002   PAD
    0x08003254   0x08003254   0x00000016   Code   RO         1155    .text.USBD_CDC_GetOtherSpeedCfgDesc  usbd_cdc.o
    0x0800326a   0x0800326a   0x00000002   PAD
    0x0800326c   0x0800326c   0x00000118   Code   RO         1139    .text.USBD_CDC_Init  usbd_cdc.o
    0x08003384   0x08003384   0x00000062   Code   RO         1167    .text.USBD_CDC_ReceivePacket  usbd_cdc.o
    0x080033e6   0x080033e6   0x00000002   PAD
    0x080033e8   0x080033e8   0x0000002c   Code   RO         1159    .text.USBD_CDC_RegisterInterface  usbd_cdc.o
    0x08003414   0x08003414   0x0000001c   Code   RO         1163    .text.USBD_CDC_SetRxBuffer  usbd_cdc.o
    0x08003430   0x08003430   0x0000002c   Code   RO         1161    .text.USBD_CDC_SetTxBuffer  usbd_cdc.o
    0x0800345c   0x0800345c   0x00000180   Code   RO         1143    .text.USBD_CDC_Setup  usbd_cdc.o
    0x080035dc   0x080035dc   0x0000006a   Code   RO         1165    .text.USBD_CDC_TransmitPacket  usbd_cdc.o
    0x08003646   0x08003646   0x00000002   PAD
    0x08003648   0x08003648   0x0000002c   Code   RO         1288    .text.USBD_ClrClassConfig  usbd_core.o
    0x08003674   0x08003674   0x00000040   Code   RO         1335    .text.USBD_ClrFeature  usbd_ctlreq.o
    0x080036b4   0x080036b4   0x00000038   Code   RO         1394    .text.USBD_CtlContinueRx  usbd_ioreq.o
    0x080036ec   0x080036ec   0x00000038   Code   RO         1390    .text.USBD_CtlContinueSendData  usbd_ioreq.o
    0x08003724   0x08003724   0x00000022   Code   RO         1337    .text.USBD_CtlError  usbd_ctlreq.o
    0x08003746   0x08003746   0x00000002   PAD
    0x08003748   0x08003748   0x00000054   Code   RO         1392    .text.USBD_CtlPrepareRx  usbd_ioreq.o
    0x0800379c   0x0800379c   0x00000026   Code   RO         1398    .text.USBD_CtlReceiveStatus  usbd_ioreq.o
    0x080037c2   0x080037c2   0x00000002   PAD
    0x080037c4   0x080037c4   0x00000050   Code   RO         1388    .text.USBD_CtlSendData  usbd_ioreq.o
    0x08003814   0x08003814   0x00000026   Code   RO         1396    .text.USBD_CtlSendStatus  usbd_ioreq.o
    0x0800383a   0x0800383a   0x00000002   PAD
    0x0800383c   0x0800383c   0x00000052   Code   RO         1367    .text.USBD_FS_ConfigStrDescriptor  usbd_desc.o
    0x0800388e   0x0800388e   0x00000002   PAD
    0x08003890   0x08003890   0x0000001c   Code   RO         1357    .text.USBD_FS_DeviceDescriptor  usbd_desc.o
    0x080038ac   0x080038ac   0x00000052   Code   RO         1369    .text.USBD_FS_InterfaceStrDescriptor  usbd_desc.o
    0x080038fe   0x080038fe   0x00000002   PAD
    0x08003900   0x08003900   0x0000001c   Code   RO         1359    .text.USBD_FS_LangIDStrDescriptor  usbd_desc.o
    0x0800391c   0x0800391c   0x00000038   Code   RO         1361    .text.USBD_FS_ManufacturerStrDescriptor  usbd_desc.o
    0x08003954   0x08003954   0x00000052   Code   RO         1363    .text.USBD_FS_ProductStrDescriptor  usbd_desc.o
    0x080039a6   0x080039a6   0x00000002   PAD
    0x080039a8   0x080039a8   0x00000024   Code   RO         1365    .text.USBD_FS_SerialStrDescriptor  usbd_desc.o
    0x080039cc   0x080039cc   0x00000064   Code   RO         1329    .text.USBD_GetConfig  usbd_ctlreq.o
    0x08003a30   0x08003a30   0x00000332   Code   RO         1323    .text.USBD_GetDescriptor  usbd_ctlreq.o
    0x08003d62   0x08003d62   0x00000002   PAD
    0x08003d64   0x08003d64   0x00000030   Code   RO         1347    .text.USBD_GetLen   usbd_ctlreq.o
    0x08003d94   0x08003d94   0x00000064   Code   RO         1331    .text.USBD_GetStatus  usbd_ctlreq.o
    0x08003df8   0x08003df8   0x00000084   Code   RO         1345    .text.USBD_GetString  usbd_ctlreq.o
    0x08003e7c   0x08003e7c   0x00000054   Code   RO         1231    .text.USBD_Get_USB_Status  usbd_conf.o
    0x08003ed0   0x08003ed0   0x0000006c   Code   RO         1274    .text.USBD_Init     usbd_core.o
    0x08003f3c   0x08003f3c   0x0000003e   Code   RO         1245    .text.USBD_LL_ClearStallEP  usbd_conf.o
    0x08003f7a   0x08003f7a   0x00000002   PAD
    0x08003f7c   0x08003f7c   0x0000003e   Code   RO         1239    .text.USBD_LL_CloseEP  usbd_conf.o
    0x08003fba   0x08003fba   0x00000002   PAD
    0x08003fbc   0x08003fbc   0x00000180   Code   RO         1294    .text.USBD_LL_DataInStage  usbd_core.o
    0x0800413c   0x0800413c   0x0000010e   Code   RO         1292    .text.USBD_LL_DataOutStage  usbd_core.o
    0x0800424a   0x0800424a   0x00000002   PAD
    0x0800424c   0x0800424c   0x00000020   Code   RO         1255    .text.USBD_LL_GetRxDataSize  usbd_conf.o
    0x0800426c   0x0800426c   0x000000be   Code   RO         1227    .text.USBD_LL_Init  usbd_conf.o
    0x0800432a   0x0800432a   0x00000002   PAD
    0x0800432c   0x0800432c   0x0000005a   Code   RO         1247    .text.USBD_LL_IsStallEP  usbd_conf.o
    0x08004386   0x08004386   0x00000002   PAD
    0x08004388   0x08004388   0x0000005a   Code   RO         1237    .text.USBD_LL_OpenEP  usbd_conf.o
    0x080043e2   0x080043e2   0x00000002   PAD
    0x080043e4   0x080043e4   0x00000052   Code   RO         1253    .text.USBD_LL_PrepareReceive  usbd_conf.o
    0x08004436   0x08004436   0x00000002   PAD
    0x08004438   0x08004438   0x00000090   Code   RO         1296    .text.USBD_LL_Reset  usbd_core.o
    0x080044c8   0x080044c8   0x00000022   Code   RO         1302    .text.USBD_LL_Resume  usbd_core.o
    0x080044ea   0x080044ea   0x00000002   PAD
    0x080044ec   0x080044ec   0x00000034   Code   RO         1304    .text.USBD_LL_SOF   usbd_core.o
    0x08004520   0x08004520   0x00000018   Code   RO         1298    .text.USBD_LL_SetSpeed  usbd_core.o
    0x08004538   0x08004538   0x0000003e   Code   RO         1249    .text.USBD_LL_SetUSBAddress  usbd_conf.o
    0x08004576   0x08004576   0x00000002   PAD
    0x08004578   0x08004578   0x00000084   Code   RO         1290    .text.USBD_LL_SetupStage  usbd_core.o
    0x080045fc   0x080045fc   0x0000003e   Code   RO         1243    .text.USBD_LL_StallEP  usbd_conf.o
    0x0800463a   0x0800463a   0x00000002   PAD
    0x0800463c   0x0800463c   0x00000032   Code   RO         1233    .text.USBD_LL_Start  usbd_conf.o
    0x0800466e   0x0800466e   0x00000002   PAD
    0x08004670   0x08004670   0x0000001c   Code   RO         1300    .text.USBD_LL_Suspend  usbd_core.o
    0x0800468c   0x0800468c   0x00000052   Code   RO         1251    .text.USBD_LL_Transmit  usbd_conf.o
    0x080046de   0x080046de   0x00000002   PAD
    0x080046e0   0x080046e0   0x00000044   Code   RO         1343    .text.USBD_ParseSetupRequest  usbd_ctlreq.o
    0x08004724   0x08004724   0x00000034   Code   RO         1278    .text.USBD_RegisterClass  usbd_core.o
    0x08004758   0x08004758   0x0000000a   Code   RO         1284    .text.USBD_RunTestMode  usbd_core.o
    0x08004762   0x08004762   0x00000002   PAD
    0x08004764   0x08004764   0x00000096   Code   RO         1325    .text.USBD_SetAddress  usbd_ctlreq.o
    0x080047fa   0x080047fa   0x00000002   PAD
    0x080047fc   0x080047fc   0x0000004a   Code   RO         1286    .text.USBD_SetClassConfig  usbd_core.o
    0x08004846   0x08004846   0x00000002   PAD
    0x08004848   0x08004848   0x00000150   Code   RO         1327    .text.USBD_SetConfig  usbd_ctlreq.o
    0x08004998   0x08004998   0x00000026   Code   RO         1333    .text.USBD_SetFeature  usbd_ctlreq.o
    0x080049be   0x080049be   0x00000002   PAD
    0x080049c0   0x080049c0   0x00000016   Code   RO         1280    .text.USBD_Start    usbd_core.o
    0x080049d6   0x080049d6   0x00000002   PAD
    0x080049d8   0x080049d8   0x000000c4   Code   RO         1321    .text.USBD_StdDevReq  usbd_ctlreq.o
    0x08004a9c   0x08004a9c   0x00000368   Code   RO         1341    .text.USBD_StdEPReq  usbd_ctlreq.o
    0x08004e04   0x08004e04   0x000000a4   Code   RO         1339    .text.USBD_StdItfReq  usbd_ctlreq.o
    0x08004ea8   0x08004ea8   0x00000008   Code   RO         1261    .text.USBD_static_free  usbd_conf.o
    0x08004eb0   0x08004eb0   0x00000010   Code   RO         1259    .text.USBD_static_malloc  usbd_conf.o
    0x08004ec0   0x08004ec0   0x00000618   Code   RO         1095    .text.USB_ActivateEndpoint  stm32f3xx_ll_usb.o
    0x080054d8   0x080054d8   0x00000362   Code   RO         1097    .text.USB_DeactivateEndpoint  stm32f3xx_ll_usb.o
    0x0800583a   0x0800583a   0x00000002   PAD
    0x0800583c   0x0800583c   0x0000000a   Code   RO         1111    .text.USB_DevConnect  stm32f3xx_ll_usb.o
    0x08005846   0x08005846   0x00000002   PAD
    0x08005848   0x08005848   0x00000054   Code   RO         1093    .text.USB_DevInit   stm32f3xx_ll_usb.o
    0x0800589c   0x0800589c   0x00000020   Code   RO         1089    .text.USB_DisableGlobalInt  stm32f3xx_ll_usb.o
    0x080058bc   0x080058bc   0x00000148   Code   RO         1105    .text.USB_EPClearStall  stm32f3xx_ll_usb.o
    0x08005a04   0x08005a04   0x0000008a   Code   RO         1103    .text.USB_EPSetStall  stm32f3xx_ll_usb.o
    0x08005a8e   0x08005a8e   0x00000002   PAD
    0x08005a90   0x08005a90   0x00000e78   Code   RO         1099    .text.USB_EPStartXfer  stm32f3xx_ll_usb.o
    0x08006908   0x08006908   0x00000020   Code   RO         1087    .text.USB_EnableGlobalInt  stm32f3xx_ll_usb.o
    0x08006928   0x08006928   0x00000010   Code   RO         1076    .text.USB_LP_CAN_RX0_IRQHandler  stm32f3xx_it.o
    0x08006938   0x08006938   0x00000012   Code   RO         1115    .text.USB_ReadInterrupts  stm32f3xx_ll_usb.o
    0x0800694a   0x0800694a   0x00000002   PAD
    0x0800694c   0x0800694c   0x00000096   Code   RO         1121    .text.USB_ReadPMA   stm32f3xx_ll_usb.o
    0x080069e2   0x080069e2   0x00000002   PAD
    0x080069e4   0x080069e4   0x00000024   Code   RO         1109    .text.USB_SetDevAddress  stm32f3xx_ll_usb.o
    0x08006a08   0x08006a08   0x00000084   Code   RO         1101    .text.USB_WritePMA  stm32f3xx_ll_usb.o
    0x08006a8c   0x08006a8c   0x00000004   Code   RO         1066    .text.UsageFault_Handler  stm32f3xx_it.o
    0x08006a90   0x08006a90   0x00000034   Code   RO          318    .text.__NVIC_EnableIRQ  stm32f3xx_hal_cortex.o
    0x08006ac4   0x08006ac4   0x00000010   Code   RO          310    .text.__NVIC_GetPriorityGrouping  stm32f3xx_hal_cortex.o
    0x08006ad4   0x08006ad4   0x00000044   Code   RO           70    .text.__NVIC_SetPriority  usersysteminit.o
    0x08006b18   0x08006b18   0x00000044   Code   RO          312    .text.__NVIC_SetPriority  stm32f3xx_hal_cortex.o
    0x08006b5c   0x08006b5c   0x0000003c   Code   RO          306    .text.__NVIC_SetPriorityGrouping  stm32f3xx_hal_cortex.o
    0x08006b98   0x08006b98   0x00000028   Code   RO           56    .text.delay_ms      usersysteminit.o
    0x08006bc0   0x08006bc0   0x000000b0   Code   RO            2    .text.main          main.o
    0x08006c70   0x08006c70   0x00000028   Code   RO         1445    i.__0sprintf        mc_w.l(printfa.o)
    0x08006c98   0x08006c98   0x0000000e   Code   RO         1525    i.__scatterload_copy  mc_w.l(handlers.o)
    0x08006ca6   0x08006ca6   0x00000002   Code   RO         1526    i.__scatterload_null  mc_w.l(handlers.o)
    0x08006ca8   0x08006ca8   0x0000000e   Code   RO         1527    i.__scatterload_zeroinit  mc_w.l(handlers.o)
    0x08006cb6   0x08006cb6   0x00000002   PAD
    0x08006cb8   0x08006cb8   0x00000184   Code   RO         1450    i._fp_digits        mc_w.l(printfa.o)
    0x08006e3c   0x08006e3c   0x000006dc   Code   RO         1451    i._printf_core      mc_w.l(printfa.o)
    0x08007518   0x08007518   0x00000024   Code   RO         1452    i._printf_post_padding  mc_w.l(printfa.o)
    0x0800753c   0x0800753c   0x0000002e   Code   RO         1453    i._printf_pre_padding  mc_w.l(printfa.o)
    0x0800756a   0x0800756a   0x0000000a   Code   RO         1455    i._sputc            mc_w.l(printfa.o)
    0x08007574   0x08007574   0x00000035   Data   RO           19    .rodata.str1.1      main.o
    0x080075a9   0x080075a9   0x00000042   Data   RO         1379    .rodata.str1.1      usbd_desc.o
    0x080075eb   0x080075eb   0x00000001   PAD
    0x080075ec   0x080075ec   0x00000020   Data   RO         1524    Region$$Table       anon$$obj.o


    Execution Region ER_RW (Exec base: 0x20000000, Load base: 0x0800760c, Size: 0x00000190, Max: 0xffffffff, ABSOLUTE, COMPRESSED[0x000000d0])

    Exec Addr    Load Addr    Size         Type   Attr      Idx    E Section Name        Object

    0x20000000   COMPRESSED   0x00000002   Data   RW          143    .data.Debouncing_SW_LPF.debounce_value  gpio_leds_buttons.o
    0x20000002   COMPRESSED   0x00000002   PAD
    0x20000004   COMPRESSED   0x0000001c   Data   RW         1375    .data.FS_Desc       usbd_desc.o
    0x20000020   COMPRESSED   0x00000002   Data   RW            9    .data.PWM_ARR_value  main.o
    0x20000022   COMPRESSED   0x00000001   Data   RW           14    .data.SizeOfDataToReciveUART4  main.o
    0x20000023   COMPRESSED   0x00000001   PAD
    0x20000024   COMPRESSED   0x00000004   Data   RW         1422    .data.SystemCoreClock  system_stm32f3xx_1.o
    0x20000028   COMPRESSED   0x00000002   Data   RW          102    .data.TIM1_CC_IRQHandler.p1  timers.o
    0x2000002a   COMPRESSED   0x00000002   Data   RW          103    .data.TIM1_CC_IRQHandler.p2  timers.o
    0x2000002c   COMPRESSED   0x00000002   Data   RW          104    .data.TIM1_CC_IRQHandler.p3  timers.o
    0x2000002e   COMPRESSED   0x00000002   Data   RW          101    .data.TIM1_UP_TIM16_IRQHandler.k  timers.o
    0x20000030   COMPRESSED   0x00000038   Data   RW         1169    .data.USBD_CDC      usbd_cdc.o
    0x20000068   COMPRESSED   0x00000043   Data   RW         1171    .data.USBD_CDC_CfgFSDesc  usbd_cdc.o
    0x200000ab   COMPRESSED   0x00000001   PAD
    0x200000ac   COMPRESSED   0x00000043   Data   RW         1170    .data.USBD_CDC_CfgHSDesc  usbd_cdc.o
    0x200000ef   COMPRESSED   0x00000001   PAD
    0x200000f0   COMPRESSED   0x0000000a   Data   RW         1173    .data.USBD_CDC_DeviceQualifierDesc  usbd_cdc.o
    0x200000fa   COMPRESSED   0x00000002   PAD
    0x200000fc   COMPRESSED   0x00000043   Data   RW         1172    .data.USBD_CDC_OtherSpeedCfgDesc  usbd_cdc.o
    0x2000013f   COMPRESSED   0x00000001   PAD
    0x20000140   COMPRESSED   0x00000012   Data   RW         1376    .data.USBD_FS_DeviceDesc  usbd_desc.o
    0x20000152   COMPRESSED   0x00000002   PAD
    0x20000154   COMPRESSED   0x00000010   Data   RW         1191    .data.USBD_Interface_fops_FS  usbd_cdc_if.o
    0x20000164   COMPRESSED   0x00000004   Data   RW         1377    .data.USBD_LangIDDesc  usbd_desc.o
    0x20000168   COMPRESSED   0x0000001a   Data   RW         1378    .data.USBD_StringSerial  usbd_desc.o
    0x20000182   COMPRESSED   0x00000002   PAD
    0x20000184   COMPRESSED   0x00000004   Data   RW           16    .data.pWiadomosc    main.o
    0x20000188   COMPRESSED   0x00000001   Data   RW          295    .data.uwTickFreq    stm32f3xx_hal.o
    0x20000189   COMPRESSED   0x00000003   PAD
    0x2000018c   COMPRESSED   0x00000004   Data   RW          294    .data.uwTickPrio    stm32f3xx_hal.o


    Execution Region ER_ZI (Exec base: 0x20000190, Load base: 0x080076dc, Size: 0x00001648, Max: 0xffffffff, ABSOLUTE)

    Exec Addr    Load Addr    Size         Type   Attr      Idx    E Section Name        Object

    0x20000190        -       0x00000004   Zero   RW           11    .bss.ADC2_Raw_value  main.o
    0x20000194        -       0x00000002   Zero   RW          141    .bss.Debouncing_SW_LPF.button_pressed  gpio_leds_buttons.o
    0x20000196        -       0x00000002   Zero   RW          142    .bss.Debouncing_SW_LPF.button_unpressed  gpio_leds_buttons.o
    0x20000198        -       0x00000001   Zero   RW          144    .bss.Debouncing_SW_LPF.wait_for_next_press  gpio_leds_buttons.o
    0x20000199        -       0x00000001   Zero   RW           17    .bss.DlugoscWiadomosci  main.o
    0x2000019a        -       0x00000001   Zero   RW           22    .bss.EXTI0_flag     main.o
    0x2000019b        -       0x00000001   Zero   RW            7    .bss.FirstRun_GPIO_Init  main.o
    0x2000019c        -       0x00000028   Zero   RW           20    .bss.OdebranaWiadomosc  main.o
    0x200001c4        -       0x00000001   Zero   RW            8    .bss.PWM_status_ON  main.o
    0x200001c5   0x080076dc   0x00000001   PAD
    0x200001c6        -       0x00000002   Zero   RW           23    .bss.PWM_temp       main.o
    0x200001c8        -       0x00000001   Zero   RW           18    .bss.ReceivedDataFlag  main.o
    0x200001c9        -       0x00000001   Zero   RW           47    .bss.SizeOfDataToSendUART4  main.o
    0x200001ca        -       0x00000001   Zero   RW         1349    .bss.USBD_SetConfig.cfgidx  usbd_ctlreq.o
    0x200001cb   0x080076dc   0x00000001   PAD
    0x200001cc        -       0x00000200   Zero   RW         1380    .bss.USBD_StrDesc   usbd_desc.o
    0x200003cc        -       0x00000220   Zero   RW         1266    .bss.USBD_static_malloc.mem  usbd_conf.o
    0x200005ec        -       0x000003e8   Zero   RW         1192    .bss.UserRxBufferFS  usbd_cdc_if.o
    0x200009d4        -       0x000003e8   Zero   RW         1193    .bss.UserTxBufferFS  usbd_cdc_if.o
    0x20000dbc        -       0x00000028   Zero   RW           15    .bss.Wiadomosc      main.o
    0x20000de4        -       0x000002c4   Zero   RW         1132    .bss.hUsbDeviceFS   usb_device.o
    0x200010a8        -       0x0000032c   Zero   RW         1265    .bss.hpcd_USB_FS    usbd_conf.o
    0x200013d4        -       0x00000004   Zero   RW           21    .bss.timer_ms       main.o
    0x200013d8        -       0x00000400   Zero   RW         1408    STACK               startup_stm32f303xc.o


==============================================================================

Image component sizes


      Code (inc. data)   RO Data    RW Data    ZI Data      Debug   Object Name

        38          0          0          0          0       6052   adc_dma.o
       172          0          0          0          0       4829   exti.o
       222          0          0          2          5       1936   gpio_leds_buttons.o
       178          0         53          7         96       2441   main.o
        36          8        392          0       1024        852   startup_stm32f303xc.o
       160          0          0          5          0       6000   stm32f3xx_hal.o
       508          0          0          0          0       8979   stm32f3xx_hal_cortex.o
       858          0          0          0          0       4475   stm32f3xx_hal_gpio.o
        74          0          0          0          0       5962   stm32f3xx_hal_msp.o
      5408          0          0          0          0      12531   stm32f3xx_hal_pcd.o
       126          0          0          0          0       3960   stm32f3xx_hal_pcd_ex.o
        40          0          0          0          0       1089   stm32f3xx_it.o
      7090          4          0          0          0      10544   stm32f3xx_ll_usb.o
       150          0          0          4          0       2119   system_stm32f3xx_1.o
      1038          0          0          8          0       6924   timers.o
        96          0          0          0          0       5714   uart.o
       126          0          0          0        708       2730   usb_device.o
      1564          0          0        267          0       8927   usbd_cdc.o
       390         36          0         16       2000       2324   usbd_cdc_if.o
      1438          4          0          0       1356      13403   usbd_conf.o
      1378          0          0          0          0       6426   usbd_core.o
      3120         30          0          0          1       7337   usbd_ctlreq.o
       612          0         66         76        512       2990   usbd_desc.o
       352          0          0          0          0       3713   usbd_ioreq.o
       546          0          0          0          0       5292   usersysteminit.o

    ----------------------------------------------------------------------
     25872         82        544        400       5704     137549   Object Totals
         0          0         32          0          0          0   (incl. Generated)
       152          0          1         15          2          0   (incl. Padding)

    ----------------------------------------------------------------------

      Code (inc. data)   RO Data    RW Data    ZI Data      Debug   Library Member Name

        86          0          0          0          0          0   __dczerorl2.o
         0          0          0          0          0          0   entry.o
         0          0          0          0          0          0   entry10a.o
         0          0          0          0          0          0   entry11a.o
         8          4          0          0          0          0   entry2.o
         4          0          0          0          0          0   entry5.o
         0          0          0          0          0          0   entry7b.o
         0          0          0          0          0          0   entry8b.o
         8          4          0          0          0          0   entry9a.o
        30          0          0          0          0          0   handlers.o
        36          8          0          0          0         68   init.o
         0          0          0          0          0          0   iusefp.o
        30          0          0          0          0         68   llshl.o
        36          0          0          0          0         68   llsshr.o
        32          0          0          0          0         68   llushr.o
      2276         86          0          0          0        520   printfa.o
        48          0          0          0          0         76   strlcpy.o
        44          0          0          0          0         80   uidiv.o
        98          0          0          0          0         92   uldiv.o
        48          0          0          0          0         68   cdrcmple.o
       334          0          0          0          0        148   dadd.o
       222          0          0          0          0        100   ddiv.o
       186          0          0          0          0        176   depilogue.o
        48          0          0          0          0         68   dfixul.o
       228          0          0          0          0         96   dmul.o

    ----------------------------------------------------------------------
      3804        102          0          0          0       1696   Library Totals
         2          0          0          0          0          0   (incl. Padding)

    ----------------------------------------------------------------------

      Code (inc. data)   RO Data    RW Data    ZI Data      Debug   Library Name

      2736        102          0          0          0       1040   mc_w.l
      1066          0          0          0          0        656   mf_w.l

    ----------------------------------------------------------------------
      3804        102          0          0          0       1696   Library Totals

    ----------------------------------------------------------------------

==============================================================================


      Code (inc. data)   RO Data    RW Data    ZI Data      Debug   

     29676        184        544        400       5704     138277   Grand Totals
     29676        184        544        208       5704     138277   ELF Image Totals (compressed)
     29676        184        544        208          0          0   ROM Totals

==============================================================================

    Total RO  Size (Code + RO Data)                30220 (  29.51kB)
    Total RW  Size (RW Data + ZI Data)              6104 (   5.96kB)
    Total ROM Size (Code + RO Data + RW Data)      30428 (  29.71kB)

==============================================================================

