Component: ARM Compiler 6.15 Tool: armlink [5dd79300]

==============================================================================

Section Cross References

    main.o(.text.main) refers to usersysteminit.o(.text.HSE_with_PLL) for HSE_with_PLL
    main.o(.text.main) refers to spi.o(.text.L3GD20_DMA_Init) for L3GD20_DMA_Init
    main.o(.text.main) refers to i2c.o(.text.I2C_LSM303DLHC_Init) for I2C_LSM303DLHC_Init
    main.o(.text.main) refers to i2c.o(.text.I2C_LSM303DLHC_Config_Init) for I2C_LSM303DLHC_Config_Init
    main.o(.text.main) refers to uart.o(.text.UART4_Init_with_DMA_TIM7) for UART4_Init_with_DMA_TIM7
    main.o(.text.main) refers to main.o(.bss.SPI_L3GD2_X_value) for SPI_L3GD2_X_value
    main.o(.text.main) refers to main.o(.bss.StringToSendUART) for StringToSendUART
    main.o(.text.main) refers to main.o(.rodata.str1.1) for .L.str
    main.o(.text.main) refers to printfa.o(i.__0sprintf) for sprintf
    main.o(.text.main) refers to main.o(.bss.SizeOfDataToSendUART4) for SizeOfDataToSendUART4
    main.o(.text.main) refers to i2c.o(.text.I2C_LSM303DLHC_A_Read_XYZ) for I2C_LSM303DLHC_A_Read_XYZ
    main.o(.text.main) refers to spi.o(.text.L3GD20_XYZ_Calculate) for L3GD20_XYZ_Calculate
    main.o(.text.main) refers to timers.o(.text.Zmiana_PWM_TIM1_stopniowo) for Zmiana_PWM_TIM1_stopniowo
    main.o(.ARM.exidx.text.main) refers to main.o(.text.main) for [Anonymous Symbol]
    usersysteminit.o(.text.delay_ms) refers to main.o(.bss.timer_ms) for timer_ms
    usersysteminit.o(.ARM.exidx.text.delay_ms) refers to usersysteminit.o(.text.delay_ms) for [Anonymous Symbol]
    usersysteminit.o(.ARM.exidx.text.GPIO_Init) refers to usersysteminit.o(.text.GPIO_Init) for [Anonymous Symbol]
    usersysteminit.o(.text.SysTick_Handler) refers to main.o(.bss.timer_ms) for timer_ms
    usersysteminit.o(.ARM.exidx.text.SysTick_Handler) refers to usersysteminit.o(.text.SysTick_Handler) for [Anonymous Symbol]
    usersysteminit.o(.text.HSI_without_PLL) refers to usersysteminit.o(.text.SysTick_Config) for SysTick_Config
    usersysteminit.o(.ARM.exidx.text.HSI_without_PLL) refers to usersysteminit.o(.text.HSI_without_PLL) for [Anonymous Symbol]
    usersysteminit.o(.text.SysTick_Config) refers to usersysteminit.o(.text.__NVIC_SetPriority) for __NVIC_SetPriority
    usersysteminit.o(.ARM.exidx.text.SysTick_Config) refers to usersysteminit.o(.text.SysTick_Config) for [Anonymous Symbol]
    usersysteminit.o(.text.HSI_with_PLL) refers to usersysteminit.o(.text.SysTick_Config) for SysTick_Config
    usersysteminit.o(.ARM.exidx.text.HSI_with_PLL) refers to usersysteminit.o(.text.HSI_with_PLL) for [Anonymous Symbol]
    usersysteminit.o(.text.HSE_with_PLL) refers to usersysteminit.o(.text.SysTick_Config) for SysTick_Config
    usersysteminit.o(.ARM.exidx.text.HSE_with_PLL) refers to usersysteminit.o(.text.HSE_with_PLL) for [Anonymous Symbol]
    usersysteminit.o(.ARM.exidx.text.__NVIC_SetPriority) refers to usersysteminit.o(.text.__NVIC_SetPriority) for [Anonymous Symbol]
    timers.o(.text.TIM7_config) refers to timers.o(.text.__NVIC_SetPriority) for __NVIC_SetPriority
    timers.o(.text.TIM7_config) refers to timers.o(.text.__NVIC_EnableIRQ) for __NVIC_EnableIRQ
    timers.o(.ARM.exidx.text.TIM7_config) refers to timers.o(.text.TIM7_config) for [Anonymous Symbol]
    timers.o(.ARM.exidx.text.__NVIC_SetPriority) refers to timers.o(.text.__NVIC_SetPriority) for [Anonymous Symbol]
    timers.o(.ARM.exidx.text.__NVIC_EnableIRQ) refers to timers.o(.text.__NVIC_EnableIRQ) for [Anonymous Symbol]
    timers.o(.text.TIM7_IRQHandler) refers to main.o(.bss.SizeOfDataToSendUART4) for SizeOfDataToSendUART4
    timers.o(.text.TIM7_IRQHandler) refers to main.o(.data.SizeOfDataToReciveUART4) for SizeOfDataToReciveUART4
    timers.o(.ARM.exidx.text.TIM7_IRQHandler) refers to timers.o(.text.TIM7_IRQHandler) for [Anonymous Symbol]
    timers.o(.text.TIM1_config) refers to main.o(.bss.FirstRun_GPIO_Init) for FirstRun_GPIO_Init
    timers.o(.text.TIM1_config) refers to usersysteminit.o(.text.GPIO_Init) for GPIO_Init
    timers.o(.text.TIM1_config) refers to timers.o(.text.__NVIC_SetPriority) for __NVIC_SetPriority
    timers.o(.text.TIM1_config) refers to timers.o(.text.__NVIC_EnableIRQ) for __NVIC_EnableIRQ
    timers.o(.text.TIM1_config) refers to main.o(.bss.EXTI0_flag) for EXTI0_flag
    timers.o(.ARM.exidx.text.TIM1_config) refers to timers.o(.text.TIM1_config) for [Anonymous Symbol]
    timers.o(.text.TIM1_UP_TIM16_IRQHandler) refers to main.o(.bss.EXTI0_flag) for EXTI0_flag
    timers.o(.text.TIM1_UP_TIM16_IRQHandler) refers to timers.o(.data.TIM1_UP_TIM16_IRQHandler.k) for TIM1_UP_TIM16_IRQHandler.k
    timers.o(.ARM.exidx.text.TIM1_UP_TIM16_IRQHandler) refers to timers.o(.text.TIM1_UP_TIM16_IRQHandler) for [Anonymous Symbol]
    timers.o(.text.TIM1_CC_IRQHandler) refers to timers.o(.data.TIM1_CC_IRQHandler.p1) for TIM1_CC_IRQHandler.p1
    timers.o(.text.TIM1_CC_IRQHandler) refers to timers.o(.data.TIM1_CC_IRQHandler.p2) for TIM1_CC_IRQHandler.p2
    timers.o(.text.TIM1_CC_IRQHandler) refers to timers.o(.data.TIM1_CC_IRQHandler.p3) for TIM1_CC_IRQHandler.p3
    timers.o(.ARM.exidx.text.TIM1_CC_IRQHandler) refers to timers.o(.text.TIM1_CC_IRQHandler) for [Anonymous Symbol]
    timers.o(.text.PWM_TIM1_C1_Init) refers to timers.o(.text.GPIO_Init_PWM_TIM1) for GPIO_Init_PWM_TIM1
    timers.o(.ARM.exidx.text.PWM_TIM1_C1_Init) refers to timers.o(.text.PWM_TIM1_C1_Init) for [Anonymous Symbol]
    timers.o(.ARM.exidx.text.GPIO_Init_PWM_TIM1) refers to timers.o(.text.GPIO_Init_PWM_TIM1) for [Anonymous Symbol]
    timers.o(.text.Zmiana_PWM_TIM1_Button) refers to main.o(.bss.FirstRun_GPIO_PWM_Init) for FirstRun_GPIO_PWM_Init
    timers.o(.text.Zmiana_PWM_TIM1_Button) refers to main.o(.data.PWM_ARR_value) for PWM_ARR_value
    timers.o(.text.Zmiana_PWM_TIM1_Button) refers to main.o(.bss.PWM_CCR1_value) for PWM_CCR1_value
    timers.o(.text.Zmiana_PWM_TIM1_Button) refers to timers.o(.text.PWM_TIM1_C1_Init) for PWM_TIM1_C1_Init
    timers.o(.text.Zmiana_PWM_TIM1_Button) refers to exti.o(.text.EXTI0_config_PWMButton) for EXTI0_config_PWMButton
    timers.o(.text.Zmiana_PWM_TIM1_Button) refers to main.o(.bss.PWM_temp) for PWM_temp
    timers.o(.ARM.exidx.text.Zmiana_PWM_TIM1_Button) refers to timers.o(.text.Zmiana_PWM_TIM1_Button) for [Anonymous Symbol]
    timers.o(.text.Zmiana_PWM_TIM1_stopniowo) refers to main.o(.bss.FirstRun_GPIO_PWM_Init) for FirstRun_GPIO_PWM_Init
    timers.o(.text.Zmiana_PWM_TIM1_stopniowo) refers to main.o(.data.PWM_ARR_value) for PWM_ARR_value
    timers.o(.text.Zmiana_PWM_TIM1_stopniowo) refers to main.o(.bss.PWM_CCR1_value) for PWM_CCR1_value
    timers.o(.text.Zmiana_PWM_TIM1_stopniowo) refers to timers.o(.text.PWM_TIM1_C1_Init) for PWM_TIM1_C1_Init
    timers.o(.text.Zmiana_PWM_TIM1_stopniowo) refers to timers.o(.bss.Zmiana_PWM_TIM1_stopniowo.Tab_PWM_temp) for Zmiana_PWM_TIM1_stopniowo.Tab_PWM_temp
    timers.o(.text.Zmiana_PWM_TIM1_stopniowo) refers to timers.o(.bss.Zmiana_PWM_TIM1_stopniowo.exponenta) for Zmiana_PWM_TIM1_stopniowo.exponenta
    timers.o(.text.Zmiana_PWM_TIM1_stopniowo) refers to usersysteminit.o(.text.delay_ms) for delay_ms
    timers.o(.text.Zmiana_PWM_TIM1_stopniowo) refers to main.o(.bss.PWM_temp) for PWM_temp
    timers.o(.text.Zmiana_PWM_TIM1_stopniowo) refers to timers.o(.data.Zmiana_PWM_TIM1_stopniowo.direction) for Zmiana_PWM_TIM1_stopniowo.direction
    timers.o(.text.Zmiana_PWM_TIM1_stopniowo) refers to timers.o(.bss.Zmiana_PWM_TIM1_stopniowo.p) for Zmiana_PWM_TIM1_stopniowo.p
    timers.o(.ARM.exidx.text.Zmiana_PWM_TIM1_stopniowo) refers to timers.o(.text.Zmiana_PWM_TIM1_stopniowo) for [Anonymous Symbol]
    exti.o(.text.EXTI0_config) refers to exti.o(.text.__NVIC_SetPriority) for __NVIC_SetPriority
    exti.o(.text.EXTI0_config) refers to exti.o(.text.__NVIC_EnableIRQ) for __NVIC_EnableIRQ
    exti.o(.text.EXTI0_config) refers to main.o(.bss.EXTI0_flag) for EXTI0_flag
    exti.o(.text.EXTI0_config) refers to timers.o(.text.TIM1_config) for TIM1_config
    exti.o(.ARM.exidx.text.EXTI0_config) refers to exti.o(.text.EXTI0_config) for [Anonymous Symbol]
    exti.o(.ARM.exidx.text.__NVIC_SetPriority) refers to exti.o(.text.__NVIC_SetPriority) for [Anonymous Symbol]
    exti.o(.ARM.exidx.text.__NVIC_EnableIRQ) refers to exti.o(.text.__NVIC_EnableIRQ) for [Anonymous Symbol]
    exti.o(.text.EXTI0_IRQHandler) refers to main.o(.bss.PWM_status_ON) for PWM_status_ON
    exti.o(.text.EXTI0_IRQHandler) refers to main.o(.data.PWM_ARR_value) for PWM_ARR_value
    exti.o(.text.EXTI0_IRQHandler) refers to main.o(.bss.PWM_temp) for PWM_temp
    exti.o(.ARM.exidx.text.EXTI0_IRQHandler) refers to exti.o(.text.EXTI0_IRQHandler) for [Anonymous Symbol]
    exti.o(.text.EXTI0_config_PWMButton) refers to exti.o(.text.__NVIC_SetPriority) for __NVIC_SetPriority
    exti.o(.text.EXTI0_config_PWMButton) refers to exti.o(.text.__NVIC_EnableIRQ) for __NVIC_EnableIRQ
    exti.o(.text.EXTI0_config_PWMButton) refers to main.o(.bss.PWM_status_ON) for PWM_status_ON
    exti.o(.ARM.exidx.text.EXTI0_config_PWMButton) refers to exti.o(.text.EXTI0_config_PWMButton) for [Anonymous Symbol]
    gpio_leds_buttons.o(.text.GPIO_zPrzyciskiem) refers to main.o(.bss.FirstRun_GPIO_Init) for FirstRun_GPIO_Init
    gpio_leds_buttons.o(.text.GPIO_zPrzyciskiem) refers to usersysteminit.o(.text.GPIO_Init) for GPIO_Init
    gpio_leds_buttons.o(.text.GPIO_zPrzyciskiem) refers to usersysteminit.o(.text.delay_ms) for delay_ms
    gpio_leds_buttons.o(.ARM.exidx.text.GPIO_zPrzyciskiem) refers to gpio_leds_buttons.o(.text.GPIO_zPrzyciskiem) for [Anonymous Symbol]
    gpio_leds_buttons.o(.text.GPIO_Kolko) refers to main.o(.bss.FirstRun_GPIO_Init) for FirstRun_GPIO_Init
    gpio_leds_buttons.o(.text.GPIO_Kolko) refers to usersysteminit.o(.text.GPIO_Init) for GPIO_Init
    gpio_leds_buttons.o(.text.GPIO_Kolko) refers to usersysteminit.o(.text.delay_ms) for delay_ms
    gpio_leds_buttons.o(.ARM.exidx.text.GPIO_Kolko) refers to gpio_leds_buttons.o(.text.GPIO_Kolko) for [Anonymous Symbol]
    gpio_leds_buttons.o(.text.LEDy_kolo) refers to main.o(.bss.FirstRun_GPIO_Init) for FirstRun_GPIO_Init
    gpio_leds_buttons.o(.text.LEDy_kolo) refers to usersysteminit.o(.text.GPIO_Init) for GPIO_Init
    gpio_leds_buttons.o(.text.LEDy_kolo) refers to usersysteminit.o(.text.delay_ms) for delay_ms
    gpio_leds_buttons.o(.ARM.exidx.text.LEDy_kolo) refers to gpio_leds_buttons.o(.text.LEDy_kolo) for [Anonymous Symbol]
    gpio_leds_buttons.o(.text.Debouncing_SW_LPF) refers to main.o(.bss.FirstRun_GPIO_Init) for FirstRun_GPIO_Init
    gpio_leds_buttons.o(.text.Debouncing_SW_LPF) refers to usersysteminit.o(.text.GPIO_Init) for GPIO_Init
    gpio_leds_buttons.o(.text.Debouncing_SW_LPF) refers to gpio_leds_buttons.o(.bss.Debouncing_SW_LPF.button_pressed) for Debouncing_SW_LPF.button_pressed
    gpio_leds_buttons.o(.text.Debouncing_SW_LPF) refers to gpio_leds_buttons.o(.bss.Debouncing_SW_LPF.button_unpressed) for Debouncing_SW_LPF.button_unpressed
    gpio_leds_buttons.o(.text.Debouncing_SW_LPF) refers to gpio_leds_buttons.o(.data.Debouncing_SW_LPF.debounce_value) for Debouncing_SW_LPF.debounce_value
    gpio_leds_buttons.o(.text.Debouncing_SW_LPF) refers to gpio_leds_buttons.o(.bss.Debouncing_SW_LPF.wait_for_next_press) for Debouncing_SW_LPF.wait_for_next_press
    gpio_leds_buttons.o(.ARM.exidx.text.Debouncing_SW_LPF) refers to gpio_leds_buttons.o(.text.Debouncing_SW_LPF) for [Anonymous Symbol]
    adc_dma.o(.ARM.exidx.text.GPIO_Init_ADC2) refers to adc_dma.o(.text.GPIO_Init_ADC2) for [Anonymous Symbol]
    adc_dma.o(.text.ADC2_Init) refers to adc_dma.o(.text.GPIO_Init_ADC2) for GPIO_Init_ADC2
    adc_dma.o(.text.ADC2_Init) refers to main.o(.data.PWM_ARR_value) for PWM_ARR_value
    adc_dma.o(.text.ADC2_Init) refers to main.o(.bss.PWM_CCR1_value) for PWM_CCR1_value
    adc_dma.o(.text.ADC2_Init) refers to timers.o(.text.PWM_TIM1_C1_Init) for PWM_TIM1_C1_Init
    adc_dma.o(.text.ADC2_Init) refers to adc_dma.o(.text.__NVIC_SetPriority) for __NVIC_SetPriority
    adc_dma.o(.text.ADC2_Init) refers to adc_dma.o(.text.__NVIC_EnableIRQ) for __NVIC_EnableIRQ
    adc_dma.o(.ARM.exidx.text.ADC2_Init) refers to adc_dma.o(.text.ADC2_Init) for [Anonymous Symbol]
    adc_dma.o(.ARM.exidx.text.__NVIC_SetPriority) refers to adc_dma.o(.text.__NVIC_SetPriority) for [Anonymous Symbol]
    adc_dma.o(.ARM.exidx.text.__NVIC_EnableIRQ) refers to adc_dma.o(.text.__NVIC_EnableIRQ) for [Anonymous Symbol]
    adc_dma.o(.text.ADC1_2_IRQHandler) refers to main.o(.bss.ADC2_Raw_value) for ADC2_Raw_value
    adc_dma.o(.ARM.exidx.text.ADC1_2_IRQHandler) refers to adc_dma.o(.text.ADC1_2_IRQHandler) for [Anonymous Symbol]
    adc_dma.o(.text.ADC_control_PWM_Led) refers to main.o(.bss.ADC2_Raw_value) for ADC2_Raw_value
    adc_dma.o(.text.ADC_control_PWM_Led) refers to main.o(.bss.ADC2_Voltage) for ADC2_Voltage
    adc_dma.o(.text.ADC_control_PWM_Led) refers to main.o(.data.PWM_ARR_value) for PWM_ARR_value
    adc_dma.o(.ARM.exidx.text.ADC_control_PWM_Led) refers to adc_dma.o(.text.ADC_control_PWM_Led) for [Anonymous Symbol]
    adc_dma.o(.text.ADC2_with_DMA_Init) refers to adc_dma.o(.text.GPIO_Init_ADC2) for GPIO_Init_ADC2
    adc_dma.o(.text.ADC2_with_DMA_Init) refers to main.o(.data.PWM_ARR_value) for PWM_ARR_value
    adc_dma.o(.text.ADC2_with_DMA_Init) refers to main.o(.bss.PWM_CCR1_value) for PWM_CCR1_value
    adc_dma.o(.text.ADC2_with_DMA_Init) refers to timers.o(.text.PWM_TIM1_C1_Init) for PWM_TIM1_C1_Init
    adc_dma.o(.text.ADC2_with_DMA_Init) refers to adc_dma.o(.data.ADC2_with_DMA_Init.pADCDR) for ADC2_with_DMA_Init.pADCDR
    adc_dma.o(.text.ADC2_with_DMA_Init) refers to adc_dma.o(.data.ADC2_with_DMA_Init.ADCRAW) for ADC2_with_DMA_Init.ADCRAW
    adc_dma.o(.ARM.exidx.text.ADC2_with_DMA_Init) refers to adc_dma.o(.text.ADC2_with_DMA_Init) for [Anonymous Symbol]
    adc_dma.o(.data.ADC2_with_DMA_Init.ADCRAW) refers to main.o(.bss.ADC2_Raw_value) for ADC2_Raw_value
    spi.o(.ARM.exidx.text.SPI_Config_for_Gyroskop) refers to spi.o(.text.SPI_Config_for_Gyroskop) for [Anonymous Symbol]
    spi.o(.ARM.exidx.text.Write_SPI) refers to spi.o(.text.Write_SPI) for [Anonymous Symbol]
    spi.o(.ARM.exidx.text.Read_SPI) refers to spi.o(.text.Read_SPI) for [Anonymous Symbol]
    spi.o(.text.L3GD20_Init) refers to spi.o(.text.Read_SPI) for Read_SPI
    spi.o(.text.L3GD20_Init) refers to spi.o(.bss.SPI_L3GD2_WAI) for SPI_L3GD2_WAI
    spi.o(.text.L3GD20_Init) refers to spi.o(.text.Write_SPI) for Write_SPI
    spi.o(.text.L3GD20_Init) refers to spi.o(.bss.SPI_L3GD2_CTRL1) for SPI_L3GD2_CTRL1
    spi.o(.ARM.exidx.text.L3GD20_Init) refers to spi.o(.text.L3GD20_Init) for [Anonymous Symbol]
    spi.o(.text.L3GD20_DMA_Init) refers to spi.o(.text.SPI_Config_for_Gyroskop_DMA) for SPI_Config_for_Gyroskop_DMA
    spi.o(.text.L3GD20_DMA_Init) refers to main.o(.bss.tab_SPI_L3GD20_XYZ_values) for tab_SPI_L3GD20_XYZ_values
    spi.o(.text.L3GD20_DMA_Init) refers to main.o(.rodata.tab_SPI_L3GD20_XYZ_adress) for tab_SPI_L3GD20_XYZ_adress
    spi.o(.ARM.exidx.text.L3GD20_DMA_Init) refers to spi.o(.text.L3GD20_DMA_Init) for [Anonymous Symbol]
    spi.o(.text.SPI_Config_for_Gyroskop_DMA) refers to spi.o(.text.Read_SPI) for Read_SPI
    spi.o(.text.SPI_Config_for_Gyroskop_DMA) refers to spi.o(.bss.SPI_L3GD2_WAI) for SPI_L3GD2_WAI
    spi.o(.text.SPI_Config_for_Gyroskop_DMA) refers to spi.o(.text.Write_SPI) for Write_SPI
    spi.o(.text.SPI_Config_for_Gyroskop_DMA) refers to spi.o(.bss.SPI_L3GD2_CTRL1) for SPI_L3GD2_CTRL1
    spi.o(.ARM.exidx.text.SPI_Config_for_Gyroskop_DMA) refers to spi.o(.text.SPI_Config_for_Gyroskop_DMA) for [Anonymous Symbol]
    spi.o(.text.L3GD20_XYZ_Calculate) refers to main.o(.bss.tab_SPI_L3GD20_XYZ_values) for tab_SPI_L3GD20_XYZ_values
    spi.o(.text.L3GD20_XYZ_Calculate) refers to main.o(.bss.SPI_L3GD2_YL) for SPI_L3GD2_YL
    spi.o(.text.L3GD20_XYZ_Calculate) refers to main.o(.bss.SPI_L3GD2_YH) for SPI_L3GD2_YH
    spi.o(.text.L3GD20_XYZ_Calculate) refers to main.o(.bss.SPI_L3GD2_Y_value) for SPI_L3GD2_Y_value
    spi.o(.text.L3GD20_XYZ_Calculate) refers to main.o(.bss.SPI_L3GD2_ZL) for SPI_L3GD2_ZL
    spi.o(.text.L3GD20_XYZ_Calculate) refers to main.o(.bss.SPI_L3GD2_ZH) for SPI_L3GD2_ZH
    spi.o(.text.L3GD20_XYZ_Calculate) refers to main.o(.bss.SPI_L3GD2_Z_value) for SPI_L3GD2_Z_value
    spi.o(.text.L3GD20_XYZ_Calculate) refers to main.o(.bss.SPI_L3GD2_XL) for SPI_L3GD2_XL
    spi.o(.text.L3GD20_XYZ_Calculate) refers to main.o(.bss.SPI_L3GD2_XH) for SPI_L3GD2_XH
    spi.o(.text.L3GD20_XYZ_Calculate) refers to main.o(.bss.SPI_L3GD2_X_value) for SPI_L3GD2_X_value
    spi.o(.ARM.exidx.text.L3GD20_XYZ_Calculate) refers to spi.o(.text.L3GD20_XYZ_Calculate) for [Anonymous Symbol]
    i2c.o(.ARM.exidx.text.I2C_LSM303DLHC_Init) refers to i2c.o(.text.I2C_LSM303DLHC_Init) for [Anonymous Symbol]
    i2c.o(.ARM.exidx.text.I2C_Write) refers to i2c.o(.text.I2C_Write) for [Anonymous Symbol]
    i2c.o(.ARM.exidx.text.I2C_Read) refers to i2c.o(.text.I2C_Read) for [Anonymous Symbol]
    i2c.o(.text.I2C_LSM303DLHC_Config_Init) refers to i2c.o(.text.I2C_Read) for I2C_Read
    i2c.o(.text.I2C_LSM303DLHC_Config_Init) refers to main.o(.bss.Read_value_LSM303DLHC_A) for Read_value_LSM303DLHC_A
    i2c.o(.text.I2C_LSM303DLHC_Config_Init) refers to i2c.o(.text.I2C_Write) for I2C_Write
    i2c.o(.ARM.exidx.text.I2C_LSM303DLHC_Config_Init) refers to i2c.o(.text.I2C_LSM303DLHC_Config_Init) for [Anonymous Symbol]
    i2c.o(.text.I2C_LSM303DLHC_A_Read_XYZ) refers to i2c.o(.text.I2C_Read) for I2C_Read
    i2c.o(.text.I2C_LSM303DLHC_A_Read_XYZ) refers to main.o(.bss.I2C_LSM303DLHC_A_XL) for I2C_LSM303DLHC_A_XL
    i2c.o(.text.I2C_LSM303DLHC_A_Read_XYZ) refers to main.o(.bss.I2C_LSM303DLHC_A_XH) for I2C_LSM303DLHC_A_XH
    i2c.o(.text.I2C_LSM303DLHC_A_Read_XYZ) refers to main.o(.bss.I2C_LSM303DLHC_A_X_value) for I2C_LSM303DLHC_A_X_value
    i2c.o(.text.I2C_LSM303DLHC_A_Read_XYZ) refers to main.o(.bss.I2C_LSM303DLHC_A_YL) for I2C_LSM303DLHC_A_YL
    i2c.o(.text.I2C_LSM303DLHC_A_Read_XYZ) refers to main.o(.bss.I2C_LSM303DLHC_A_YH) for I2C_LSM303DLHC_A_YH
    i2c.o(.text.I2C_LSM303DLHC_A_Read_XYZ) refers to main.o(.bss.I2C_LSM303DLHC_A_Y_value) for I2C_LSM303DLHC_A_Y_value
    i2c.o(.text.I2C_LSM303DLHC_A_Read_XYZ) refers to main.o(.bss.I2C_LSM303DLHC_A_ZL) for I2C_LSM303DLHC_A_ZL
    i2c.o(.text.I2C_LSM303DLHC_A_Read_XYZ) refers to main.o(.bss.I2C_LSM303DLHC_A_ZH) for I2C_LSM303DLHC_A_ZH
    i2c.o(.text.I2C_LSM303DLHC_A_Read_XYZ) refers to main.o(.bss.I2C_LSM303DLHC_A_Z_value) for I2C_LSM303DLHC_A_Z_value
    i2c.o(.ARM.exidx.text.I2C_LSM303DLHC_A_Read_XYZ) refers to i2c.o(.text.I2C_LSM303DLHC_A_Read_XYZ) for [Anonymous Symbol]
    uart.o(.text.UART4_Init) refers to uart.o(.text.__NVIC_SetPriority) for __NVIC_SetPriority
    uart.o(.text.UART4_Init) refers to uart.o(.text.__NVIC_EnableIRQ) for __NVIC_EnableIRQ
    uart.o(.ARM.exidx.text.UART4_Init) refers to uart.o(.text.UART4_Init) for [Anonymous Symbol]
    uart.o(.ARM.exidx.text.__NVIC_SetPriority) refers to uart.o(.text.__NVIC_SetPriority) for [Anonymous Symbol]
    uart.o(.ARM.exidx.text.__NVIC_EnableIRQ) refers to uart.o(.text.__NVIC_EnableIRQ) for [Anonymous Symbol]
    uart.o(.ARM.exidx.text.UART4_SendChar) refers to uart.o(.text.UART4_SendChar) for [Anonymous Symbol]
    uart.o(.text.UART4_SendString) refers to uart.o(.text.UART4_SendChar) for UART4_SendChar
    uart.o(.ARM.exidx.text.UART4_SendString) refers to uart.o(.text.UART4_SendString) for [Anonymous Symbol]
    uart.o(.ARM.exidx.text.UART4_GetChar) refers to uart.o(.text.UART4_GetChar) for [Anonymous Symbol]
    uart.o(.text.UART4_IRQHandler) refers to uart.o(.text.UART4_GetChar) for UART4_GetChar
    uart.o(.text.UART4_IRQHandler) refers to uart.o(.text.UART4_SendChar) for UART4_SendChar
    uart.o(.ARM.exidx.text.UART4_IRQHandler) refers to uart.o(.text.UART4_IRQHandler) for [Anonymous Symbol]
    uart.o(.text.UART4_Init_with_DMA) refers to uart.o(.text.UART4_DMA_config) for UART4_DMA_config
    uart.o(.ARM.exidx.text.UART4_Init_with_DMA) refers to uart.o(.text.UART4_Init_with_DMA) for [Anonymous Symbol]
    uart.o(.text.UART4_DMA_config) refers to main.o(.bss.StringToSendUART) for StringToSendUART
    uart.o(.text.UART4_DMA_config) refers to main.o(.bss.StringToReciveUART) for StringToReciveUART
    uart.o(.ARM.exidx.text.UART4_DMA_config) refers to uart.o(.text.UART4_DMA_config) for [Anonymous Symbol]
    uart.o(.text.UART4_Init_with_DMA_TIM7) refers to uart.o(.text.UART4_DMA_TIM7_config) for UART4_DMA_TIM7_config
    uart.o(.text.UART4_Init_with_DMA_TIM7) refers to timers.o(.text.TIM7_config) for TIM7_config
    uart.o(.ARM.exidx.text.UART4_Init_with_DMA_TIM7) refers to uart.o(.text.UART4_Init_with_DMA_TIM7) for [Anonymous Symbol]
    uart.o(.text.UART4_DMA_TIM7_config) refers to main.o(.bss.StringToSendUART) for StringToSendUART
    uart.o(.text.UART4_DMA_TIM7_config) refers to main.o(.bss.StringToReciveUART) for StringToReciveUART
    uart.o(.ARM.exidx.text.UART4_DMA_TIM7_config) refers to uart.o(.text.UART4_DMA_TIM7_config) for [Anonymous Symbol]
    startup_stm32f303xc.o(RESET) refers to startup_stm32f303xc.o(STACK) for __initial_sp
    startup_stm32f303xc.o(RESET) refers to startup_stm32f303xc.o(.text) for Reset_Handler
    startup_stm32f303xc.o(RESET) refers to usersysteminit.o(.text.SysTick_Handler) for SysTick_Handler
    startup_stm32f303xc.o(RESET) refers to exti.o(.text.EXTI0_IRQHandler) for EXTI0_IRQHandler
    startup_stm32f303xc.o(RESET) refers to adc_dma.o(.text.ADC1_2_IRQHandler) for ADC1_2_IRQHandler
    startup_stm32f303xc.o(RESET) refers to timers.o(.text.TIM1_UP_TIM16_IRQHandler) for TIM1_UP_TIM16_IRQHandler
    startup_stm32f303xc.o(RESET) refers to timers.o(.text.TIM1_CC_IRQHandler) for TIM1_CC_IRQHandler
    startup_stm32f303xc.o(RESET) refers to uart.o(.text.UART4_IRQHandler) for UART4_IRQHandler
    startup_stm32f303xc.o(RESET) refers to timers.o(.text.TIM7_IRQHandler) for TIM7_IRQHandler
    startup_stm32f303xc.o(.text) refers to system_stm32f3xx.o(.text.SystemInit) for SystemInit
    startup_stm32f303xc.o(.text) refers to entry.o(.ARM.Collect$$$$00000000) for __main
    system_stm32f3xx.o(.ARM.exidx.text.SystemInit) refers to system_stm32f3xx.o(.text.SystemInit) for [Anonymous Symbol]
    system_stm32f3xx.o(.text.SystemCoreClockUpdate) refers to system_stm32f3xx.o(.data.SystemCoreClock) for SystemCoreClock
    system_stm32f3xx.o(.text.SystemCoreClockUpdate) refers to system_stm32f3xx.o(.rodata.AHBPrescTable) for AHBPrescTable
    system_stm32f3xx.o(.ARM.exidx.text.SystemCoreClockUpdate) refers to system_stm32f3xx.o(.text.SystemCoreClockUpdate) for [Anonymous Symbol]
    entry.o(.ARM.Collect$$$$00000000) refers (Special) to entry10a.o(.ARM.Collect$$$$0000000D) for __rt_final_cpp
    entry.o(.ARM.Collect$$$$00000000) refers (Special) to entry11a.o(.ARM.Collect$$$$0000000F) for __rt_final_exit
    entry.o(.ARM.Collect$$$$00000000) refers (Special) to entry7b.o(.ARM.Collect$$$$00000008) for _main_clock
    entry.o(.ARM.Collect$$$$00000000) refers (Special) to entry8b.o(.ARM.Collect$$$$0000000A) for _main_cpp_init
    entry.o(.ARM.Collect$$$$00000000) refers (Special) to entry9a.o(.ARM.Collect$$$$0000000B) for _main_init
    entry.o(.ARM.Collect$$$$00000000) refers (Special) to entry5.o(.ARM.Collect$$$$00000004) for _main_scatterload
    entry.o(.ARM.Collect$$$$00000000) refers (Special) to entry2.o(.ARM.Collect$$$$00000001) for _main_stk
    printfa.o(i.__0fprintf) refers (Special) to iusefp.o(.text) for __I$use$fp
    printfa.o(i.__0fprintf) refers to printfa.o(i._printf_core) for _printf_core
    printfa.o(i.__0fprintf) refers to fputc.o(i.fputc) for fputc
    printfa.o(i.__0printf) refers (Special) to iusefp.o(.text) for __I$use$fp
    printfa.o(i.__0printf) refers to printfa.o(i._printf_core) for _printf_core
    printfa.o(i.__0printf) refers to fputc.o(i.fputc) for fputc
    printfa.o(i.__0printf) refers to stdout.o(.data) for __stdout
    printfa.o(i.__0snprintf) refers (Special) to iusefp.o(.text) for __I$use$fp
    printfa.o(i.__0snprintf) refers to printfa.o(i._printf_core) for _printf_core
    printfa.o(i.__0snprintf) refers to printfa.o(i._snputc) for _snputc
    printfa.o(i.__0sprintf) refers (Special) to iusefp.o(.text) for __I$use$fp
    printfa.o(i.__0sprintf) refers to printfa.o(i._printf_core) for _printf_core
    printfa.o(i.__0sprintf) refers to printfa.o(i._sputc) for _sputc
    printfa.o(i.__0vfprintf) refers (Special) to iusefp.o(.text) for __I$use$fp
    printfa.o(i.__0vfprintf) refers to printfa.o(i._printf_core) for _printf_core
    printfa.o(i.__0vfprintf) refers to fputc.o(i.fputc) for fputc
    printfa.o(i.__0vprintf) refers (Special) to iusefp.o(.text) for __I$use$fp
    printfa.o(i.__0vprintf) refers to printfa.o(i._printf_core) for _printf_core
    printfa.o(i.__0vprintf) refers to fputc.o(i.fputc) for fputc
    printfa.o(i.__0vprintf) refers to stdout.o(.data) for __stdout
    printfa.o(i.__0vsnprintf) refers (Special) to iusefp.o(.text) for __I$use$fp
    printfa.o(i.__0vsnprintf) refers to printfa.o(i._printf_core) for _printf_core
    printfa.o(i.__0vsnprintf) refers to printfa.o(i._snputc) for _snputc
    printfa.o(i.__0vsprintf) refers (Special) to iusefp.o(.text) for __I$use$fp
    printfa.o(i.__0vsprintf) refers to printfa.o(i._printf_core) for _printf_core
    printfa.o(i.__0vsprintf) refers to printfa.o(i._sputc) for _sputc
    printfa.o(i._fp_digits) refers (Special) to iusefp.o(.text) for __I$use$fp
    printfa.o(i._fp_digits) refers to dmul.o(.text) for __aeabi_dmul
    printfa.o(i._fp_digits) refers to ddiv.o(.text) for __aeabi_ddiv
    printfa.o(i._fp_digits) refers to cdrcmple.o(.text) for __aeabi_cdrcmple
    printfa.o(i._fp_digits) refers to dadd.o(.text) for __aeabi_dadd
    printfa.o(i._fp_digits) refers to dfixul.o(.text) for __aeabi_d2ulz
    printfa.o(i._fp_digits) refers to uldiv.o(.text) for __aeabi_uldivmod
    printfa.o(i._printf_core) refers (Special) to iusefp.o(.text) for __I$use$fp
    printfa.o(i._printf_core) refers to printfa.o(i._printf_pre_padding) for _printf_pre_padding
    printfa.o(i._printf_core) refers to uldiv.o(.text) for __aeabi_uldivmod
    printfa.o(i._printf_core) refers to printfa.o(i._printf_post_padding) for _printf_post_padding
    printfa.o(i._printf_core) refers to printfa.o(i._fp_digits) for _fp_digits
    printfa.o(i._printf_core) refers to uidiv.o(.text) for __aeabi_uidivmod
    printfa.o(i._printf_post_padding) refers (Special) to iusefp.o(.text) for __I$use$fp
    printfa.o(i._printf_pre_padding) refers (Special) to iusefp.o(.text) for __I$use$fp
    printfa.o(i._snputc) refers (Special) to iusefp.o(.text) for __I$use$fp
    printfa.o(i._sputc) refers (Special) to iusefp.o(.text) for __I$use$fp
    entry2.o(.ARM.Collect$$$$00000001) refers to entry2.o(.ARM.Collect$$$$00002712) for __lit__00000000
    entry2.o(.ARM.Collect$$$$00002712) refers to startup_stm32f303xc.o(STACK) for __initial_sp
    entry2.o(__vectab_stack_and_reset_area) refers to startup_stm32f303xc.o(STACK) for __initial_sp
    entry2.o(__vectab_stack_and_reset_area) refers to entry.o(.ARM.Collect$$$$00000000) for __main
    entry5.o(.ARM.Collect$$$$00000004) refers to init.o(.text) for __scatterload
    entry9a.o(.ARM.Collect$$$$0000000B) refers to main.o(.text.main) for main
    entry9b.o(.ARM.Collect$$$$0000000C) refers to main.o(.text.main) for main
    fputc.o(i.fputc) refers (Special) to iusesemip.o(.text) for __I$use$semihosting$fputc
    fputc.o(i.fputc) refers (Special) to semi.o(.text) for __semihosting_library_function
    fputc_h.o(i._fputc$hlt) refers (Special) to iusesemip.o(.text) for __I$use$semihosting$fputc
    fputc_h.o(i._fputc$hlt) refers (Special) to semi.o(.text) for __semihosting_library_function
    uldiv.o(.text) refers to llushr.o(.text) for __aeabi_llsr
    uldiv.o(.text) refers to llshl.o(.text) for __aeabi_llsl
    dadd.o(.text) refers (Special) to iusefp.o(.text) for __I$use$fp
    dadd.o(.text) refers to llshl.o(.text) for __aeabi_llsl
    dadd.o(.text) refers to llsshr.o(.text) for __aeabi_lasr
    dadd.o(.text) refers to depilogue.o(.text) for _double_epilogue
    dmul.o(.text) refers (Special) to iusefp.o(.text) for __I$use$fp
    dmul.o(.text) refers to depilogue.o(.text) for _double_epilogue
    ddiv.o(.text) refers (Special) to iusefp.o(.text) for __I$use$fp
    ddiv.o(.text) refers to depilogue.o(.text) for _double_round
    dfixul.o(.text) refers (Special) to iusefp.o(.text) for __I$use$fp
    dfixul.o(.text) refers to llushr.o(.text) for __aeabi_llsr
    dfixul.o(.text) refers to llshl.o(.text) for __aeabi_llsl
    cdrcmple.o(.text) refers (Special) to iusefp.o(.text) for __I$use$fp
    init.o(.text) refers to entry5.o(.ARM.Collect$$$$00000004) for __main_after_scatterload
    depilogue.o(.text) refers (Special) to iusefp.o(.text) for __I$use$fp
    depilogue.o(.text) refers to llshl.o(.text) for __aeabi_llsl
    depilogue.o(.text) refers to llushr.o(.text) for __aeabi_llsr


==============================================================================

Removing Unused input sections from the image.

    Removing main.o(.text), (0 bytes).
    Removing main.o(.ARM.exidx.text.main), (8 bytes).
    Removing main.o(.bss.FirstRun_GPIO_Init), (1 bytes).
    Removing main.o(.bss.ADC2_Voltage), (4 bytes).
    Removing main.o(.bss.SPI_L3GD2_Read), (4 bytes).
    Removing main.o(.ARM.use_no_argv), (4 bytes).
    Removing usersysteminit.o(.text), (0 bytes).
    Removing usersysteminit.o(.ARM.exidx.text.delay_ms), (8 bytes).
    Removing usersysteminit.o(.text.GPIO_Init), (70 bytes).
    Removing usersysteminit.o(.ARM.exidx.text.GPIO_Init), (8 bytes).
    Removing usersysteminit.o(.ARM.exidx.text.SysTick_Handler), (8 bytes).
    Removing usersysteminit.o(.text.HSI_without_PLL), (12 bytes).
    Removing usersysteminit.o(.ARM.exidx.text.HSI_without_PLL), (8 bytes).
    Removing usersysteminit.o(.ARM.exidx.text.SysTick_Config), (8 bytes).
    Removing usersysteminit.o(.text.HSI_with_PLL), (122 bytes).
    Removing usersysteminit.o(.ARM.exidx.text.HSI_with_PLL), (8 bytes).
    Removing usersysteminit.o(.ARM.exidx.text.HSE_with_PLL), (8 bytes).
    Removing usersysteminit.o(.ARM.exidx.text.__NVIC_SetPriority), (8 bytes).
    Removing timers.o(.text), (0 bytes).
    Removing timers.o(.ARM.exidx.text.TIM7_config), (8 bytes).
    Removing timers.o(.ARM.exidx.text.__NVIC_SetPriority), (8 bytes).
    Removing timers.o(.ARM.exidx.text.__NVIC_EnableIRQ), (8 bytes).
    Removing timers.o(.ARM.exidx.text.TIM7_IRQHandler), (8 bytes).
    Removing timers.o(.text.TIM1_config), (242 bytes).
    Removing timers.o(.ARM.exidx.text.TIM1_config), (8 bytes).
    Removing timers.o(.ARM.exidx.text.TIM1_UP_TIM16_IRQHandler), (8 bytes).
    Removing timers.o(.ARM.exidx.text.TIM1_CC_IRQHandler), (8 bytes).
    Removing timers.o(.ARM.exidx.text.PWM_TIM1_C1_Init), (8 bytes).
    Removing timers.o(.ARM.exidx.text.GPIO_Init_PWM_TIM1), (8 bytes).
    Removing timers.o(.text.Zmiana_PWM_TIM1_Button), (82 bytes).
    Removing timers.o(.ARM.exidx.text.Zmiana_PWM_TIM1_Button), (8 bytes).
    Removing timers.o(.ARM.exidx.text.Zmiana_PWM_TIM1_stopniowo), (8 bytes).
    Removing exti.o(.text), (0 bytes).
    Removing exti.o(.text.EXTI0_config), (82 bytes).
    Removing exti.o(.ARM.exidx.text.EXTI0_config), (8 bytes).
    Removing exti.o(.text.__NVIC_SetPriority), (68 bytes).
    Removing exti.o(.ARM.exidx.text.__NVIC_SetPriority), (8 bytes).
    Removing exti.o(.text.__NVIC_EnableIRQ), (52 bytes).
    Removing exti.o(.ARM.exidx.text.__NVIC_EnableIRQ), (8 bytes).
    Removing exti.o(.ARM.exidx.text.EXTI0_IRQHandler), (8 bytes).
    Removing exti.o(.text.EXTI0_config_PWMButton), (78 bytes).
    Removing exti.o(.ARM.exidx.text.EXTI0_config_PWMButton), (8 bytes).
    Removing gpio_leds_buttons.o(.text), (0 bytes).
    Removing gpio_leds_buttons.o(.text.GPIO_zPrzyciskiem), (206 bytes).
    Removing gpio_leds_buttons.o(.ARM.exidx.text.GPIO_zPrzyciskiem), (8 bytes).
    Removing gpio_leds_buttons.o(.text.GPIO_Kolko), (310 bytes).
    Removing gpio_leds_buttons.o(.ARM.exidx.text.GPIO_Kolko), (8 bytes).
    Removing gpio_leds_buttons.o(.text.LEDy_kolo), (142 bytes).
    Removing gpio_leds_buttons.o(.ARM.exidx.text.LEDy_kolo), (8 bytes).
    Removing gpio_leds_buttons.o(.text.Debouncing_SW_LPF), (222 bytes).
    Removing gpio_leds_buttons.o(.ARM.exidx.text.Debouncing_SW_LPF), (8 bytes).
    Removing gpio_leds_buttons.o(.bss.Debouncing_SW_LPF.button_pressed), (2 bytes).
    Removing gpio_leds_buttons.o(.bss.Debouncing_SW_LPF.button_unpressed), (2 bytes).
    Removing gpio_leds_buttons.o(.data.Debouncing_SW_LPF.debounce_value), (2 bytes).
    Removing gpio_leds_buttons.o(.bss.Debouncing_SW_LPF.wait_for_next_press), (1 bytes).
    Removing adc_dma.o(.text), (0 bytes).
    Removing adc_dma.o(.text.GPIO_Init_ADC2), (30 bytes).
    Removing adc_dma.o(.ARM.exidx.text.GPIO_Init_ADC2), (8 bytes).
    Removing adc_dma.o(.text.ADC2_Init), (172 bytes).
    Removing adc_dma.o(.ARM.exidx.text.ADC2_Init), (8 bytes).
    Removing adc_dma.o(.text.__NVIC_SetPriority), (68 bytes).
    Removing adc_dma.o(.ARM.exidx.text.__NVIC_SetPriority), (8 bytes).
    Removing adc_dma.o(.text.__NVIC_EnableIRQ), (52 bytes).
    Removing adc_dma.o(.ARM.exidx.text.__NVIC_EnableIRQ), (8 bytes).
    Removing adc_dma.o(.ARM.exidx.text.ADC1_2_IRQHandler), (8 bytes).
    Removing adc_dma.o(.text.ADC_control_PWM_Led), (100 bytes).
    Removing adc_dma.o(.ARM.exidx.text.ADC_control_PWM_Led), (8 bytes).
    Removing adc_dma.o(.text.ADC2_with_DMA_Init), (316 bytes).
    Removing adc_dma.o(.ARM.exidx.text.ADC2_with_DMA_Init), (8 bytes).
    Removing adc_dma.o(.data.ADC2_with_DMA_Init.pADCDR), (4 bytes).
    Removing adc_dma.o(.data.ADC2_with_DMA_Init.ADCRAW), (4 bytes).
    Removing spi.o(.text), (0 bytes).
    Removing spi.o(.text.SPI_Config_for_Gyroskop), (236 bytes).
    Removing spi.o(.ARM.exidx.text.SPI_Config_for_Gyroskop), (8 bytes).
    Removing spi.o(.ARM.exidx.text.Write_SPI), (8 bytes).
    Removing spi.o(.ARM.exidx.text.Read_SPI), (8 bytes).
    Removing spi.o(.text.L3GD20_Init), (60 bytes).
    Removing spi.o(.ARM.exidx.text.L3GD20_Init), (8 bytes).
    Removing spi.o(.ARM.exidx.text.L3GD20_DMA_Init), (8 bytes).
    Removing spi.o(.ARM.exidx.text.SPI_Config_for_Gyroskop_DMA), (8 bytes).
    Removing spi.o(.ARM.exidx.text.L3GD20_XYZ_Calculate), (8 bytes).
    Removing i2c.o(.text), (0 bytes).
    Removing i2c.o(.ARM.exidx.text.I2C_LSM303DLHC_Init), (8 bytes).
    Removing i2c.o(.ARM.exidx.text.I2C_Write), (8 bytes).
    Removing i2c.o(.ARM.exidx.text.I2C_Read), (8 bytes).
    Removing i2c.o(.ARM.exidx.text.I2C_LSM303DLHC_Config_Init), (8 bytes).
    Removing i2c.o(.ARM.exidx.text.I2C_LSM303DLHC_A_Read_XYZ), (8 bytes).
    Removing uart.o(.text), (0 bytes).
    Removing uart.o(.text.UART4_Init), (210 bytes).
    Removing uart.o(.ARM.exidx.text.UART4_Init), (8 bytes).
    Removing uart.o(.text.__NVIC_SetPriority), (68 bytes).
    Removing uart.o(.ARM.exidx.text.__NVIC_SetPriority), (8 bytes).
    Removing uart.o(.text.__NVIC_EnableIRQ), (52 bytes).
    Removing uart.o(.ARM.exidx.text.__NVIC_EnableIRQ), (8 bytes).
    Removing uart.o(.ARM.exidx.text.UART4_SendChar), (8 bytes).
    Removing uart.o(.text.UART4_SendString), (36 bytes).
    Removing uart.o(.ARM.exidx.text.UART4_SendString), (8 bytes).
    Removing uart.o(.ARM.exidx.text.UART4_GetChar), (8 bytes).
    Removing uart.o(.ARM.exidx.text.UART4_IRQHandler), (8 bytes).
    Removing uart.o(.text.UART4_Init_with_DMA), (210 bytes).
    Removing uart.o(.ARM.exidx.text.UART4_Init_with_DMA), (8 bytes).
    Removing uart.o(.text.UART4_DMA_config), (322 bytes).
    Removing uart.o(.ARM.exidx.text.UART4_DMA_config), (8 bytes).
    Removing uart.o(.ARM.exidx.text.UART4_Init_with_DMA_TIM7), (8 bytes).
    Removing uart.o(.ARM.exidx.text.UART4_DMA_TIM7_config), (8 bytes).
    Removing startup_stm32f303xc.o(HEAP), (512 bytes).
    Removing system_stm32f3xx.o(.text), (0 bytes).
    Removing system_stm32f3xx.o(.ARM.exidx.text.SystemInit), (8 bytes).
    Removing system_stm32f3xx.o(.text.SystemCoreClockUpdate), (278 bytes).
    Removing system_stm32f3xx.o(.ARM.exidx.text.SystemCoreClockUpdate), (8 bytes).
    Removing system_stm32f3xx.o(.data.SystemCoreClock), (4 bytes).
    Removing system_stm32f3xx.o(.rodata.AHBPrescTable), (16 bytes).
    Removing system_stm32f3xx.o(.rodata.APBPrescTable), (8 bytes).

113 unused section(s) (total 4954 bytes) removed from the image.

==============================================================================

Image Symbol Table

    Local Symbols

    Symbol Name                              Value     Ov Type        Size  Object(Section)

    ../clib/division.s                       0x00000000   Number         0  aeabi_sdiv.o ABSOLUTE
    ../clib/microlib/division.c              0x00000000   Number         0  uidiv.o ABSOLUTE
    ../clib/microlib/division.c              0x00000000   Number         0  uldiv.o ABSOLUTE
    ../clib/microlib/init/entry.s            0x00000000   Number         0  entry.o ABSOLUTE
    ../clib/microlib/init/entry.s            0x00000000   Number         0  entry2.o ABSOLUTE
    ../clib/microlib/init/entry.s            0x00000000   Number         0  entry5.o ABSOLUTE
    ../clib/microlib/init/entry.s            0x00000000   Number         0  entry7a.o ABSOLUTE
    ../clib/microlib/init/entry.s            0x00000000   Number         0  entry7b.o ABSOLUTE
    ../clib/microlib/init/entry.s            0x00000000   Number         0  entry8a.o ABSOLUTE
    ../clib/microlib/init/entry.s            0x00000000   Number         0  entry8b.o ABSOLUTE
    ../clib/microlib/init/entry.s            0x00000000   Number         0  entry9a.o ABSOLUTE
    ../clib/microlib/init/entry.s            0x00000000   Number         0  entry9b.o ABSOLUTE
    ../clib/microlib/init/entry.s            0x00000000   Number         0  entry10a.o ABSOLUTE
    ../clib/microlib/init/entry.s            0x00000000   Number         0  entry10b.o ABSOLUTE
    ../clib/microlib/init/entry.s            0x00000000   Number         0  entry11a.o ABSOLUTE
    ../clib/microlib/init/entry.s            0x00000000   Number         0  entry11b.o ABSOLUTE
    ../clib/microlib/longlong.c              0x00000000   Number         0  llshl.o ABSOLUTE
    ../clib/microlib/longlong.c              0x00000000   Number         0  llushr.o ABSOLUTE
    ../clib/microlib/longlong.c              0x00000000   Number         0  llsshr.o ABSOLUTE
    ../clib/microlib/printf/printf.c         0x00000000   Number         0  printfa.o ABSOLUTE
    ../clib/microlib/stdio/fputc.c           0x00000000   Number         0  fputc.o ABSOLUTE
    ../clib/microlib/stdio/fputc.c           0x00000000   Number         0  fputc_h.o ABSOLUTE
    ../clib/microlib/stdio/semi.s            0x00000000   Number         0  semi.o ABSOLUTE
    ../clib/microlib/stdio/streams.c         0x00000000   Number         0  stdout.o ABSOLUTE
    ../clib/microlib/stubs.s                 0x00000000   Number         0  iusefp.o ABSOLUTE
    ../clib/microlib/stubs.s                 0x00000000   Number         0  iusesemip.o ABSOLUTE
    ../fplib/microlib/fpadd.c                0x00000000   Number         0  dadd.o ABSOLUTE
    ../fplib/microlib/fpdiv.c                0x00000000   Number         0  ddiv.o ABSOLUTE
    ../fplib/microlib/fpepilogue.c           0x00000000   Number         0  depilogue.o ABSOLUTE
    ../fplib/microlib/fpfix.c                0x00000000   Number         0  dfixul.o ABSOLUTE
    ../fplib/microlib/fpmul.c                0x00000000   Number         0  dmul.o ABSOLUTE
    ADC_DMA.c                                0x00000000   Number         0  adc_dma.o ABSOLUTE
    EXTI.c                                   0x00000000   Number         0  exti.o ABSOLUTE
    GPIO_LEDS_Buttons.c                      0x00000000   Number         0  gpio_leds_buttons.o ABSOLUTE
    I2C.c                                    0x00000000   Number         0  i2c.o ABSOLUTE
    RTE/Device/STM32F303VCTx/startup_stm32f303xc.s 0x00000000   Number         0  startup_stm32f303xc.o ABSOLUTE
    SPI.c                                    0x00000000   Number         0  spi.o ABSOLUTE
    Timers.c                                 0x00000000   Number         0  timers.o ABSOLUTE
    UART.c                                   0x00000000   Number         0  uart.o ABSOLUTE
    UserSystemInit.c                         0x00000000   Number         0  usersysteminit.o ABSOLUTE
    cdrcmple.s                               0x00000000   Number         0  cdrcmple.o ABSOLUTE
    dc.s                                     0x00000000   Number         0  dc.o ABSOLUTE
    handlers.s                               0x00000000   Number         0  handlers.o ABSOLUTE
    init.s                                   0x00000000   Number         0  init.o ABSOLUTE
    main.c                                   0x00000000   Number         0  main.o ABSOLUTE
    system_stm32f3xx.c                       0x00000000   Number         0  system_stm32f3xx.o ABSOLUTE
    RESET                                    0x08000000   Section      392  startup_stm32f303xc.o(RESET)
    .ARM.Collect$$$$00000000                 0x08000188   Section        0  entry.o(.ARM.Collect$$$$00000000)
    .ARM.Collect$$$$00000001                 0x08000188   Section        4  entry2.o(.ARM.Collect$$$$00000001)
    .ARM.Collect$$$$00000004                 0x0800018c   Section        4  entry5.o(.ARM.Collect$$$$00000004)
    .ARM.Collect$$$$00000008                 0x08000190   Section        0  entry7b.o(.ARM.Collect$$$$00000008)
    .ARM.Collect$$$$0000000A                 0x08000190   Section        0  entry8b.o(.ARM.Collect$$$$0000000A)
    .ARM.Collect$$$$0000000B                 0x08000190   Section        8  entry9a.o(.ARM.Collect$$$$0000000B)
    __lit__00000000                          0x08000198   Data           4  entry2.o(.ARM.Collect$$$$00002712)
    .ARM.Collect$$$$0000000D                 0x08000198   Section        0  entry10a.o(.ARM.Collect$$$$0000000D)
    .ARM.Collect$$$$0000000F                 0x08000198   Section        0  entry11a.o(.ARM.Collect$$$$0000000F)
    .ARM.Collect$$$$00002712                 0x08000198   Section        4  entry2.o(.ARM.Collect$$$$00002712)
    $v0                                      0x0800019c   Number         0  startup_stm32f303xc.o(.text)
    .text                                    0x0800019c   Section       36  startup_stm32f303xc.o(.text)
    .text                                    0x080001c0   Section        0  uidiv.o(.text)
    .text                                    0x080001ec   Section        0  uldiv.o(.text)
    .text                                    0x0800024e   Section        0  iusefp.o(.text)
    .text                                    0x0800024e   Section        0  dadd.o(.text)
    .text                                    0x0800039c   Section        0  dmul.o(.text)
    .text                                    0x08000480   Section        0  ddiv.o(.text)
    .text                                    0x0800055e   Section        0  dfixul.o(.text)
    .text                                    0x08000590   Section       48  cdrcmple.o(.text)
    .text                                    0x080005c0   Section       36  init.o(.text)
    .text                                    0x080005e4   Section        0  llshl.o(.text)
    .text                                    0x08000602   Section        0  llushr.o(.text)
    .text                                    0x08000622   Section        0  llsshr.o(.text)
    .text                                    0x08000646   Section        0  depilogue.o(.text)
    [Anonymous Symbol]                       0x08000700   Section        0  adc_dma.o(.text.ADC1_2_IRQHandler)
    [Anonymous Symbol]                       0x08000728   Section        0  exti.o(.text.EXTI0_IRQHandler)
    [Anonymous Symbol]                       0x080007d4   Section        0  timers.o(.text.GPIO_Init_PWM_TIM1)
    [Anonymous Symbol]                       0x08000808   Section        0  usersysteminit.o(.text.HSE_with_PLL)
    [Anonymous Symbol]                       0x08000904   Section        0  i2c.o(.text.I2C_LSM303DLHC_A_Read_XYZ)
    [Anonymous Symbol]                       0x080009e8   Section        0  i2c.o(.text.I2C_LSM303DLHC_Config_Init)
    [Anonymous Symbol]                       0x08000a28   Section        0  i2c.o(.text.I2C_LSM303DLHC_Init)
    [Anonymous Symbol]                       0x08000afc   Section        0  i2c.o(.text.I2C_Read)
    [Anonymous Symbol]                       0x08000cb8   Section        0  i2c.o(.text.I2C_Write)
    [Anonymous Symbol]                       0x08000ddc   Section        0  spi.o(.text.L3GD20_DMA_Init)
    [Anonymous Symbol]                       0x08000f2c   Section        0  spi.o(.text.L3GD20_XYZ_Calculate)
    [Anonymous Symbol]                       0x08000fbc   Section        0  timers.o(.text.PWM_TIM1_C1_Init)
    [Anonymous Symbol]                       0x0800103c   Section        0  spi.o(.text.Read_SPI)
    [Anonymous Symbol]                       0x08001140   Section        0  spi.o(.text.SPI_Config_for_Gyroskop_DMA)
    SysTick_Config                           0x0800129d   Thumb Code    82  usersysteminit.o(.text.SysTick_Config)
    [Anonymous Symbol]                       0x0800129c   Section        0  usersysteminit.o(.text.SysTick_Config)
    [Anonymous Symbol]                       0x080012f0   Section        0  usersysteminit.o(.text.SysTick_Handler)
    [Anonymous Symbol]                       0x08001314   Section        0  system_stm32f3xx.o(.text.SystemInit)
    [Anonymous Symbol]                       0x080013ac   Section        0  timers.o(.text.TIM1_CC_IRQHandler)
    [Anonymous Symbol]                       0x080015f4   Section        0  timers.o(.text.TIM1_UP_TIM16_IRQHandler)
    [Anonymous Symbol]                       0x08001754   Section        0  timers.o(.text.TIM7_IRQHandler)
    [Anonymous Symbol]                       0x080017c0   Section        0  timers.o(.text.TIM7_config)
    [Anonymous Symbol]                       0x08001824   Section        0  uart.o(.text.UART4_DMA_TIM7_config)
    [Anonymous Symbol]                       0x08001968   Section        0  uart.o(.text.UART4_GetChar)
    [Anonymous Symbol]                       0x0800198c   Section        0  uart.o(.text.UART4_IRQHandler)
    [Anonymous Symbol]                       0x08001998   Section        0  uart.o(.text.UART4_Init_with_DMA_TIM7)
    [Anonymous Symbol]                       0x08001a70   Section        0  uart.o(.text.UART4_SendChar)
    [Anonymous Symbol]                       0x08001aa0   Section        0  spi.o(.text.Write_SPI)
    [Anonymous Symbol]                       0x08001b6c   Section        0  timers.o(.text.Zmiana_PWM_TIM1_stopniowo)
    __NVIC_EnableIRQ                         0x08001cbd   Thumb Code    52  timers.o(.text.__NVIC_EnableIRQ)
    [Anonymous Symbol]                       0x08001cbc   Section        0  timers.o(.text.__NVIC_EnableIRQ)
    __NVIC_SetPriority                       0x08001cf1   Thumb Code    68  usersysteminit.o(.text.__NVIC_SetPriority)
    [Anonymous Symbol]                       0x08001cf0   Section        0  usersysteminit.o(.text.__NVIC_SetPriority)
    __NVIC_SetPriority                       0x08001d35   Thumb Code    68  timers.o(.text.__NVIC_SetPriority)
    [Anonymous Symbol]                       0x08001d34   Section        0  timers.o(.text.__NVIC_SetPriority)
    [Anonymous Symbol]                       0x08001d78   Section        0  usersysteminit.o(.text.delay_ms)
    [Anonymous Symbol]                       0x08001da0   Section        0  main.o(.text.main)
    i.__0sprintf                             0x08001dfc   Section        0  printfa.o(i.__0sprintf)
    i.__scatterload_copy                     0x08001e24   Section       14  handlers.o(i.__scatterload_copy)
    i.__scatterload_null                     0x08001e32   Section        2  handlers.o(i.__scatterload_null)
    i.__scatterload_zeroinit                 0x08001e34   Section       14  handlers.o(i.__scatterload_zeroinit)
    _fp_digits                               0x08001e45   Thumb Code   366  printfa.o(i._fp_digits)
    i._fp_digits                             0x08001e44   Section        0  printfa.o(i._fp_digits)
    _printf_core                             0x08001fc9   Thumb Code  1744  printfa.o(i._printf_core)
    i._printf_core                           0x08001fc8   Section        0  printfa.o(i._printf_core)
    _printf_post_padding                     0x080026a5   Thumb Code    36  printfa.o(i._printf_post_padding)
    i._printf_post_padding                   0x080026a4   Section        0  printfa.o(i._printf_post_padding)
    _printf_pre_padding                      0x080026c9   Thumb Code    46  printfa.o(i._printf_pre_padding)
    i._printf_pre_padding                    0x080026c8   Section        0  printfa.o(i._printf_pre_padding)
    _sputc                                   0x080026f7   Thumb Code    10  printfa.o(i._sputc)
    i._sputc                                 0x080026f6   Section        0  printfa.o(i._sputc)
    .L.str                                   0x08002700   Data          25  main.o(.rodata.str1.1)
    [Anonymous Symbol]                       0x08002700   Section        0  main.o(.rodata.str1.1)
    TIM1_CC_IRQHandler.p1                    0x20000004   Data           2  timers.o(.data.TIM1_CC_IRQHandler.p1)
    [Anonymous Symbol]                       0x20000004   Section        0  timers.o(.data.TIM1_CC_IRQHandler.p1)
    TIM1_CC_IRQHandler.p2                    0x20000006   Data           2  timers.o(.data.TIM1_CC_IRQHandler.p2)
    [Anonymous Symbol]                       0x20000006   Section        0  timers.o(.data.TIM1_CC_IRQHandler.p2)
    TIM1_CC_IRQHandler.p3                    0x20000008   Data           2  timers.o(.data.TIM1_CC_IRQHandler.p3)
    [Anonymous Symbol]                       0x20000008   Section        0  timers.o(.data.TIM1_CC_IRQHandler.p3)
    TIM1_UP_TIM16_IRQHandler.k               0x2000000a   Data           2  timers.o(.data.TIM1_UP_TIM16_IRQHandler.k)
    [Anonymous Symbol]                       0x2000000a   Section        0  timers.o(.data.TIM1_UP_TIM16_IRQHandler.k)
    Zmiana_PWM_TIM1_stopniowo.direction      0x2000000c   Data           1  timers.o(.data.Zmiana_PWM_TIM1_stopniowo.direction)
    [Anonymous Symbol]                       0x2000000c   Section        0  timers.o(.data.Zmiana_PWM_TIM1_stopniowo.direction)
    SPI_L3GD2_CTRL1                          0x20000028   Data           2  spi.o(.bss.SPI_L3GD2_CTRL1)
    [Anonymous Symbol]                       0x20000028   Section        0  spi.o(.bss.SPI_L3GD2_CTRL1)
    SPI_L3GD2_WAI                            0x2000002a   Data           2  spi.o(.bss.SPI_L3GD2_WAI)
    [Anonymous Symbol]                       0x2000002a   Section        0  spi.o(.bss.SPI_L3GD2_WAI)
    Zmiana_PWM_TIM1_stopniowo.Tab_PWM_temp   0x20000076   Data         200  timers.o(.bss.Zmiana_PWM_TIM1_stopniowo.Tab_PWM_temp)
    [Anonymous Symbol]                       0x20000076   Section        0  timers.o(.bss.Zmiana_PWM_TIM1_stopniowo.Tab_PWM_temp)
    Zmiana_PWM_TIM1_stopniowo.exponenta      0x2000013e   Data           2  timers.o(.bss.Zmiana_PWM_TIM1_stopniowo.exponenta)
    [Anonymous Symbol]                       0x2000013e   Section        0  timers.o(.bss.Zmiana_PWM_TIM1_stopniowo.exponenta)
    Zmiana_PWM_TIM1_stopniowo.p              0x20000140   Data           1  timers.o(.bss.Zmiana_PWM_TIM1_stopniowo.p)
    [Anonymous Symbol]                       0x20000140   Section        0  timers.o(.bss.Zmiana_PWM_TIM1_stopniowo.p)
    STACK                                    0x20000150   Section     1024  startup_stm32f303xc.o(STACK)

    Global Symbols

    Symbol Name                              Value     Ov Type        Size  Object(Section)

    BuildAttributes$$THM_ISAv4$E$P$D$K$B$S$7EM$VFPi3$EXTD16$VFPS$VFMA$PE$A:L22UL41UL21$X:L11$S22US41US21$IEEE1$IW$~IW$USESV6$~STKCKD$USESV7$~SHL$OSPACE$ROPI$EBA8$MICROLIB$REQ8$PRES8$EABIv2 0x00000000   Number         0  anon$$obj.o ABSOLUTE
    __cpp_initialize__aeabi_                  - Undefined Weak Reference
    __cxa_finalize                            - Undefined Weak Reference
    __decompress                              - Undefined Weak Reference
    _clock_init                               - Undefined Weak Reference
    _microlib_exit                            - Undefined Weak Reference
    __Vectors_Size                           0x00000188   Number         0  startup_stm32f303xc.o ABSOLUTE
    __Vectors                                0x08000000   Data           4  startup_stm32f303xc.o(RESET)
    __Vectors_End                            0x08000188   Data           0  startup_stm32f303xc.o(RESET)
    __main                                   0x08000189   Thumb Code     0  entry.o(.ARM.Collect$$$$00000000)
    _main_stk                                0x08000189   Thumb Code     0  entry2.o(.ARM.Collect$$$$00000001)
    _main_scatterload                        0x0800018d   Thumb Code     0  entry5.o(.ARM.Collect$$$$00000004)
    __main_after_scatterload                 0x08000191   Thumb Code     0  entry5.o(.ARM.Collect$$$$00000004)
    _main_clock                              0x08000191   Thumb Code     0  entry7b.o(.ARM.Collect$$$$00000008)
    _main_cpp_init                           0x08000191   Thumb Code     0  entry8b.o(.ARM.Collect$$$$0000000A)
    _main_init                               0x08000191   Thumb Code     0  entry9a.o(.ARM.Collect$$$$0000000B)
    __rt_final_cpp                           0x08000199   Thumb Code     0  entry10a.o(.ARM.Collect$$$$0000000D)
    __rt_final_exit                          0x08000199   Thumb Code     0  entry11a.o(.ARM.Collect$$$$0000000F)
    Reset_Handler                            0x0800019d   Thumb Code     8  startup_stm32f303xc.o(.text)
    NMI_Handler                              0x080001a5   Thumb Code     2  startup_stm32f303xc.o(.text)
    HardFault_Handler                        0x080001a7   Thumb Code     2  startup_stm32f303xc.o(.text)
    MemManage_Handler                        0x080001a9   Thumb Code     2  startup_stm32f303xc.o(.text)
    BusFault_Handler                         0x080001ab   Thumb Code     2  startup_stm32f303xc.o(.text)
    UsageFault_Handler                       0x080001ad   Thumb Code     2  startup_stm32f303xc.o(.text)
    SVC_Handler                              0x080001af   Thumb Code     2  startup_stm32f303xc.o(.text)
    DebugMon_Handler                         0x080001b1   Thumb Code     2  startup_stm32f303xc.o(.text)
    PendSV_Handler                           0x080001b3   Thumb Code     2  startup_stm32f303xc.o(.text)
    ADC3_IRQHandler                          0x080001b7   Thumb Code     0  startup_stm32f303xc.o(.text)
    ADC4_IRQHandler                          0x080001b7   Thumb Code     0  startup_stm32f303xc.o(.text)
    CAN_RX1_IRQHandler                       0x080001b7   Thumb Code     0  startup_stm32f303xc.o(.text)
    CAN_SCE_IRQHandler                       0x080001b7   Thumb Code     0  startup_stm32f303xc.o(.text)
    COMP1_2_3_IRQHandler                     0x080001b7   Thumb Code     0  startup_stm32f303xc.o(.text)
    COMP4_5_6_IRQHandler                     0x080001b7   Thumb Code     0  startup_stm32f303xc.o(.text)
    COMP7_IRQHandler                         0x080001b7   Thumb Code     0  startup_stm32f303xc.o(.text)
    DMA1_Channel1_IRQHandler                 0x080001b7   Thumb Code     0  startup_stm32f303xc.o(.text)
    DMA1_Channel2_IRQHandler                 0x080001b7   Thumb Code     0  startup_stm32f303xc.o(.text)
    DMA1_Channel3_IRQHandler                 0x080001b7   Thumb Code     0  startup_stm32f303xc.o(.text)
    DMA1_Channel4_IRQHandler                 0x080001b7   Thumb Code     0  startup_stm32f303xc.o(.text)
    DMA1_Channel5_IRQHandler                 0x080001b7   Thumb Code     0  startup_stm32f303xc.o(.text)
    DMA1_Channel6_IRQHandler                 0x080001b7   Thumb Code     0  startup_stm32f303xc.o(.text)
    DMA1_Channel7_IRQHandler                 0x080001b7   Thumb Code     0  startup_stm32f303xc.o(.text)
    DMA2_Channel1_IRQHandler                 0x080001b7   Thumb Code     0  startup_stm32f303xc.o(.text)
    DMA2_Channel2_IRQHandler                 0x080001b7   Thumb Code     0  startup_stm32f303xc.o(.text)
    DMA2_Channel3_IRQHandler                 0x080001b7   Thumb Code     0  startup_stm32f303xc.o(.text)
    DMA2_Channel4_IRQHandler                 0x080001b7   Thumb Code     0  startup_stm32f303xc.o(.text)
    DMA2_Channel5_IRQHandler                 0x080001b7   Thumb Code     0  startup_stm32f303xc.o(.text)
    EXTI15_10_IRQHandler                     0x080001b7   Thumb Code     0  startup_stm32f303xc.o(.text)
    EXTI1_IRQHandler                         0x080001b7   Thumb Code     0  startup_stm32f303xc.o(.text)
    EXTI2_TSC_IRQHandler                     0x080001b7   Thumb Code     0  startup_stm32f303xc.o(.text)
    EXTI3_IRQHandler                         0x080001b7   Thumb Code     0  startup_stm32f303xc.o(.text)
    EXTI4_IRQHandler                         0x080001b7   Thumb Code     0  startup_stm32f303xc.o(.text)
    EXTI9_5_IRQHandler                       0x080001b7   Thumb Code     0  startup_stm32f303xc.o(.text)
    FLASH_IRQHandler                         0x080001b7   Thumb Code     0  startup_stm32f303xc.o(.text)
    FPU_IRQHandler                           0x080001b7   Thumb Code     0  startup_stm32f303xc.o(.text)
    I2C1_ER_IRQHandler                       0x080001b7   Thumb Code     0  startup_stm32f303xc.o(.text)
    I2C1_EV_IRQHandler                       0x080001b7   Thumb Code     0  startup_stm32f303xc.o(.text)
    I2C2_ER_IRQHandler                       0x080001b7   Thumb Code     0  startup_stm32f303xc.o(.text)
    I2C2_EV_IRQHandler                       0x080001b7   Thumb Code     0  startup_stm32f303xc.o(.text)
    PVD_IRQHandler                           0x080001b7   Thumb Code     0  startup_stm32f303xc.o(.text)
    RCC_IRQHandler                           0x080001b7   Thumb Code     0  startup_stm32f303xc.o(.text)
    RTC_Alarm_IRQHandler                     0x080001b7   Thumb Code     0  startup_stm32f303xc.o(.text)
    RTC_WKUP_IRQHandler                      0x080001b7   Thumb Code     0  startup_stm32f303xc.o(.text)
    SPI1_IRQHandler                          0x080001b7   Thumb Code     0  startup_stm32f303xc.o(.text)
    SPI2_IRQHandler                          0x080001b7   Thumb Code     0  startup_stm32f303xc.o(.text)
    SPI3_IRQHandler                          0x080001b7   Thumb Code     0  startup_stm32f303xc.o(.text)
    TAMP_STAMP_IRQHandler                    0x080001b7   Thumb Code     0  startup_stm32f303xc.o(.text)
    TIM1_BRK_TIM15_IRQHandler                0x080001b7   Thumb Code     0  startup_stm32f303xc.o(.text)
    TIM1_TRG_COM_TIM17_IRQHandler            0x080001b7   Thumb Code     0  startup_stm32f303xc.o(.text)
    TIM2_IRQHandler                          0x080001b7   Thumb Code     0  startup_stm32f303xc.o(.text)
    TIM3_IRQHandler                          0x080001b7   Thumb Code     0  startup_stm32f303xc.o(.text)
    TIM4_IRQHandler                          0x080001b7   Thumb Code     0  startup_stm32f303xc.o(.text)
    TIM6_DAC_IRQHandler                      0x080001b7   Thumb Code     0  startup_stm32f303xc.o(.text)
    TIM8_BRK_IRQHandler                      0x080001b7   Thumb Code     0  startup_stm32f303xc.o(.text)
    TIM8_CC_IRQHandler                       0x080001b7   Thumb Code     0  startup_stm32f303xc.o(.text)
    TIM8_TRG_COM_IRQHandler                  0x080001b7   Thumb Code     0  startup_stm32f303xc.o(.text)
    TIM8_UP_IRQHandler                       0x080001b7   Thumb Code     0  startup_stm32f303xc.o(.text)
    UART5_IRQHandler                         0x080001b7   Thumb Code     0  startup_stm32f303xc.o(.text)
    USART1_IRQHandler                        0x080001b7   Thumb Code     0  startup_stm32f303xc.o(.text)
    USART2_IRQHandler                        0x080001b7   Thumb Code     0  startup_stm32f303xc.o(.text)
    USART3_IRQHandler                        0x080001b7   Thumb Code     0  startup_stm32f303xc.o(.text)
    USBWakeUp_IRQHandler                     0x080001b7   Thumb Code     0  startup_stm32f303xc.o(.text)
    USBWakeUp_RMP_IRQHandler                 0x080001b7   Thumb Code     0  startup_stm32f303xc.o(.text)
    USB_HP_CAN_TX_IRQHandler                 0x080001b7   Thumb Code     0  startup_stm32f303xc.o(.text)
    USB_HP_IRQHandler                        0x080001b7   Thumb Code     0  startup_stm32f303xc.o(.text)
    USB_LP_CAN_RX0_IRQHandler                0x080001b7   Thumb Code     0  startup_stm32f303xc.o(.text)
    USB_LP_IRQHandler                        0x080001b7   Thumb Code     0  startup_stm32f303xc.o(.text)
    WWDG_IRQHandler                          0x080001b7   Thumb Code     0  startup_stm32f303xc.o(.text)
    __aeabi_uidiv                            0x080001c1   Thumb Code     0  uidiv.o(.text)
    __aeabi_uidivmod                         0x080001c1   Thumb Code    44  uidiv.o(.text)
    __aeabi_uldivmod                         0x080001ed   Thumb Code    98  uldiv.o(.text)
    __I$use$fp                               0x0800024f   Thumb Code     0  iusefp.o(.text)
    __aeabi_dadd                             0x0800024f   Thumb Code   322  dadd.o(.text)
    __aeabi_dsub                             0x08000391   Thumb Code     6  dadd.o(.text)
    __aeabi_drsub                            0x08000397   Thumb Code     6  dadd.o(.text)
    __aeabi_dmul                             0x0800039d   Thumb Code   228  dmul.o(.text)
    __aeabi_ddiv                             0x08000481   Thumb Code   222  ddiv.o(.text)
    __aeabi_d2ulz                            0x0800055f   Thumb Code    48  dfixul.o(.text)
    __aeabi_cdrcmple                         0x08000591   Thumb Code    48  cdrcmple.o(.text)
    __scatterload                            0x080005c1   Thumb Code    28  init.o(.text)
    __scatterload_rt2                        0x080005c1   Thumb Code     0  init.o(.text)
    __aeabi_llsl                             0x080005e5   Thumb Code    30  llshl.o(.text)
    _ll_shift_l                              0x080005e5   Thumb Code     0  llshl.o(.text)
    __aeabi_llsr                             0x08000603   Thumb Code    32  llushr.o(.text)
    _ll_ushift_r                             0x08000603   Thumb Code     0  llushr.o(.text)
    __aeabi_lasr                             0x08000623   Thumb Code    36  llsshr.o(.text)
    _ll_sshift_r                             0x08000623   Thumb Code     0  llsshr.o(.text)
    _double_round                            0x08000647   Thumb Code    30  depilogue.o(.text)
    _double_epilogue                         0x08000665   Thumb Code   156  depilogue.o(.text)
    ADC1_2_IRQHandler                        0x08000701   Thumb Code    38  adc_dma.o(.text.ADC1_2_IRQHandler)
    EXTI0_IRQHandler                         0x08000729   Thumb Code   172  exti.o(.text.EXTI0_IRQHandler)
    GPIO_Init_PWM_TIM1                       0x080007d5   Thumb Code    50  timers.o(.text.GPIO_Init_PWM_TIM1)
    HSE_with_PLL                             0x08000809   Thumb Code   252  usersysteminit.o(.text.HSE_with_PLL)
    I2C_LSM303DLHC_A_Read_XYZ                0x08000905   Thumb Code   228  i2c.o(.text.I2C_LSM303DLHC_A_Read_XYZ)
    I2C_LSM303DLHC_Config_Init               0x080009e9   Thumb Code    64  i2c.o(.text.I2C_LSM303DLHC_Config_Init)
    I2C_LSM303DLHC_Init                      0x08000a29   Thumb Code   212  i2c.o(.text.I2C_LSM303DLHC_Init)
    I2C_Read                                 0x08000afd   Thumb Code   444  i2c.o(.text.I2C_Read)
    I2C_Write                                0x08000cb9   Thumb Code   292  i2c.o(.text.I2C_Write)
    L3GD20_DMA_Init                          0x08000ddd   Thumb Code   334  spi.o(.text.L3GD20_DMA_Init)
    L3GD20_XYZ_Calculate                     0x08000f2d   Thumb Code   142  spi.o(.text.L3GD20_XYZ_Calculate)
    PWM_TIM1_C1_Init                         0x08000fbd   Thumb Code   128  timers.o(.text.PWM_TIM1_C1_Init)
    Read_SPI                                 0x0800103d   Thumb Code   258  spi.o(.text.Read_SPI)
    SPI_Config_for_Gyroskop_DMA              0x08001141   Thumb Code   348  spi.o(.text.SPI_Config_for_Gyroskop_DMA)
    SysTick_Handler                          0x080012f1   Thumb Code    34  usersysteminit.o(.text.SysTick_Handler)
    SystemInit                               0x08001315   Thumb Code   150  system_stm32f3xx.o(.text.SystemInit)
    TIM1_CC_IRQHandler                       0x080013ad   Thumb Code   582  timers.o(.text.TIM1_CC_IRQHandler)
    TIM1_UP_TIM16_IRQHandler                 0x080015f5   Thumb Code   350  timers.o(.text.TIM1_UP_TIM16_IRQHandler)
    TIM7_IRQHandler                          0x08001755   Thumb Code   106  timers.o(.text.TIM7_IRQHandler)
    TIM7_config                              0x080017c1   Thumb Code   100  timers.o(.text.TIM7_config)
    UART4_DMA_TIM7_config                    0x08001825   Thumb Code   322  uart.o(.text.UART4_DMA_TIM7_config)
    UART4_GetChar                            0x08001969   Thumb Code    36  uart.o(.text.UART4_GetChar)
    UART4_IRQHandler                         0x0800198d   Thumb Code    12  uart.o(.text.UART4_IRQHandler)
    UART4_Init_with_DMA_TIM7                 0x08001999   Thumb Code   214  uart.o(.text.UART4_Init_with_DMA_TIM7)
    UART4_SendChar                           0x08001a71   Thumb Code    48  uart.o(.text.UART4_SendChar)
    Write_SPI                                0x08001aa1   Thumb Code   204  spi.o(.text.Write_SPI)
    Zmiana_PWM_TIM1_stopniowo                0x08001b6d   Thumb Code   336  timers.o(.text.Zmiana_PWM_TIM1_stopniowo)
    delay_ms                                 0x08001d79   Thumb Code    40  usersysteminit.o(.text.delay_ms)
    main                                     0x08001da1   Thumb Code    90  main.o(.text.main)
    __0sprintf                               0x08001dfd   Thumb Code    34  printfa.o(i.__0sprintf)
    __1sprintf                               0x08001dfd   Thumb Code     0  printfa.o(i.__0sprintf)
    __2sprintf                               0x08001dfd   Thumb Code     0  printfa.o(i.__0sprintf)
    __c89sprintf                             0x08001dfd   Thumb Code     0  printfa.o(i.__0sprintf)
    sprintf                                  0x08001dfd   Thumb Code     0  printfa.o(i.__0sprintf)
    __scatterload_copy                       0x08001e25   Thumb Code    14  handlers.o(i.__scatterload_copy)
    __scatterload_null                       0x08001e33   Thumb Code     2  handlers.o(i.__scatterload_null)
    __scatterload_zeroinit                   0x08001e35   Thumb Code    14  handlers.o(i.__scatterload_zeroinit)
    tab_SPI_L3GD20_XYZ_adress                0x08002719   Data           6  main.o(.rodata.tab_SPI_L3GD20_XYZ_adress)
    Region$$Table$$Base                      0x08002720   Number         0  anon$$obj.o(Region$$Table)
    Region$$Table$$Limit                     0x08002740   Number         0  anon$$obj.o(Region$$Table)
    PWM_ARR_value                            0x20000000   Data           2  main.o(.data.PWM_ARR_value)
    SizeOfDataToReciveUART4                  0x20000002   Data           1  main.o(.data.SizeOfDataToReciveUART4)
    ADC2_Raw_value                           0x20000010   Data           4  main.o(.bss.ADC2_Raw_value)
    EXTI0_flag                               0x20000014   Data           1  main.o(.bss.EXTI0_flag)
    FirstRun_GPIO_PWM_Init                   0x20000015   Data           1  main.o(.bss.FirstRun_GPIO_PWM_Init)
    I2C_LSM303DLHC_A_XH                      0x20000016   Data           1  main.o(.bss.I2C_LSM303DLHC_A_XH)
    I2C_LSM303DLHC_A_XL                      0x20000017   Data           1  main.o(.bss.I2C_LSM303DLHC_A_XL)
    I2C_LSM303DLHC_A_X_value                 0x20000018   Data           2  main.o(.bss.I2C_LSM303DLHC_A_X_value)
    I2C_LSM303DLHC_A_YH                      0x2000001a   Data           1  main.o(.bss.I2C_LSM303DLHC_A_YH)
    I2C_LSM303DLHC_A_YL                      0x2000001b   Data           1  main.o(.bss.I2C_LSM303DLHC_A_YL)
    I2C_LSM303DLHC_A_Y_value                 0x2000001c   Data           2  main.o(.bss.I2C_LSM303DLHC_A_Y_value)
    I2C_LSM303DLHC_A_ZH                      0x2000001e   Data           1  main.o(.bss.I2C_LSM303DLHC_A_ZH)
    I2C_LSM303DLHC_A_ZL                      0x2000001f   Data           1  main.o(.bss.I2C_LSM303DLHC_A_ZL)
    I2C_LSM303DLHC_A_Z_value                 0x20000020   Data           2  main.o(.bss.I2C_LSM303DLHC_A_Z_value)
    PWM_CCR1_value                           0x20000022   Data           1  main.o(.bss.PWM_CCR1_value)
    PWM_status_ON                            0x20000023   Data           1  main.o(.bss.PWM_status_ON)
    PWM_temp                                 0x20000024   Data           2  main.o(.bss.PWM_temp)
    Read_value_LSM303DLHC_A                  0x20000026   Data           1  main.o(.bss.Read_value_LSM303DLHC_A)
    SPI_L3GD2_XH                             0x2000002c   Data           1  main.o(.bss.SPI_L3GD2_XH)
    SPI_L3GD2_XL                             0x2000002d   Data           1  main.o(.bss.SPI_L3GD2_XL)
    SPI_L3GD2_X_value                        0x2000002e   Data           2  main.o(.bss.SPI_L3GD2_X_value)
    SPI_L3GD2_YH                             0x20000030   Data           1  main.o(.bss.SPI_L3GD2_YH)
    SPI_L3GD2_YL                             0x20000031   Data           1  main.o(.bss.SPI_L3GD2_YL)
    SPI_L3GD2_Y_value                        0x20000032   Data           2  main.o(.bss.SPI_L3GD2_Y_value)
    SPI_L3GD2_ZH                             0x20000034   Data           1  main.o(.bss.SPI_L3GD2_ZH)
    SPI_L3GD2_ZL                             0x20000035   Data           1  main.o(.bss.SPI_L3GD2_ZL)
    SPI_L3GD2_Z_value                        0x20000036   Data           2  main.o(.bss.SPI_L3GD2_Z_value)
    SizeOfDataToSendUART4                    0x20000038   Data           1  main.o(.bss.SizeOfDataToSendUART4)
    StringToReciveUART                       0x20000039   Data          20  main.o(.bss.StringToReciveUART)
    StringToSendUART                         0x2000004d   Data          40  main.o(.bss.StringToSendUART)
    tab_SPI_L3GD20_XYZ_values                0x20000141   Data           6  main.o(.bss.tab_SPI_L3GD20_XYZ_values)
    timer_ms                                 0x20000148   Data           4  main.o(.bss.timer_ms)
    __initial_sp                             0x20000550   Data           0  startup_stm32f303xc.o(STACK)



==============================================================================

Memory Map of the image

  Image Entry point : 0x0800019d

  Load Region LR_1 (Base: 0x08000000, Size: 0x00002750, Max: 0xffffffff, ABSOLUTE)

    Execution Region ER_RO (Exec base: 0x08000000, Load base: 0x08000000, Size: 0x00002740, Max: 0xffffffff, ABSOLUTE)

    Exec Addr    Load Addr    Size         Type   Attr      Idx    E Section Name        Object

    0x08000000   0x08000000   0x00000188   Data   RO          237    RESET               startup_stm32f303xc.o
    0x08000188   0x08000188   0x00000000   Code   RO          258  * .ARM.Collect$$$$00000000  mc_w.l(entry.o)
    0x08000188   0x08000188   0x00000004   Code   RO          289    .ARM.Collect$$$$00000001  mc_w.l(entry2.o)
    0x0800018c   0x0800018c   0x00000004   Code   RO          292    .ARM.Collect$$$$00000004  mc_w.l(entry5.o)
    0x08000190   0x08000190   0x00000000   Code   RO          294    .ARM.Collect$$$$00000008  mc_w.l(entry7b.o)
    0x08000190   0x08000190   0x00000000   Code   RO          296    .ARM.Collect$$$$0000000A  mc_w.l(entry8b.o)
    0x08000190   0x08000190   0x00000008   Code   RO          297    .ARM.Collect$$$$0000000B  mc_w.l(entry9a.o)
    0x08000198   0x08000198   0x00000000   Code   RO          299    .ARM.Collect$$$$0000000D  mc_w.l(entry10a.o)
    0x08000198   0x08000198   0x00000000   Code   RO          301    .ARM.Collect$$$$0000000F  mc_w.l(entry11a.o)
    0x08000198   0x08000198   0x00000004   Code   RO          290    .ARM.Collect$$$$00002712  mc_w.l(entry2.o)
    0x0800019c   0x0800019c   0x00000024   Code   RO          238  * .text               startup_stm32f303xc.o
    0x080001c0   0x080001c0   0x0000002c   Code   RO          317    .text               mc_w.l(uidiv.o)
    0x080001ec   0x080001ec   0x00000062   Code   RO          319    .text               mc_w.l(uldiv.o)
    0x0800024e   0x0800024e   0x00000000   Code   RO          321    .text               mc_w.l(iusefp.o)
    0x0800024e   0x0800024e   0x0000014e   Code   RO          322    .text               mf_w.l(dadd.o)
    0x0800039c   0x0800039c   0x000000e4   Code   RO          324    .text               mf_w.l(dmul.o)
    0x08000480   0x08000480   0x000000de   Code   RO          326    .text               mf_w.l(ddiv.o)
    0x0800055e   0x0800055e   0x00000030   Code   RO          328    .text               mf_w.l(dfixul.o)
    0x0800058e   0x0800058e   0x00000002   PAD
    0x08000590   0x08000590   0x00000030   Code   RO          330    .text               mf_w.l(cdrcmple.o)
    0x080005c0   0x080005c0   0x00000024   Code   RO          332    .text               mc_w.l(init.o)
    0x080005e4   0x080005e4   0x0000001e   Code   RO          335    .text               mc_w.l(llshl.o)
    0x08000602   0x08000602   0x00000020   Code   RO          337    .text               mc_w.l(llushr.o)
    0x08000622   0x08000622   0x00000024   Code   RO          339    .text               mc_w.l(llsshr.o)
    0x08000646   0x08000646   0x000000ba   Code   RO          342    .text               mf_w.l(depilogue.o)
    0x08000700   0x08000700   0x00000026   Code   RO          152    .text.ADC1_2_IRQHandler  adc_dma.o
    0x08000726   0x08000726   0x00000002   PAD
    0x08000728   0x08000728   0x000000ac   Code   RO          114    .text.EXTI0_IRQHandler  exti.o
    0x080007d4   0x080007d4   0x00000032   Code   RO           87    .text.GPIO_Init_PWM_TIM1  timers.o
    0x08000806   0x08000806   0x00000002   PAD
    0x08000808   0x08000808   0x000000fc   Code   RO           60    .text.HSE_with_PLL  usersysteminit.o
    0x08000904   0x08000904   0x000000e4   Code   RO          198    .text.I2C_LSM303DLHC_A_Read_XYZ  i2c.o
    0x080009e8   0x080009e8   0x00000040   Code   RO          196    .text.I2C_LSM303DLHC_Config_Init  i2c.o
    0x08000a28   0x08000a28   0x000000d4   Code   RO          190    .text.I2C_LSM303DLHC_Init  i2c.o
    0x08000afc   0x08000afc   0x000001bc   Code   RO          194    .text.I2C_Read      i2c.o
    0x08000cb8   0x08000cb8   0x00000124   Code   RO          192    .text.I2C_Write     i2c.o
    0x08000ddc   0x08000ddc   0x0000014e   Code   RO          175    .text.L3GD20_DMA_Init  spi.o
    0x08000f2a   0x08000f2a   0x00000002   PAD
    0x08000f2c   0x08000f2c   0x0000008e   Code   RO          179    .text.L3GD20_XYZ_Calculate  spi.o
    0x08000fba   0x08000fba   0x00000002   PAD
    0x08000fbc   0x08000fbc   0x00000080   Code   RO           85    .text.PWM_TIM1_C1_Init  timers.o
    0x0800103c   0x0800103c   0x00000102   Code   RO          171    .text.Read_SPI      spi.o
    0x0800113e   0x0800113e   0x00000002   PAD
    0x08001140   0x08001140   0x0000015c   Code   RO          177    .text.SPI_Config_for_Gyroskop_DMA  spi.o
    0x0800129c   0x0800129c   0x00000052   Code   RO           56    .text.SysTick_Config  usersysteminit.o
    0x080012ee   0x080012ee   0x00000002   PAD
    0x080012f0   0x080012f0   0x00000022   Code   RO           52    .text.SysTick_Handler  usersysteminit.o
    0x08001312   0x08001312   0x00000002   PAD
    0x08001314   0x08001314   0x00000096   Code   RO          245    .text.SystemInit    system_stm32f3xx.o
    0x080013aa   0x080013aa   0x00000002   PAD
    0x080013ac   0x080013ac   0x00000246   Code   RO           83    .text.TIM1_CC_IRQHandler  timers.o
    0x080015f2   0x080015f2   0x00000002   PAD
    0x080015f4   0x080015f4   0x0000015e   Code   RO           81    .text.TIM1_UP_TIM16_IRQHandler  timers.o
    0x08001752   0x08001752   0x00000002   PAD
    0x08001754   0x08001754   0x0000006a   Code   RO           77    .text.TIM7_IRQHandler  timers.o
    0x080017be   0x080017be   0x00000002   PAD
    0x080017c0   0x080017c0   0x00000064   Code   RO           71    .text.TIM7_config   timers.o
    0x08001824   0x08001824   0x00000142   Code   RO          227    .text.UART4_DMA_TIM7_config  uart.o
    0x08001966   0x08001966   0x00000002   PAD
    0x08001968   0x08001968   0x00000024   Code   RO          217    .text.UART4_GetChar  uart.o
    0x0800198c   0x0800198c   0x0000000c   Code   RO          219    .text.UART4_IRQHandler  uart.o
    0x08001998   0x08001998   0x000000d6   Code   RO          225    .text.UART4_Init_with_DMA_TIM7  uart.o
    0x08001a6e   0x08001a6e   0x00000002   PAD
    0x08001a70   0x08001a70   0x00000030   Code   RO          213    .text.UART4_SendChar  uart.o
    0x08001aa0   0x08001aa0   0x000000cc   Code   RO          169    .text.Write_SPI     spi.o
    0x08001b6c   0x08001b6c   0x00000150   Code   RO           91    .text.Zmiana_PWM_TIM1_stopniowo  timers.o
    0x08001cbc   0x08001cbc   0x00000034   Code   RO           75    .text.__NVIC_EnableIRQ  timers.o
    0x08001cf0   0x08001cf0   0x00000044   Code   RO           62    .text.__NVIC_SetPriority  usersysteminit.o
    0x08001d34   0x08001d34   0x00000044   Code   RO           73    .text.__NVIC_SetPriority  timers.o
    0x08001d78   0x08001d78   0x00000028   Code   RO           48    .text.delay_ms      usersysteminit.o
    0x08001da0   0x08001da0   0x0000005a   Code   RO            2    .text.main          main.o
    0x08001dfa   0x08001dfa   0x00000002   PAD
    0x08001dfc   0x08001dfc   0x00000028   Code   RO          264    i.__0sprintf        mc_w.l(printfa.o)
    0x08001e24   0x08001e24   0x0000000e   Code   RO          346    i.__scatterload_copy  mc_w.l(handlers.o)
    0x08001e32   0x08001e32   0x00000002   Code   RO          347    i.__scatterload_null  mc_w.l(handlers.o)
    0x08001e34   0x08001e34   0x0000000e   Code   RO          348    i.__scatterload_zeroinit  mc_w.l(handlers.o)
    0x08001e42   0x08001e42   0x00000002   PAD
    0x08001e44   0x08001e44   0x00000184   Code   RO          269    i._fp_digits        mc_w.l(printfa.o)
    0x08001fc8   0x08001fc8   0x000006dc   Code   RO          270    i._printf_core      mc_w.l(printfa.o)
    0x080026a4   0x080026a4   0x00000024   Code   RO          271    i._printf_post_padding  mc_w.l(printfa.o)
    0x080026c8   0x080026c8   0x0000002e   Code   RO          272    i._printf_pre_padding  mc_w.l(printfa.o)
    0x080026f6   0x080026f6   0x0000000a   Code   RO          274    i._sputc            mc_w.l(printfa.o)
    0x08002700   0x08002700   0x00000019   Data   RO           14    .rodata.str1.1      main.o
    0x08002719   0x08002719   0x00000006   Data   RO           11    .rodata.tab_SPI_L3GD20_XYZ_adress  main.o
    0x0800271f   0x0800271f   0x00000001   PAD
    0x08002720   0x08002720   0x00000020   Data   RO          345    Region$$Table       anon$$obj.o


    Execution Region ER_RW (Exec base: 0x20000000, Load base: 0x08002740, Size: 0x00000010, Max: 0xffffffff, ABSOLUTE)

    Exec Addr    Load Addr    Size         Type   Attr      Idx    E Section Name        Object

    0x20000000   0x08002740   0x00000002   Data   RW            7    .data.PWM_ARR_value  main.o
    0x20000002   0x08002742   0x00000001   Data   RW           12    .data.SizeOfDataToReciveUART4  main.o
    0x20000003   0x08002743   0x00000001   PAD
    0x20000004   0x08002744   0x00000002   Data   RW           94    .data.TIM1_CC_IRQHandler.p1  timers.o
    0x20000006   0x08002746   0x00000002   Data   RW           95    .data.TIM1_CC_IRQHandler.p2  timers.o
    0x20000008   0x08002748   0x00000002   Data   RW           96    .data.TIM1_CC_IRQHandler.p3  timers.o
    0x2000000a   0x0800274a   0x00000002   Data   RW           93    .data.TIM1_UP_TIM16_IRQHandler.k  timers.o
    0x2000000c   0x0800274c   0x00000001   Data   RW           99    .data.Zmiana_PWM_TIM1_stopniowo.direction  timers.o


    Execution Region ER_ZI (Exec base: 0x20000010, Load base: 0x08002750, Size: 0x00000540, Max: 0xffffffff, ABSOLUTE)

    Exec Addr    Load Addr    Size         Type   Attr      Idx    E Section Name        Object

    0x20000010        -       0x00000004   Zero   RW            9    .bss.ADC2_Raw_value  main.o
    0x20000014        -       0x00000001   Zero   RW           18    .bss.EXTI0_flag     main.o
    0x20000015        -       0x00000001   Zero   RW            4    .bss.FirstRun_GPIO_PWM_Init  main.o
    0x20000016        -       0x00000001   Zero   RW           32    .bss.I2C_LSM303DLHC_A_XH  main.o
    0x20000017        -       0x00000001   Zero   RW           31    .bss.I2C_LSM303DLHC_A_XL  main.o
    0x20000018        -       0x00000002   Zero   RW           37    .bss.I2C_LSM303DLHC_A_X_value  main.o
    0x2000001a        -       0x00000001   Zero   RW           34    .bss.I2C_LSM303DLHC_A_YH  main.o
    0x2000001b        -       0x00000001   Zero   RW           33    .bss.I2C_LSM303DLHC_A_YL  main.o
    0x2000001c        -       0x00000002   Zero   RW           38    .bss.I2C_LSM303DLHC_A_Y_value  main.o
    0x2000001e        -       0x00000001   Zero   RW           36    .bss.I2C_LSM303DLHC_A_ZH  main.o
    0x2000001f        -       0x00000001   Zero   RW           35    .bss.I2C_LSM303DLHC_A_ZL  main.o
    0x20000020        -       0x00000002   Zero   RW           39    .bss.I2C_LSM303DLHC_A_Z_value  main.o
    0x20000022        -       0x00000001   Zero   RW            8    .bss.PWM_CCR1_value  main.o
    0x20000023        -       0x00000001   Zero   RW            6    .bss.PWM_status_ON  main.o
    0x20000024        -       0x00000002   Zero   RW           19    .bss.PWM_temp       main.o
    0x20000026        -       0x00000001   Zero   RW           30    .bss.Read_value_LSM303DLHC_A  main.o
    0x20000027   0x08002750   0x00000001   PAD
    0x20000028        -       0x00000002   Zero   RW          182    .bss.SPI_L3GD2_CTRL1  spi.o
    0x2000002a        -       0x00000002   Zero   RW          181    .bss.SPI_L3GD2_WAI  spi.o
    0x2000002c        -       0x00000001   Zero   RW           22    .bss.SPI_L3GD2_XH   main.o
    0x2000002d        -       0x00000001   Zero   RW           21    .bss.SPI_L3GD2_XL   main.o
    0x2000002e        -       0x00000002   Zero   RW           15    .bss.SPI_L3GD2_X_value  main.o
    0x20000030        -       0x00000001   Zero   RW           24    .bss.SPI_L3GD2_YH   main.o
    0x20000031        -       0x00000001   Zero   RW           23    .bss.SPI_L3GD2_YL   main.o
    0x20000032        -       0x00000002   Zero   RW           27    .bss.SPI_L3GD2_Y_value  main.o
    0x20000034        -       0x00000001   Zero   RW           26    .bss.SPI_L3GD2_ZH   main.o
    0x20000035        -       0x00000001   Zero   RW           25    .bss.SPI_L3GD2_ZL   main.o
    0x20000036        -       0x00000002   Zero   RW           28    .bss.SPI_L3GD2_Z_value  main.o
    0x20000038        -       0x00000001   Zero   RW           16    .bss.SizeOfDataToSendUART4  main.o
    0x20000039        -       0x00000014   Zero   RW           40    .bss.StringToReciveUART  main.o
    0x2000004d        -       0x00000028   Zero   RW           13    .bss.StringToSendUART  main.o
    0x20000075   0x08002750   0x00000001   PAD
    0x20000076        -       0x000000c8   Zero   RW           97    .bss.Zmiana_PWM_TIM1_stopniowo.Tab_PWM_temp  timers.o
    0x2000013e        -       0x00000002   Zero   RW           98    .bss.Zmiana_PWM_TIM1_stopniowo.exponenta  timers.o
    0x20000140        -       0x00000001   Zero   RW          100    .bss.Zmiana_PWM_TIM1_stopniowo.p  timers.o
    0x20000141        -       0x00000006   Zero   RW           29    .bss.tab_SPI_L3GD20_XYZ_values  main.o
    0x20000147   0x08002750   0x00000001   PAD
    0x20000148        -       0x00000004   Zero   RW           17    .bss.timer_ms       main.o
    0x2000014c   0x08002750   0x00000004   PAD
    0x20000150        -       0x00000400   Zero   RW          235    STACK               startup_stm32f303xc.o


==============================================================================

Image component sizes


      Code (inc. data)   RO Data    RW Data    ZI Data      Debug   Object Name

        38          0          0          0          0       6085   adc_dma.o
       172          0          0          0          0       4862   exti.o
      1240          0          0          0          0       2812   i2c.o
        90          0         31          3        106       2118   main.o
      1286          0          0          0          4       3037   spi.o
        36          8        392          0       1024        884   startup_stm32f303xc.o
       150          0          0          0          0       2152   system_stm32f3xx.o
      1772          0          0          9        203       6957   timers.o
       632          0          0          0          0       5747   uart.o
       476          0          0          0          0       5325   usersysteminit.o

    ----------------------------------------------------------------------
      5920          8        456         16       1344      39979   Object Totals
         0          0         32          0          0          0   (incl. Generated)
        28          0          1          4          7          0   (incl. Padding)

    ----------------------------------------------------------------------

      Code (inc. data)   RO Data    RW Data    ZI Data      Debug   Library Member Name

         0          0          0          0          0          0   entry.o
         0          0          0          0          0          0   entry10a.o
         0          0          0          0          0          0   entry11a.o
         8          4          0          0          0          0   entry2.o
         4          0          0          0          0          0   entry5.o
         0          0          0          0          0          0   entry7b.o
         0          0          0          0          0          0   entry8b.o
         8          4          0          0          0          0   entry9a.o
        30          0          0          0          0          0   handlers.o
        36          8          0          0          0         68   init.o
         0          0          0          0          0          0   iusefp.o
        30          0          0          0          0         68   llshl.o
        36          0          0          0          0         68   llsshr.o
        32          0          0          0          0         68   llushr.o
      2276         86          0          0          0        520   printfa.o
        44          0          0          0          0         80   uidiv.o
        98          0          0          0          0         92   uldiv.o
        48          0          0          0          0         68   cdrcmple.o
       334          0          0          0          0        148   dadd.o
       222          0          0          0          0        100   ddiv.o
       186          0          0          0          0        176   depilogue.o
        48          0          0          0          0         68   dfixul.o
       228          0          0          0          0         96   dmul.o

    ----------------------------------------------------------------------
      3672        102          0          0          0       1620   Library Totals
         4          0          0          0          0          0   (incl. Padding)

    ----------------------------------------------------------------------

      Code (inc. data)   RO Data    RW Data    ZI Data      Debug   Library Name

      2602        102          0          0          0        964   mc_w.l
      1066          0          0          0          0        656   mf_w.l

    ----------------------------------------------------------------------
      3672        102          0          0          0       1620   Library Totals

    ----------------------------------------------------------------------

==============================================================================


      Code (inc. data)   RO Data    RW Data    ZI Data      Debug   

      9592        110        456         16       1344      40843   Grand Totals
      9592        110        456         16       1344      40843   ELF Image Totals
      9592        110        456         16          0          0   ROM Totals

==============================================================================

    Total RO  Size (Code + RO Data)                10048 (   9.81kB)
    Total RW  Size (RW Data + ZI Data)              1360 (   1.33kB)
    Total ROM Size (Code + RO Data + RW Data)      10064 (   9.83kB)

==============================================================================

