Component: ARM Compiler 6.15 Tool: armlink [5dd79300]

==============================================================================

Section Cross References

    main.o(.text.main) refers to usersysteminit.o(.text.HSE_with_PLL) for HSE_with_PLL
    main.o(.text.main) refers to adc_dma.o(.text.ADC2_Init) for ADC2_Init
    main.o(.text.main) refers to timers.o(.text.Zmiana_PWM_TIM1_stopniowo) for Zmiana_PWM_TIM1_stopniowo
    main.o(.ARM.exidx.text.main) refers to main.o(.text.main) for [Anonymous Symbol]
    usersysteminit.o(.text.delay_ms) refers to usersysteminit.o(.bss.timer_ms) for timer_ms
    usersysteminit.o(.ARM.exidx.text.delay_ms) refers to usersysteminit.o(.text.delay_ms) for [Anonymous Symbol]
    usersysteminit.o(.ARM.exidx.text.GPIO_Init) refers to usersysteminit.o(.text.GPIO_Init) for [Anonymous Symbol]
    usersysteminit.o(.text.SysTick_Handler) refers to usersysteminit.o(.bss.timer_ms) for timer_ms
    usersysteminit.o(.ARM.exidx.text.SysTick_Handler) refers to usersysteminit.o(.text.SysTick_Handler) for [Anonymous Symbol]
    usersysteminit.o(.text.HSI_without_PLL) refers to usersysteminit.o(.text.SysTick_Config) for SysTick_Config
    usersysteminit.o(.ARM.exidx.text.HSI_without_PLL) refers to usersysteminit.o(.text.HSI_without_PLL) for [Anonymous Symbol]
    usersysteminit.o(.text.SysTick_Config) refers to usersysteminit.o(.text.__NVIC_SetPriority) for __NVIC_SetPriority
    usersysteminit.o(.ARM.exidx.text.SysTick_Config) refers to usersysteminit.o(.text.SysTick_Config) for [Anonymous Symbol]
    usersysteminit.o(.text.HSI_with_PLL) refers to usersysteminit.o(.text.SysTick_Config) for SysTick_Config
    usersysteminit.o(.ARM.exidx.text.HSI_with_PLL) refers to usersysteminit.o(.text.HSI_with_PLL) for [Anonymous Symbol]
    usersysteminit.o(.text.HSE_with_PLL) refers to usersysteminit.o(.text.SysTick_Config) for SysTick_Config
    usersysteminit.o(.ARM.exidx.text.HSE_with_PLL) refers to usersysteminit.o(.text.HSE_with_PLL) for [Anonymous Symbol]
    usersysteminit.o(.ARM.exidx.text.__NVIC_SetPriority) refers to usersysteminit.o(.text.__NVIC_SetPriority) for [Anonymous Symbol]
    timers.o(.text.TIM7_config) refers to timers.o(.bss.FirstRun_GPIO_Init) for FirstRun_GPIO_Init
    timers.o(.text.TIM7_config) refers to usersysteminit.o(.text.GPIO_Init) for GPIO_Init
    timers.o(.text.TIM7_config) refers to timers.o(.text.__NVIC_SetPriority) for __NVIC_SetPriority
    timers.o(.text.TIM7_config) refers to timers.o(.text.__NVIC_EnableIRQ) for __NVIC_EnableIRQ
    timers.o(.ARM.exidx.text.TIM7_config) refers to timers.o(.text.TIM7_config) for [Anonymous Symbol]
    timers.o(.ARM.exidx.text.__NVIC_SetPriority) refers to timers.o(.text.__NVIC_SetPriority) for [Anonymous Symbol]
    timers.o(.ARM.exidx.text.__NVIC_EnableIRQ) refers to timers.o(.text.__NVIC_EnableIRQ) for [Anonymous Symbol]
    timers.o(.ARM.exidx.text.TIM7_IRQHandler) refers to timers.o(.text.TIM7_IRQHandler) for [Anonymous Symbol]
    timers.o(.text.TIM1_config) refers to timers.o(.bss.FirstRun_GPIO_Init) for FirstRun_GPIO_Init
    timers.o(.text.TIM1_config) refers to usersysteminit.o(.text.GPIO_Init) for GPIO_Init
    timers.o(.text.TIM1_config) refers to timers.o(.text.__NVIC_SetPriority) for __NVIC_SetPriority
    timers.o(.text.TIM1_config) refers to timers.o(.text.__NVIC_EnableIRQ) for __NVIC_EnableIRQ
    timers.o(.text.TIM1_config) refers to timers.o(.bss.EXTI0_flag) for EXTI0_flag
    timers.o(.ARM.exidx.text.TIM1_config) refers to timers.o(.text.TIM1_config) for [Anonymous Symbol]
    timers.o(.text.TIM1_UP_TIM16_IRQHandler) refers to timers.o(.bss.EXTI0_flag) for EXTI0_flag
    timers.o(.text.TIM1_UP_TIM16_IRQHandler) refers to timers.o(.data.TIM1_UP_TIM16_IRQHandler.k) for TIM1_UP_TIM16_IRQHandler.k
    timers.o(.ARM.exidx.text.TIM1_UP_TIM16_IRQHandler) refers to timers.o(.text.TIM1_UP_TIM16_IRQHandler) for [Anonymous Symbol]
    timers.o(.text.TIM1_CC_IRQHandler) refers to timers.o(.data.TIM1_CC_IRQHandler.p1) for TIM1_CC_IRQHandler.p1
    timers.o(.text.TIM1_CC_IRQHandler) refers to timers.o(.data.TIM1_CC_IRQHandler.p2) for TIM1_CC_IRQHandler.p2
    timers.o(.text.TIM1_CC_IRQHandler) refers to timers.o(.data.TIM1_CC_IRQHandler.p3) for TIM1_CC_IRQHandler.p3
    timers.o(.ARM.exidx.text.TIM1_CC_IRQHandler) refers to timers.o(.text.TIM1_CC_IRQHandler) for [Anonymous Symbol]
    timers.o(.text.PWM_TIM1_C1_Init) refers to timers.o(.text.GPIO_Init_PWM_TIM1) for GPIO_Init_PWM_TIM1
    timers.o(.ARM.exidx.text.PWM_TIM1_C1_Init) refers to timers.o(.text.PWM_TIM1_C1_Init) for [Anonymous Symbol]
    timers.o(.ARM.exidx.text.GPIO_Init_PWM_TIM1) refers to timers.o(.text.GPIO_Init_PWM_TIM1) for [Anonymous Symbol]
    timers.o(.text.Zmiana_PWM_TIM1_Button) refers to timers.o(.bss.FirstRun_GPIO_PWM_Init) for FirstRun_GPIO_PWM_Init
    timers.o(.text.Zmiana_PWM_TIM1_Button) refers to timers.o(.data.PWM_ARR_value) for PWM_ARR_value
    timers.o(.text.Zmiana_PWM_TIM1_Button) refers to timers.o(.bss.PWM_CCR1_value) for PWM_CCR1_value
    timers.o(.text.Zmiana_PWM_TIM1_Button) refers to timers.o(.text.PWM_TIM1_C1_Init) for PWM_TIM1_C1_Init
    timers.o(.text.Zmiana_PWM_TIM1_Button) refers to exti.o(.text.EXTI0_config_PWMButton) for EXTI0_config_PWMButton
    timers.o(.text.Zmiana_PWM_TIM1_Button) refers to timers.o(.bss.PWM_temp) for PWM_temp
    timers.o(.ARM.exidx.text.Zmiana_PWM_TIM1_Button) refers to timers.o(.text.Zmiana_PWM_TIM1_Button) for [Anonymous Symbol]
    timers.o(.text.Zmiana_PWM_TIM1_stopniowo) refers to timers.o(.bss.FirstRun_GPIO_PWM_Init) for FirstRun_GPIO_PWM_Init
    timers.o(.text.Zmiana_PWM_TIM1_stopniowo) refers to timers.o(.data.PWM_ARR_value) for PWM_ARR_value
    timers.o(.text.Zmiana_PWM_TIM1_stopniowo) refers to timers.o(.bss.PWM_CCR1_value) for PWM_CCR1_value
    timers.o(.text.Zmiana_PWM_TIM1_stopniowo) refers to timers.o(.text.PWM_TIM1_C1_Init) for PWM_TIM1_C1_Init
    timers.o(.text.Zmiana_PWM_TIM1_stopniowo) refers to usersysteminit.o(.text.delay_ms) for delay_ms
    timers.o(.text.Zmiana_PWM_TIM1_stopniowo) refers to timers.o(.bss.PWM_temp) for PWM_temp
    timers.o(.text.Zmiana_PWM_TIM1_stopniowo) refers to timers.o(.data.Zmiana_PWM_TIM1_stopniowo.direction) for Zmiana_PWM_TIM1_stopniowo.direction
    timers.o(.text.Zmiana_PWM_TIM1_stopniowo) refers to timers.o(.data.Zmiana_PWM_TIM1_stopniowo.exponenta) for Zmiana_PWM_TIM1_stopniowo.exponenta
    timers.o(.text.Zmiana_PWM_TIM1_stopniowo) refers to powf.o(i.__hardfp_powf) for __hardfp_powf
    timers.o(.ARM.exidx.text.Zmiana_PWM_TIM1_stopniowo) refers to timers.o(.text.Zmiana_PWM_TIM1_stopniowo) for [Anonymous Symbol]
    exti.o(.text.EXTI0_config) refers to exti.o(.text.__NVIC_SetPriority) for __NVIC_SetPriority
    exti.o(.text.EXTI0_config) refers to exti.o(.text.__NVIC_EnableIRQ) for __NVIC_EnableIRQ
    exti.o(.text.EXTI0_config) refers to exti.o(.bss.EXTI0_flag) for EXTI0_flag
    exti.o(.text.EXTI0_config) refers to timers.o(.text.TIM1_config) for TIM1_config
    exti.o(.ARM.exidx.text.EXTI0_config) refers to exti.o(.text.EXTI0_config) for [Anonymous Symbol]
    exti.o(.ARM.exidx.text.__NVIC_SetPriority) refers to exti.o(.text.__NVIC_SetPriority) for [Anonymous Symbol]
    exti.o(.ARM.exidx.text.__NVIC_EnableIRQ) refers to exti.o(.text.__NVIC_EnableIRQ) for [Anonymous Symbol]
    exti.o(.text.EXTI0_IRQHandler) refers to exti.o(.bss.PWM_status_ON) for PWM_status_ON
    exti.o(.text.EXTI0_IRQHandler) refers to exti.o(.data.PWM_ARR_value) for PWM_ARR_value
    exti.o(.text.EXTI0_IRQHandler) refers to exti.o(.bss.PWM_temp) for PWM_temp
    exti.o(.ARM.exidx.text.EXTI0_IRQHandler) refers to exti.o(.text.EXTI0_IRQHandler) for [Anonymous Symbol]
    exti.o(.text.EXTI0_config_PWMButton) refers to exti.o(.text.__NVIC_SetPriority) for __NVIC_SetPriority
    exti.o(.text.EXTI0_config_PWMButton) refers to exti.o(.text.__NVIC_EnableIRQ) for __NVIC_EnableIRQ
    exti.o(.text.EXTI0_config_PWMButton) refers to exti.o(.bss.PWM_status_ON) for PWM_status_ON
    exti.o(.ARM.exidx.text.EXTI0_config_PWMButton) refers to exti.o(.text.EXTI0_config_PWMButton) for [Anonymous Symbol]
    gpio_leds_buttons.o(.text.GPIO_zPrzyciskiem) refers to gpio_leds_buttons.o(.bss.FirstRun_GPIO_Init) for FirstRun_GPIO_Init
    gpio_leds_buttons.o(.text.GPIO_zPrzyciskiem) refers to usersysteminit.o(.text.GPIO_Init) for GPIO_Init
    gpio_leds_buttons.o(.text.GPIO_zPrzyciskiem) refers to usersysteminit.o(.text.delay_ms) for delay_ms
    gpio_leds_buttons.o(.ARM.exidx.text.GPIO_zPrzyciskiem) refers to gpio_leds_buttons.o(.text.GPIO_zPrzyciskiem) for [Anonymous Symbol]
    gpio_leds_buttons.o(.text.GPIO_Kolko) refers to gpio_leds_buttons.o(.bss.FirstRun_GPIO_Init) for FirstRun_GPIO_Init
    gpio_leds_buttons.o(.text.GPIO_Kolko) refers to usersysteminit.o(.text.GPIO_Init) for GPIO_Init
    gpio_leds_buttons.o(.text.GPIO_Kolko) refers to usersysteminit.o(.text.delay_ms) for delay_ms
    gpio_leds_buttons.o(.ARM.exidx.text.GPIO_Kolko) refers to gpio_leds_buttons.o(.text.GPIO_Kolko) for [Anonymous Symbol]
    gpio_leds_buttons.o(.text.LEDy_kolo) refers to gpio_leds_buttons.o(.bss.FirstRun_GPIO_Init) for FirstRun_GPIO_Init
    gpio_leds_buttons.o(.text.LEDy_kolo) refers to usersysteminit.o(.text.GPIO_Init) for GPIO_Init
    gpio_leds_buttons.o(.text.LEDy_kolo) refers to usersysteminit.o(.text.delay_ms) for delay_ms
    gpio_leds_buttons.o(.ARM.exidx.text.LEDy_kolo) refers to gpio_leds_buttons.o(.text.LEDy_kolo) for [Anonymous Symbol]
    gpio_leds_buttons.o(.text.Debouncing_SW_LPF) refers to gpio_leds_buttons.o(.bss.Debouncing_SW_LPF.button_pressed) for Debouncing_SW_LPF.button_pressed
    gpio_leds_buttons.o(.text.Debouncing_SW_LPF) refers to gpio_leds_buttons.o(.bss.Debouncing_SW_LPF.button_unpressed) for Debouncing_SW_LPF.button_unpressed
    gpio_leds_buttons.o(.text.Debouncing_SW_LPF) refers to gpio_leds_buttons.o(.data.Debouncing_SW_LPF.debounce_value) for Debouncing_SW_LPF.debounce_value
    gpio_leds_buttons.o(.text.Debouncing_SW_LPF) refers to gpio_leds_buttons.o(.bss.Debouncing_SW_LPF.wait_for_next_press) for Debouncing_SW_LPF.wait_for_next_press
    gpio_leds_buttons.o(.ARM.exidx.text.Debouncing_SW_LPF) refers to gpio_leds_buttons.o(.text.Debouncing_SW_LPF) for [Anonymous Symbol]
    adc_dma.o(.ARM.exidx.text.GPIO_Init_ADC2) refers to adc_dma.o(.text.GPIO_Init_ADC2) for [Anonymous Symbol]
    adc_dma.o(.text.ADC2_Init) refers to adc_dma.o(.text.GPIO_Init_ADC2) for GPIO_Init_ADC2
    adc_dma.o(.text.ADC2_Init) refers to adc_dma.o(.data.PWM_ARR_value) for PWM_ARR_value
    adc_dma.o(.text.ADC2_Init) refers to adc_dma.o(.bss.PWM_CCR1_value) for PWM_CCR1_value
    adc_dma.o(.text.ADC2_Init) refers to timers.o(.text.PWM_TIM1_C1_Init) for PWM_TIM1_C1_Init
    adc_dma.o(.text.ADC2_Init) refers to adc_dma.o(.text.__NVIC_SetPriority) for __NVIC_SetPriority
    adc_dma.o(.text.ADC2_Init) refers to adc_dma.o(.text.__NVIC_EnableIRQ) for __NVIC_EnableIRQ
    adc_dma.o(.ARM.exidx.text.ADC2_Init) refers to adc_dma.o(.text.ADC2_Init) for [Anonymous Symbol]
    adc_dma.o(.ARM.exidx.text.__NVIC_SetPriority) refers to adc_dma.o(.text.__NVIC_SetPriority) for [Anonymous Symbol]
    adc_dma.o(.ARM.exidx.text.__NVIC_EnableIRQ) refers to adc_dma.o(.text.__NVIC_EnableIRQ) for [Anonymous Symbol]
    adc_dma.o(.text.ADC1_2_IRQHandler) refers to adc_dma.o(.bss.ADC2_Raw_value) for ADC2_Raw_value
    adc_dma.o(.ARM.exidx.text.ADC1_2_IRQHandler) refers to adc_dma.o(.text.ADC1_2_IRQHandler) for [Anonymous Symbol]
    adc_dma.o(.text.ADC_control_PWM_Led) refers to adc_dma.o(.bss.ADC2_Raw_value) for ADC2_Raw_value
    adc_dma.o(.text.ADC_control_PWM_Led) refers to adc_dma.o(.bss.ADC_control_PWM_Led.ADC2_Voltage) for ADC_control_PWM_Led.ADC2_Voltage
    adc_dma.o(.ARM.exidx.text.ADC_control_PWM_Led) refers to adc_dma.o(.text.ADC_control_PWM_Led) for [Anonymous Symbol]
    startup_stm32f303xc.o(RESET) refers to startup_stm32f303xc.o(STACK) for __initial_sp
    startup_stm32f303xc.o(RESET) refers to startup_stm32f303xc.o(.text) for Reset_Handler
    startup_stm32f303xc.o(RESET) refers to usersysteminit.o(.text.SysTick_Handler) for SysTick_Handler
    startup_stm32f303xc.o(RESET) refers to exti.o(.text.EXTI0_IRQHandler) for EXTI0_IRQHandler
    startup_stm32f303xc.o(RESET) refers to adc_dma.o(.text.ADC1_2_IRQHandler) for ADC1_2_IRQHandler
    startup_stm32f303xc.o(RESET) refers to timers.o(.text.TIM1_UP_TIM16_IRQHandler) for TIM1_UP_TIM16_IRQHandler
    startup_stm32f303xc.o(RESET) refers to timers.o(.text.TIM1_CC_IRQHandler) for TIM1_CC_IRQHandler
    startup_stm32f303xc.o(RESET) refers to timers.o(.text.TIM7_IRQHandler) for TIM7_IRQHandler
    startup_stm32f303xc.o(.text) refers to system_stm32f3xx.o(.text.SystemInit) for SystemInit
    startup_stm32f303xc.o(.text) refers to entry.o(.ARM.Collect$$$$00000000) for __main
    system_stm32f3xx.o(.ARM.exidx.text.SystemInit) refers to system_stm32f3xx.o(.text.SystemInit) for [Anonymous Symbol]
    system_stm32f3xx.o(.text.SystemCoreClockUpdate) refers to system_stm32f3xx.o(.data.SystemCoreClock) for SystemCoreClock
    system_stm32f3xx.o(.text.SystemCoreClockUpdate) refers to system_stm32f3xx.o(.rodata.AHBPrescTable) for AHBPrescTable
    system_stm32f3xx.o(.ARM.exidx.text.SystemCoreClockUpdate) refers to system_stm32f3xx.o(.text.SystemCoreClockUpdate) for [Anonymous Symbol]
    powf.o(i.__hardfp_powf) refers (Special) to iusefp.o(.text) for __I$use$fp
    powf.o(i.__hardfp_powf) refers to fpstat.o(.text) for __ieee_status
    powf.o(i.__hardfp_powf) refers to errno.o(i.__set_errno) for __set_errno
    powf.o(i.__hardfp_powf) refers to funder.o(i.__mathlib_flt_overflow) for __mathlib_flt_overflow
    powf.o(i.__hardfp_powf) refers to fpclassifyf.o(i.__ARM_fpclassifyf) for __ARM_fpclassifyf
    powf.o(i.__hardfp_powf) refers to funder.o(i.__mathlib_flt_underflow) for __mathlib_flt_underflow
    powf.o(i.__hardfp_powf) refers to funder.o(i.__mathlib_flt_invalid) for __mathlib_flt_invalid
    powf.o(i.__hardfp_powf) refers to powf.o(.constdata) for .constdata
    powf.o(i.__hardfp_powf) refers to funder.o(i.__mathlib_flt_infnan2) for __mathlib_flt_infnan2
    powf.o(i.__hardfp_powf) refers to funder.o(i.__mathlib_flt_divzero) for __mathlib_flt_divzero
    powf.o(i.__softfp_powf) refers (Special) to iusefp.o(.text) for __I$use$fp
    powf.o(i.__softfp_powf) refers to powf.o(i.__hardfp_powf) for __hardfp_powf
    powf.o(i.powf) refers (Special) to iusefp.o(.text) for __I$use$fp
    powf.o(i.powf) refers to powf.o(i.__hardfp_powf) for __hardfp_powf
    powf.o(.constdata) refers (Special) to iusefp.o(.text) for __I$use$fp
    entry.o(.ARM.Collect$$$$00000000) refers (Special) to entry10a.o(.ARM.Collect$$$$0000000D) for __rt_final_cpp
    entry.o(.ARM.Collect$$$$00000000) refers (Special) to entry11a.o(.ARM.Collect$$$$0000000F) for __rt_final_exit
    entry.o(.ARM.Collect$$$$00000000) refers (Special) to entry7b.o(.ARM.Collect$$$$00000008) for _main_clock
    entry.o(.ARM.Collect$$$$00000000) refers (Special) to entry8b.o(.ARM.Collect$$$$0000000A) for _main_cpp_init
    entry.o(.ARM.Collect$$$$00000000) refers (Special) to entry9a.o(.ARM.Collect$$$$0000000B) for _main_init
    entry.o(.ARM.Collect$$$$00000000) refers (Special) to entry5.o(.ARM.Collect$$$$00000004) for _main_scatterload
    entry.o(.ARM.Collect$$$$00000000) refers (Special) to entry2.o(.ARM.Collect$$$$00000001) for _main_stk
    fpclassifyf.o(i.__ARM_fpclassifyf) refers (Special) to iusefp.o(.text) for __I$use$fp
    entry2.o(.ARM.Collect$$$$00000001) refers to entry2.o(.ARM.Collect$$$$00002712) for __lit__00000000
    entry2.o(.ARM.Collect$$$$00002712) refers to startup_stm32f303xc.o(STACK) for __initial_sp
    entry2.o(__vectab_stack_and_reset_area) refers to startup_stm32f303xc.o(STACK) for __initial_sp
    entry2.o(__vectab_stack_and_reset_area) refers to entry.o(.ARM.Collect$$$$00000000) for __main
    entry5.o(.ARM.Collect$$$$00000004) refers to init.o(.text) for __scatterload
    entry9a.o(.ARM.Collect$$$$0000000B) refers to main.o(.text.main) for main
    entry9b.o(.ARM.Collect$$$$0000000C) refers to main.o(.text.main) for main
    errno.o(i.__aeabi_errno_addr) refers to errno.o(.data) for .data
    errno.o(i.__read_errno) refers to errno.o(.data) for .data
    errno.o(i.__set_errno) refers to errno.o(.data) for .data
    init.o(.text) refers to entry5.o(.ARM.Collect$$$$00000004) for __main_after_scatterload


==============================================================================

Removing Unused input sections from the image.

    Removing main.o(.text), (0 bytes).
    Removing main.o(.ARM.exidx.text.main), (8 bytes).
    Removing main.o(.ARM.use_no_argv), (4 bytes).
    Removing usersysteminit.o(.text), (0 bytes).
    Removing usersysteminit.o(.ARM.exidx.text.delay_ms), (8 bytes).
    Removing usersysteminit.o(.text.GPIO_Init), (70 bytes).
    Removing usersysteminit.o(.ARM.exidx.text.GPIO_Init), (8 bytes).
    Removing usersysteminit.o(.ARM.exidx.text.SysTick_Handler), (8 bytes).
    Removing usersysteminit.o(.text.HSI_without_PLL), (12 bytes).
    Removing usersysteminit.o(.ARM.exidx.text.HSI_without_PLL), (8 bytes).
    Removing usersysteminit.o(.ARM.exidx.text.SysTick_Config), (8 bytes).
    Removing usersysteminit.o(.text.HSI_with_PLL), (122 bytes).
    Removing usersysteminit.o(.ARM.exidx.text.HSI_with_PLL), (8 bytes).
    Removing usersysteminit.o(.ARM.exidx.text.HSE_with_PLL), (8 bytes).
    Removing usersysteminit.o(.ARM.exidx.text.__NVIC_SetPriority), (8 bytes).
    Removing timers.o(.text), (0 bytes).
    Removing timers.o(.text.TIM7_config), (134 bytes).
    Removing timers.o(.ARM.exidx.text.TIM7_config), (8 bytes).
    Removing timers.o(.text.__NVIC_SetPriority), (68 bytes).
    Removing timers.o(.ARM.exidx.text.__NVIC_SetPriority), (8 bytes).
    Removing timers.o(.text.__NVIC_EnableIRQ), (52 bytes).
    Removing timers.o(.ARM.exidx.text.__NVIC_EnableIRQ), (8 bytes).
    Removing timers.o(.ARM.exidx.text.TIM7_IRQHandler), (8 bytes).
    Removing timers.o(.text.TIM1_config), (242 bytes).
    Removing timers.o(.ARM.exidx.text.TIM1_config), (8 bytes).
    Removing timers.o(.ARM.exidx.text.TIM1_UP_TIM16_IRQHandler), (8 bytes).
    Removing timers.o(.ARM.exidx.text.TIM1_CC_IRQHandler), (8 bytes).
    Removing timers.o(.ARM.exidx.text.PWM_TIM1_C1_Init), (8 bytes).
    Removing timers.o(.ARM.exidx.text.GPIO_Init_PWM_TIM1), (8 bytes).
    Removing timers.o(.text.Zmiana_PWM_TIM1_Button), (82 bytes).
    Removing timers.o(.ARM.exidx.text.Zmiana_PWM_TIM1_Button), (8 bytes).
    Removing timers.o(.ARM.exidx.text.Zmiana_PWM_TIM1_stopniowo), (8 bytes).
    Removing timers.o(.bss.FirstRun_GPIO_Init), (1 bytes).
    Removing exti.o(.text), (0 bytes).
    Removing exti.o(.text.EXTI0_config), (82 bytes).
    Removing exti.o(.ARM.exidx.text.EXTI0_config), (8 bytes).
    Removing exti.o(.text.__NVIC_SetPriority), (68 bytes).
    Removing exti.o(.ARM.exidx.text.__NVIC_SetPriority), (8 bytes).
    Removing exti.o(.text.__NVIC_EnableIRQ), (52 bytes).
    Removing exti.o(.ARM.exidx.text.__NVIC_EnableIRQ), (8 bytes).
    Removing exti.o(.ARM.exidx.text.EXTI0_IRQHandler), (8 bytes).
    Removing exti.o(.text.EXTI0_config_PWMButton), (78 bytes).
    Removing exti.o(.ARM.exidx.text.EXTI0_config_PWMButton), (8 bytes).
    Removing exti.o(.bss.EXTI0_flag), (1 bytes).
    Removing gpio_leds_buttons.o(.text), (0 bytes).
    Removing gpio_leds_buttons.o(.text.GPIO_zPrzyciskiem), (206 bytes).
    Removing gpio_leds_buttons.o(.ARM.exidx.text.GPIO_zPrzyciskiem), (8 bytes).
    Removing gpio_leds_buttons.o(.text.GPIO_Kolko), (310 bytes).
    Removing gpio_leds_buttons.o(.ARM.exidx.text.GPIO_Kolko), (8 bytes).
    Removing gpio_leds_buttons.o(.text.LEDy_kolo), (142 bytes).
    Removing gpio_leds_buttons.o(.ARM.exidx.text.LEDy_kolo), (8 bytes).
    Removing gpio_leds_buttons.o(.text.Debouncing_SW_LPF), (186 bytes).
    Removing gpio_leds_buttons.o(.ARM.exidx.text.Debouncing_SW_LPF), (8 bytes).
    Removing gpio_leds_buttons.o(.bss.FirstRun_GPIO_Init), (1 bytes).
    Removing gpio_leds_buttons.o(.bss.Debouncing_SW_LPF.button_pressed), (2 bytes).
    Removing gpio_leds_buttons.o(.bss.Debouncing_SW_LPF.button_unpressed), (2 bytes).
    Removing gpio_leds_buttons.o(.data.Debouncing_SW_LPF.debounce_value), (2 bytes).
    Removing gpio_leds_buttons.o(.bss.Debouncing_SW_LPF.wait_for_next_press), (1 bytes).
    Removing adc_dma.o(.text), (0 bytes).
    Removing adc_dma.o(.ARM.exidx.text.GPIO_Init_ADC2), (8 bytes).
    Removing adc_dma.o(.ARM.exidx.text.ADC2_Init), (8 bytes).
    Removing adc_dma.o(.ARM.exidx.text.__NVIC_SetPriority), (8 bytes).
    Removing adc_dma.o(.ARM.exidx.text.__NVIC_EnableIRQ), (8 bytes).
    Removing adc_dma.o(.ARM.exidx.text.ADC1_2_IRQHandler), (8 bytes).
    Removing adc_dma.o(.text.ADC_control_PWM_Led), (92 bytes).
    Removing adc_dma.o(.ARM.exidx.text.ADC_control_PWM_Led), (8 bytes).
    Removing adc_dma.o(.bss.ADC_control_PWM_Led.ADC2_Voltage), (4 bytes).
    Removing startup_stm32f303xc.o(HEAP), (512 bytes).
    Removing system_stm32f3xx.o(.text), (0 bytes).
    Removing system_stm32f3xx.o(.ARM.exidx.text.SystemInit), (8 bytes).
    Removing system_stm32f3xx.o(.text.SystemCoreClockUpdate), (278 bytes).
    Removing system_stm32f3xx.o(.ARM.exidx.text.SystemCoreClockUpdate), (8 bytes).
    Removing system_stm32f3xx.o(.data.SystemCoreClock), (4 bytes).
    Removing system_stm32f3xx.o(.rodata.AHBPrescTable), (16 bytes).
    Removing system_stm32f3xx.o(.rodata.APBPrescTable), (8 bytes).

75 unused section(s) (total 3130 bytes) removed from the image.

==============================================================================

Image Symbol Table

    Local Symbols

    Symbol Name                              Value     Ov Type        Size  Object(Section)

    ../clib/microlib/errno.c                 0x00000000   Number         0  errno.o ABSOLUTE
    ../clib/microlib/init/entry.s            0x00000000   Number         0  entry.o ABSOLUTE
    ../clib/microlib/init/entry.s            0x00000000   Number         0  entry2.o ABSOLUTE
    ../clib/microlib/init/entry.s            0x00000000   Number         0  entry5.o ABSOLUTE
    ../clib/microlib/init/entry.s            0x00000000   Number         0  entry7a.o ABSOLUTE
    ../clib/microlib/init/entry.s            0x00000000   Number         0  entry7b.o ABSOLUTE
    ../clib/microlib/init/entry.s            0x00000000   Number         0  entry8a.o ABSOLUTE
    ../clib/microlib/init/entry.s            0x00000000   Number         0  entry8b.o ABSOLUTE
    ../clib/microlib/init/entry.s            0x00000000   Number         0  entry9a.o ABSOLUTE
    ../clib/microlib/init/entry.s            0x00000000   Number         0  entry9b.o ABSOLUTE
    ../clib/microlib/init/entry.s            0x00000000   Number         0  entry10a.o ABSOLUTE
    ../clib/microlib/init/entry.s            0x00000000   Number         0  entry10b.o ABSOLUTE
    ../clib/microlib/init/entry.s            0x00000000   Number         0  entry11a.o ABSOLUTE
    ../clib/microlib/init/entry.s            0x00000000   Number         0  entry11b.o ABSOLUTE
    ../clib/microlib/stubs.s                 0x00000000   Number         0  iusefp.o ABSOLUTE
    ../fplib/microlib/fpstat.c               0x00000000   Number         0  fpstat.o ABSOLUTE
    ../mathlib/fpclassifyf.c                 0x00000000   Number         0  fpclassifyf.o ABSOLUTE
    ../mathlib/funder.c                      0x00000000   Number         0  funder.o ABSOLUTE
    ../mathlib/powf.c                        0x00000000   Number         0  powf.o ABSOLUTE
    ADC_DMA.c                                0x00000000   Number         0  adc_dma.o ABSOLUTE
    EXTI.c                                   0x00000000   Number         0  exti.o ABSOLUTE
    GPIO_LEDS_Buttons.c                      0x00000000   Number         0  gpio_leds_buttons.o ABSOLUTE
    RTE/Device/STM32F303VCTx/startup_stm32f303xc.s 0x00000000   Number         0  startup_stm32f303xc.o ABSOLUTE
    Timers.c                                 0x00000000   Number         0  timers.o ABSOLUTE
    UserSystemInit.c                         0x00000000   Number         0  usersysteminit.o ABSOLUTE
    dc.s                                     0x00000000   Number         0  dc.o ABSOLUTE
    handlers.s                               0x00000000   Number         0  handlers.o ABSOLUTE
    init.s                                   0x00000000   Number         0  init.o ABSOLUTE
    main.c                                   0x00000000   Number         0  main.o ABSOLUTE
    system_stm32f3xx.c                       0x00000000   Number         0  system_stm32f3xx.o ABSOLUTE
    RESET                                    0x08000000   Section      392  startup_stm32f303xc.o(RESET)
    .ARM.Collect$$$$00000000                 0x08000188   Section        0  entry.o(.ARM.Collect$$$$00000000)
    .ARM.Collect$$$$00000001                 0x08000188   Section        4  entry2.o(.ARM.Collect$$$$00000001)
    .ARM.Collect$$$$00000004                 0x0800018c   Section        4  entry5.o(.ARM.Collect$$$$00000004)
    .ARM.Collect$$$$00000008                 0x08000190   Section        0  entry7b.o(.ARM.Collect$$$$00000008)
    .ARM.Collect$$$$0000000A                 0x08000190   Section        0  entry8b.o(.ARM.Collect$$$$0000000A)
    .ARM.Collect$$$$0000000B                 0x08000190   Section        8  entry9a.o(.ARM.Collect$$$$0000000B)
    __lit__00000000                          0x08000198   Data           4  entry2.o(.ARM.Collect$$$$00002712)
    .ARM.Collect$$$$0000000D                 0x08000198   Section        0  entry10a.o(.ARM.Collect$$$$0000000D)
    .ARM.Collect$$$$0000000F                 0x08000198   Section        0  entry11a.o(.ARM.Collect$$$$0000000F)
    .ARM.Collect$$$$00002712                 0x08000198   Section        4  entry2.o(.ARM.Collect$$$$00002712)
    $v0                                      0x0800019c   Number         0  startup_stm32f303xc.o(.text)
    .text                                    0x0800019c   Section       36  startup_stm32f303xc.o(.text)
    .text                                    0x080001c0   Section        0  iusefp.o(.text)
    .text                                    0x080001c0   Section        0  fpstat.o(.text)
    .text                                    0x080001c4   Section       36  init.o(.text)
    [Anonymous Symbol]                       0x080001e8   Section        0  adc_dma.o(.text.ADC1_2_IRQHandler)
    [Anonymous Symbol]                       0x08000210   Section        0  adc_dma.o(.text.ADC2_Init)
    [Anonymous Symbol]                       0x080002bc   Section        0  exti.o(.text.EXTI0_IRQHandler)
    [Anonymous Symbol]                       0x08000368   Section        0  adc_dma.o(.text.GPIO_Init_ADC2)
    [Anonymous Symbol]                       0x08000388   Section        0  timers.o(.text.GPIO_Init_PWM_TIM1)
    [Anonymous Symbol]                       0x080003bc   Section        0  usersysteminit.o(.text.HSE_with_PLL)
    [Anonymous Symbol]                       0x080004b8   Section        0  timers.o(.text.PWM_TIM1_C1_Init)
    SysTick_Config                           0x08000539   Thumb Code    82  usersysteminit.o(.text.SysTick_Config)
    [Anonymous Symbol]                       0x08000538   Section        0  usersysteminit.o(.text.SysTick_Config)
    [Anonymous Symbol]                       0x0800058c   Section        0  usersysteminit.o(.text.SysTick_Handler)
    [Anonymous Symbol]                       0x080005b0   Section        0  system_stm32f3xx.o(.text.SystemInit)
    [Anonymous Symbol]                       0x08000648   Section        0  timers.o(.text.TIM1_CC_IRQHandler)
    [Anonymous Symbol]                       0x08000890   Section        0  timers.o(.text.TIM1_UP_TIM16_IRQHandler)
    [Anonymous Symbol]                       0x080009f0   Section        0  timers.o(.text.TIM7_IRQHandler)
    [Anonymous Symbol]                       0x08000a14   Section        0  timers.o(.text.Zmiana_PWM_TIM1_stopniowo)
    __NVIC_EnableIRQ                         0x08000b41   Thumb Code    52  adc_dma.o(.text.__NVIC_EnableIRQ)
    [Anonymous Symbol]                       0x08000b40   Section        0  adc_dma.o(.text.__NVIC_EnableIRQ)
    __NVIC_SetPriority                       0x08000b75   Thumb Code    68  usersysteminit.o(.text.__NVIC_SetPriority)
    [Anonymous Symbol]                       0x08000b74   Section        0  usersysteminit.o(.text.__NVIC_SetPriority)
    __NVIC_SetPriority                       0x08000bb9   Thumb Code    68  adc_dma.o(.text.__NVIC_SetPriority)
    [Anonymous Symbol]                       0x08000bb8   Section        0  adc_dma.o(.text.__NVIC_SetPriority)
    [Anonymous Symbol]                       0x08000bfc   Section        0  usersysteminit.o(.text.delay_ms)
    [Anonymous Symbol]                       0x08000c24   Section        0  main.o(.text.main)
    i.__ARM_fpclassifyf                      0x08000c3c   Section        0  fpclassifyf.o(i.__ARM_fpclassifyf)
    i.__hardfp_powf                          0x08000c64   Section        0  powf.o(i.__hardfp_powf)
    i.__mathlib_flt_divzero                  0x080012c8   Section        0  funder.o(i.__mathlib_flt_divzero)
    i.__mathlib_flt_infnan2                  0x080012dc   Section        0  funder.o(i.__mathlib_flt_infnan2)
    i.__mathlib_flt_invalid                  0x080012e4   Section        0  funder.o(i.__mathlib_flt_invalid)
    i.__mathlib_flt_overflow                 0x080012f4   Section        0  funder.o(i.__mathlib_flt_overflow)
    i.__mathlib_flt_underflow                0x08001304   Section        0  funder.o(i.__mathlib_flt_underflow)
    i.__scatterload_copy                     0x08001314   Section       14  handlers.o(i.__scatterload_copy)
    i.__scatterload_null                     0x08001322   Section        2  handlers.o(i.__scatterload_null)
    i.__scatterload_zeroinit                 0x08001324   Section       14  handlers.o(i.__scatterload_zeroinit)
    i.__set_errno                            0x08001334   Section        0  errno.o(i.__set_errno)
    table                                    0x08001340   Data         128  powf.o(.constdata)
    .constdata                               0x08001340   Section      320  powf.o(.constdata)
    powersof2to1over16top                    0x080013c0   Data          64  powf.o(.constdata)
    powersof2to1over16bot                    0x08001400   Data          64  powf.o(.constdata)
    powersof2to1over16all                    0x08001440   Data          64  powf.o(.constdata)
    _errno                                   0x20000000   Data           4  errno.o(.data)
    .data                                    0x20000000   Section        4  errno.o(.data)
    PWM_ARR_value                            0x20000004   Data           2  timers.o(.data.PWM_ARR_value)
    [Anonymous Symbol]                       0x20000004   Section        0  timers.o(.data.PWM_ARR_value)
    PWM_ARR_value                            0x20000006   Data           2  exti.o(.data.PWM_ARR_value)
    [Anonymous Symbol]                       0x20000006   Section        0  exti.o(.data.PWM_ARR_value)
    PWM_ARR_value                            0x20000008   Data           2  adc_dma.o(.data.PWM_ARR_value)
    [Anonymous Symbol]                       0x20000008   Section        0  adc_dma.o(.data.PWM_ARR_value)
    TIM1_CC_IRQHandler.p1                    0x2000000a   Data           2  timers.o(.data.TIM1_CC_IRQHandler.p1)
    [Anonymous Symbol]                       0x2000000a   Section        0  timers.o(.data.TIM1_CC_IRQHandler.p1)
    TIM1_CC_IRQHandler.p2                    0x2000000c   Data           2  timers.o(.data.TIM1_CC_IRQHandler.p2)
    [Anonymous Symbol]                       0x2000000c   Section        0  timers.o(.data.TIM1_CC_IRQHandler.p2)
    TIM1_CC_IRQHandler.p3                    0x2000000e   Data           2  timers.o(.data.TIM1_CC_IRQHandler.p3)
    [Anonymous Symbol]                       0x2000000e   Section        0  timers.o(.data.TIM1_CC_IRQHandler.p3)
    TIM1_UP_TIM16_IRQHandler.k               0x20000010   Data           2  timers.o(.data.TIM1_UP_TIM16_IRQHandler.k)
    [Anonymous Symbol]                       0x20000010   Section        0  timers.o(.data.TIM1_UP_TIM16_IRQHandler.k)
    Zmiana_PWM_TIM1_stopniowo.direction      0x20000012   Data           1  timers.o(.data.Zmiana_PWM_TIM1_stopniowo.direction)
    [Anonymous Symbol]                       0x20000012   Section        0  timers.o(.data.Zmiana_PWM_TIM1_stopniowo.direction)
    Zmiana_PWM_TIM1_stopniowo.exponenta      0x20000014   Data           4  timers.o(.data.Zmiana_PWM_TIM1_stopniowo.exponenta)
    [Anonymous Symbol]                       0x20000014   Section        0  timers.o(.data.Zmiana_PWM_TIM1_stopniowo.exponenta)
    ADC2_Raw_value                           0x20000018   Data           4  adc_dma.o(.bss.ADC2_Raw_value)
    [Anonymous Symbol]                       0x20000018   Section        0  adc_dma.o(.bss.ADC2_Raw_value)
    EXTI0_flag                               0x2000001c   Data           1  timers.o(.bss.EXTI0_flag)
    [Anonymous Symbol]                       0x2000001c   Section        0  timers.o(.bss.EXTI0_flag)
    FirstRun_GPIO_PWM_Init                   0x2000001d   Data           1  timers.o(.bss.FirstRun_GPIO_PWM_Init)
    [Anonymous Symbol]                       0x2000001d   Section        0  timers.o(.bss.FirstRun_GPIO_PWM_Init)
    PWM_CCR1_value                           0x2000001e   Data           1  timers.o(.bss.PWM_CCR1_value)
    [Anonymous Symbol]                       0x2000001e   Section        0  timers.o(.bss.PWM_CCR1_value)
    PWM_CCR1_value                           0x2000001f   Data           1  adc_dma.o(.bss.PWM_CCR1_value)
    [Anonymous Symbol]                       0x2000001f   Section        0  adc_dma.o(.bss.PWM_CCR1_value)
    PWM_status_ON                            0x20000020   Data           1  exti.o(.bss.PWM_status_ON)
    [Anonymous Symbol]                       0x20000020   Section        0  exti.o(.bss.PWM_status_ON)
    PWM_temp                                 0x20000022   Data           2  timers.o(.bss.PWM_temp)
    [Anonymous Symbol]                       0x20000022   Section        0  timers.o(.bss.PWM_temp)
    PWM_temp                                 0x20000024   Data           2  exti.o(.bss.PWM_temp)
    [Anonymous Symbol]                       0x20000024   Section        0  exti.o(.bss.PWM_temp)
    timer_ms                                 0x20000028   Data           4  usersysteminit.o(.bss.timer_ms)
    [Anonymous Symbol]                       0x20000028   Section        0  usersysteminit.o(.bss.timer_ms)
    STACK                                    0x20000030   Section     1024  startup_stm32f303xc.o(STACK)

    Global Symbols

    Symbol Name                              Value     Ov Type        Size  Object(Section)

    BuildAttributes$$THM_ISAv4$E$P$D$K$B$S$7EM$VFPi3$EXTD16$VFPS$VFMA$PE$A:L22UL41UL21$X:L11$S22US41US21$IEEE1$IW$~IW$USESV6$~STKCKD$USESV7$~SHL$OTIME$ROPI$IEEEX$EBA8$MICROLIB$REQ8$PRES8$EABIv2 0x00000000   Number         0  anon$$obj.o ABSOLUTE
    __cpp_initialize__aeabi_                  - Undefined Weak Reference
    __cxa_finalize                            - Undefined Weak Reference
    __decompress                              - Undefined Weak Reference
    _clock_init                               - Undefined Weak Reference
    _microlib_exit                            - Undefined Weak Reference
    __Vectors_Size                           0x00000188   Number         0  startup_stm32f303xc.o ABSOLUTE
    __Vectors                                0x08000000   Data           4  startup_stm32f303xc.o(RESET)
    __Vectors_End                            0x08000188   Data           0  startup_stm32f303xc.o(RESET)
    __main                                   0x08000189   Thumb Code     0  entry.o(.ARM.Collect$$$$00000000)
    _main_stk                                0x08000189   Thumb Code     0  entry2.o(.ARM.Collect$$$$00000001)
    _main_scatterload                        0x0800018d   Thumb Code     0  entry5.o(.ARM.Collect$$$$00000004)
    __main_after_scatterload                 0x08000191   Thumb Code     0  entry5.o(.ARM.Collect$$$$00000004)
    _main_clock                              0x08000191   Thumb Code     0  entry7b.o(.ARM.Collect$$$$00000008)
    _main_cpp_init                           0x08000191   Thumb Code     0  entry8b.o(.ARM.Collect$$$$0000000A)
    _main_init                               0x08000191   Thumb Code     0  entry9a.o(.ARM.Collect$$$$0000000B)
    __rt_final_cpp                           0x08000199   Thumb Code     0  entry10a.o(.ARM.Collect$$$$0000000D)
    __rt_final_exit                          0x08000199   Thumb Code     0  entry11a.o(.ARM.Collect$$$$0000000F)
    Reset_Handler                            0x0800019d   Thumb Code     8  startup_stm32f303xc.o(.text)
    NMI_Handler                              0x080001a5   Thumb Code     2  startup_stm32f303xc.o(.text)
    HardFault_Handler                        0x080001a7   Thumb Code     2  startup_stm32f303xc.o(.text)
    MemManage_Handler                        0x080001a9   Thumb Code     2  startup_stm32f303xc.o(.text)
    BusFault_Handler                         0x080001ab   Thumb Code     2  startup_stm32f303xc.o(.text)
    UsageFault_Handler                       0x080001ad   Thumb Code     2  startup_stm32f303xc.o(.text)
    SVC_Handler                              0x080001af   Thumb Code     2  startup_stm32f303xc.o(.text)
    DebugMon_Handler                         0x080001b1   Thumb Code     2  startup_stm32f303xc.o(.text)
    PendSV_Handler                           0x080001b3   Thumb Code     2  startup_stm32f303xc.o(.text)
    ADC3_IRQHandler                          0x080001b7   Thumb Code     0  startup_stm32f303xc.o(.text)
    ADC4_IRQHandler                          0x080001b7   Thumb Code     0  startup_stm32f303xc.o(.text)
    CAN_RX1_IRQHandler                       0x080001b7   Thumb Code     0  startup_stm32f303xc.o(.text)
    CAN_SCE_IRQHandler                       0x080001b7   Thumb Code     0  startup_stm32f303xc.o(.text)
    COMP1_2_3_IRQHandler                     0x080001b7   Thumb Code     0  startup_stm32f303xc.o(.text)
    COMP4_5_6_IRQHandler                     0x080001b7   Thumb Code     0  startup_stm32f303xc.o(.text)
    COMP7_IRQHandler                         0x080001b7   Thumb Code     0  startup_stm32f303xc.o(.text)
    DMA1_Channel1_IRQHandler                 0x080001b7   Thumb Code     0  startup_stm32f303xc.o(.text)
    DMA1_Channel2_IRQHandler                 0x080001b7   Thumb Code     0  startup_stm32f303xc.o(.text)
    DMA1_Channel3_IRQHandler                 0x080001b7   Thumb Code     0  startup_stm32f303xc.o(.text)
    DMA1_Channel4_IRQHandler                 0x080001b7   Thumb Code     0  startup_stm32f303xc.o(.text)
    DMA1_Channel5_IRQHandler                 0x080001b7   Thumb Code     0  startup_stm32f303xc.o(.text)
    DMA1_Channel6_IRQHandler                 0x080001b7   Thumb Code     0  startup_stm32f303xc.o(.text)
    DMA1_Channel7_IRQHandler                 0x080001b7   Thumb Code     0  startup_stm32f303xc.o(.text)
    DMA2_Channel1_IRQHandler                 0x080001b7   Thumb Code     0  startup_stm32f303xc.o(.text)
    DMA2_Channel2_IRQHandler                 0x080001b7   Thumb Code     0  startup_stm32f303xc.o(.text)
    DMA2_Channel3_IRQHandler                 0x080001b7   Thumb Code     0  startup_stm32f303xc.o(.text)
    DMA2_Channel4_IRQHandler                 0x080001b7   Thumb Code     0  startup_stm32f303xc.o(.text)
    DMA2_Channel5_IRQHandler                 0x080001b7   Thumb Code     0  startup_stm32f303xc.o(.text)
    EXTI15_10_IRQHandler                     0x080001b7   Thumb Code     0  startup_stm32f303xc.o(.text)
    EXTI1_IRQHandler                         0x080001b7   Thumb Code     0  startup_stm32f303xc.o(.text)
    EXTI2_TSC_IRQHandler                     0x080001b7   Thumb Code     0  startup_stm32f303xc.o(.text)
    EXTI3_IRQHandler                         0x080001b7   Thumb Code     0  startup_stm32f303xc.o(.text)
    EXTI4_IRQHandler                         0x080001b7   Thumb Code     0  startup_stm32f303xc.o(.text)
    EXTI9_5_IRQHandler                       0x080001b7   Thumb Code     0  startup_stm32f303xc.o(.text)
    FLASH_IRQHandler                         0x080001b7   Thumb Code     0  startup_stm32f303xc.o(.text)
    FPU_IRQHandler                           0x080001b7   Thumb Code     0  startup_stm32f303xc.o(.text)
    I2C1_ER_IRQHandler                       0x080001b7   Thumb Code     0  startup_stm32f303xc.o(.text)
    I2C1_EV_IRQHandler                       0x080001b7   Thumb Code     0  startup_stm32f303xc.o(.text)
    I2C2_ER_IRQHandler                       0x080001b7   Thumb Code     0  startup_stm32f303xc.o(.text)
    I2C2_EV_IRQHandler                       0x080001b7   Thumb Code     0  startup_stm32f303xc.o(.text)
    PVD_IRQHandler                           0x080001b7   Thumb Code     0  startup_stm32f303xc.o(.text)
    RCC_IRQHandler                           0x080001b7   Thumb Code     0  startup_stm32f303xc.o(.text)
    RTC_Alarm_IRQHandler                     0x080001b7   Thumb Code     0  startup_stm32f303xc.o(.text)
    RTC_WKUP_IRQHandler                      0x080001b7   Thumb Code     0  startup_stm32f303xc.o(.text)
    SPI1_IRQHandler                          0x080001b7   Thumb Code     0  startup_stm32f303xc.o(.text)
    SPI2_IRQHandler                          0x080001b7   Thumb Code     0  startup_stm32f303xc.o(.text)
    SPI3_IRQHandler                          0x080001b7   Thumb Code     0  startup_stm32f303xc.o(.text)
    TAMP_STAMP_IRQHandler                    0x080001b7   Thumb Code     0  startup_stm32f303xc.o(.text)
    TIM1_BRK_TIM15_IRQHandler                0x080001b7   Thumb Code     0  startup_stm32f303xc.o(.text)
    TIM1_TRG_COM_TIM17_IRQHandler            0x080001b7   Thumb Code     0  startup_stm32f303xc.o(.text)
    TIM2_IRQHandler                          0x080001b7   Thumb Code     0  startup_stm32f303xc.o(.text)
    TIM3_IRQHandler                          0x080001b7   Thumb Code     0  startup_stm32f303xc.o(.text)
    TIM4_IRQHandler                          0x080001b7   Thumb Code     0  startup_stm32f303xc.o(.text)
    TIM6_DAC_IRQHandler                      0x080001b7   Thumb Code     0  startup_stm32f303xc.o(.text)
    TIM8_BRK_IRQHandler                      0x080001b7   Thumb Code     0  startup_stm32f303xc.o(.text)
    TIM8_CC_IRQHandler                       0x080001b7   Thumb Code     0  startup_stm32f303xc.o(.text)
    TIM8_TRG_COM_IRQHandler                  0x080001b7   Thumb Code     0  startup_stm32f303xc.o(.text)
    TIM8_UP_IRQHandler                       0x080001b7   Thumb Code     0  startup_stm32f303xc.o(.text)
    UART4_IRQHandler                         0x080001b7   Thumb Code     0  startup_stm32f303xc.o(.text)
    UART5_IRQHandler                         0x080001b7   Thumb Code     0  startup_stm32f303xc.o(.text)
    USART1_IRQHandler                        0x080001b7   Thumb Code     0  startup_stm32f303xc.o(.text)
    USART2_IRQHandler                        0x080001b7   Thumb Code     0  startup_stm32f303xc.o(.text)
    USART3_IRQHandler                        0x080001b7   Thumb Code     0  startup_stm32f303xc.o(.text)
    USBWakeUp_IRQHandler                     0x080001b7   Thumb Code     0  startup_stm32f303xc.o(.text)
    USBWakeUp_RMP_IRQHandler                 0x080001b7   Thumb Code     0  startup_stm32f303xc.o(.text)
    USB_HP_CAN_TX_IRQHandler                 0x080001b7   Thumb Code     0  startup_stm32f303xc.o(.text)
    USB_HP_IRQHandler                        0x080001b7   Thumb Code     0  startup_stm32f303xc.o(.text)
    USB_LP_CAN_RX0_IRQHandler                0x080001b7   Thumb Code     0  startup_stm32f303xc.o(.text)
    USB_LP_IRQHandler                        0x080001b7   Thumb Code     0  startup_stm32f303xc.o(.text)
    WWDG_IRQHandler                          0x080001b7   Thumb Code     0  startup_stm32f303xc.o(.text)
    __I$use$fp                               0x080001c1   Thumb Code     0  iusefp.o(.text)
    __fp_status                              0x080001c1   Thumb Code     4  fpstat.o(.text)
    __ieee_status                            0x080001c1   Thumb Code     0  fpstat.o(.text)
    __scatterload                            0x080001c5   Thumb Code    28  init.o(.text)
    __scatterload_rt2                        0x080001c5   Thumb Code     0  init.o(.text)
    ADC1_2_IRQHandler                        0x080001e9   Thumb Code    38  adc_dma.o(.text.ADC1_2_IRQHandler)
    ADC2_Init                                0x08000211   Thumb Code   172  adc_dma.o(.text.ADC2_Init)
    EXTI0_IRQHandler                         0x080002bd   Thumb Code   172  exti.o(.text.EXTI0_IRQHandler)
    GPIO_Init_ADC2                           0x08000369   Thumb Code    30  adc_dma.o(.text.GPIO_Init_ADC2)
    GPIO_Init_PWM_TIM1                       0x08000389   Thumb Code    50  timers.o(.text.GPIO_Init_PWM_TIM1)
    HSE_with_PLL                             0x080003bd   Thumb Code   252  usersysteminit.o(.text.HSE_with_PLL)
    PWM_TIM1_C1_Init                         0x080004b9   Thumb Code   128  timers.o(.text.PWM_TIM1_C1_Init)
    SysTick_Handler                          0x0800058d   Thumb Code    34  usersysteminit.o(.text.SysTick_Handler)
    SystemInit                               0x080005b1   Thumb Code   150  system_stm32f3xx.o(.text.SystemInit)
    TIM1_CC_IRQHandler                       0x08000649   Thumb Code   582  timers.o(.text.TIM1_CC_IRQHandler)
    TIM1_UP_TIM16_IRQHandler                 0x08000891   Thumb Code   350  timers.o(.text.TIM1_UP_TIM16_IRQHandler)
    TIM7_IRQHandler                          0x080009f1   Thumb Code    34  timers.o(.text.TIM7_IRQHandler)
    Zmiana_PWM_TIM1_stopniowo                0x08000a15   Thumb Code   300  timers.o(.text.Zmiana_PWM_TIM1_stopniowo)
    delay_ms                                 0x08000bfd   Thumb Code    40  usersysteminit.o(.text.delay_ms)
    main                                     0x08000c25   Thumb Code    24  main.o(.text.main)
    __ARM_fpclassifyf                        0x08000c3d   Thumb Code    38  fpclassifyf.o(i.__ARM_fpclassifyf)
    __hardfp_powf                            0x08000c65   Thumb Code  1606  powf.o(i.__hardfp_powf)
    __mathlib_powf                           0x08000c65   Thumb Code     0  powf.o(i.__hardfp_powf)
    __mathlib_flt_divzero                    0x080012c9   Thumb Code    14  funder.o(i.__mathlib_flt_divzero)
    __mathlib_flt_infnan2                    0x080012dd   Thumb Code     6  funder.o(i.__mathlib_flt_infnan2)
    __mathlib_flt_invalid                    0x080012e5   Thumb Code    10  funder.o(i.__mathlib_flt_invalid)
    __mathlib_flt_overflow                   0x080012f5   Thumb Code    10  funder.o(i.__mathlib_flt_overflow)
    __mathlib_flt_underflow                  0x08001305   Thumb Code    10  funder.o(i.__mathlib_flt_underflow)
    __scatterload_copy                       0x08001315   Thumb Code    14  handlers.o(i.__scatterload_copy)
    __scatterload_null                       0x08001323   Thumb Code     2  handlers.o(i.__scatterload_null)
    __scatterload_zeroinit                   0x08001325   Thumb Code    14  handlers.o(i.__scatterload_zeroinit)
    __set_errno                              0x08001335   Thumb Code     6  errno.o(i.__set_errno)
    Region$$Table$$Base                      0x08001480   Number         0  anon$$obj.o(Region$$Table)
    Region$$Table$$Limit                     0x080014a0   Number         0  anon$$obj.o(Region$$Table)
    __initial_sp                             0x20000430   Data           0  startup_stm32f303xc.o(STACK)



==============================================================================

Memory Map of the image

  Image Entry point : 0x0800019d

  Load Region LR_1 (Base: 0x08000000, Size: 0x000014b8, Max: 0xffffffff, ABSOLUTE)

    Execution Region ER_RO (Exec base: 0x08000000, Load base: 0x08000000, Size: 0x000014a0, Max: 0xffffffff, ABSOLUTE)

    Exec Addr    Load Addr    Size         Type   Attr      Idx    E Section Name        Object

    0x08000000   0x08000000   0x00000188   Data   RO          141    RESET               startup_stm32f303xc.o
    0x08000188   0x08000188   0x00000000   Code   RO          169  * .ARM.Collect$$$$00000000  mc_w.l(entry.o)
    0x08000188   0x08000188   0x00000004   Code   RO          188    .ARM.Collect$$$$00000001  mc_w.l(entry2.o)
    0x0800018c   0x0800018c   0x00000004   Code   RO          191    .ARM.Collect$$$$00000004  mc_w.l(entry5.o)
    0x08000190   0x08000190   0x00000000   Code   RO          193    .ARM.Collect$$$$00000008  mc_w.l(entry7b.o)
    0x08000190   0x08000190   0x00000000   Code   RO          195    .ARM.Collect$$$$0000000A  mc_w.l(entry8b.o)
    0x08000190   0x08000190   0x00000008   Code   RO          196    .ARM.Collect$$$$0000000B  mc_w.l(entry9a.o)
    0x08000198   0x08000198   0x00000000   Code   RO          198    .ARM.Collect$$$$0000000D  mc_w.l(entry10a.o)
    0x08000198   0x08000198   0x00000000   Code   RO          200    .ARM.Collect$$$$0000000F  mc_w.l(entry11a.o)
    0x08000198   0x08000198   0x00000004   Code   RO          189    .ARM.Collect$$$$00002712  mc_w.l(entry2.o)
    0x0800019c   0x0800019c   0x00000024   Code   RO          142  * .text               startup_stm32f303xc.o
    0x080001c0   0x080001c0   0x00000000   Code   RO          209    .text               mc_w.l(iusefp.o)
    0x080001c0   0x080001c0   0x00000004   Code   RO          210    .text               mf_w.l(fpstat.o)
    0x080001c4   0x080001c4   0x00000024   Code   RO          212    .text               mc_w.l(init.o)
    0x080001e8   0x080001e8   0x00000026   Code   RO          125    .text.ADC1_2_IRQHandler  adc_dma.o
    0x0800020e   0x0800020e   0x00000002   PAD
    0x08000210   0x08000210   0x000000ac   Code   RO          119    .text.ADC2_Init     adc_dma.o
    0x080002bc   0x080002bc   0x000000ac   Code   RO           82    .text.EXTI0_IRQHandler  exti.o
    0x08000368   0x08000368   0x0000001e   Code   RO          117    .text.GPIO_Init_ADC2  adc_dma.o
    0x08000386   0x08000386   0x00000002   PAD
    0x08000388   0x08000388   0x00000032   Code   RO           51    .text.GPIO_Init_PWM_TIM1  timers.o
    0x080003ba   0x080003ba   0x00000002   PAD
    0x080003bc   0x080003bc   0x000000fc   Code   RO           23    .text.HSE_with_PLL  usersysteminit.o
    0x080004b8   0x080004b8   0x00000080   Code   RO           49    .text.PWM_TIM1_C1_Init  timers.o
    0x08000538   0x08000538   0x00000052   Code   RO           19    .text.SysTick_Config  usersysteminit.o
    0x0800058a   0x0800058a   0x00000002   PAD
    0x0800058c   0x0800058c   0x00000022   Code   RO           15    .text.SysTick_Handler  usersysteminit.o
    0x080005ae   0x080005ae   0x00000002   PAD
    0x080005b0   0x080005b0   0x00000096   Code   RO          149    .text.SystemInit    system_stm32f3xx.o
    0x08000646   0x08000646   0x00000002   PAD
    0x08000648   0x08000648   0x00000246   Code   RO           47    .text.TIM1_CC_IRQHandler  timers.o
    0x0800088e   0x0800088e   0x00000002   PAD
    0x08000890   0x08000890   0x0000015e   Code   RO           45    .text.TIM1_UP_TIM16_IRQHandler  timers.o
    0x080009ee   0x080009ee   0x00000002   PAD
    0x080009f0   0x080009f0   0x00000022   Code   RO           41    .text.TIM7_IRQHandler  timers.o
    0x08000a12   0x08000a12   0x00000002   PAD
    0x08000a14   0x08000a14   0x0000012c   Code   RO           55    .text.Zmiana_PWM_TIM1_stopniowo  timers.o
    0x08000b40   0x08000b40   0x00000034   Code   RO          123    .text.__NVIC_EnableIRQ  adc_dma.o
    0x08000b74   0x08000b74   0x00000044   Code   RO           25    .text.__NVIC_SetPriority  usersysteminit.o
    0x08000bb8   0x08000bb8   0x00000044   Code   RO          121    .text.__NVIC_SetPriority  adc_dma.o
    0x08000bfc   0x08000bfc   0x00000028   Code   RO           11    .text.delay_ms      usersysteminit.o
    0x08000c24   0x08000c24   0x00000018   Code   RO            2    .text.main          main.o
    0x08000c3c   0x08000c3c   0x00000026   Code   RO          172    i.__ARM_fpclassifyf  m_wm.l(fpclassifyf.o)
    0x08000c62   0x08000c62   0x00000002   PAD
    0x08000c64   0x08000c64   0x00000664   Code   RO          162    i.__hardfp_powf     m_wm.l(powf.o)
    0x080012c8   0x080012c8   0x00000014   Code   RO          174    i.__mathlib_flt_divzero  m_wm.l(funder.o)
    0x080012dc   0x080012dc   0x00000006   Code   RO          176    i.__mathlib_flt_infnan2  m_wm.l(funder.o)
    0x080012e2   0x080012e2   0x00000002   PAD
    0x080012e4   0x080012e4   0x00000010   Code   RO          177    i.__mathlib_flt_invalid  m_wm.l(funder.o)
    0x080012f4   0x080012f4   0x00000010   Code   RO          178    i.__mathlib_flt_overflow  m_wm.l(funder.o)
    0x08001304   0x08001304   0x00000010   Code   RO          180    i.__mathlib_flt_underflow  m_wm.l(funder.o)
    0x08001314   0x08001314   0x0000000e   Code   RO          216    i.__scatterload_copy  mc_w.l(handlers.o)
    0x08001322   0x08001322   0x00000002   Code   RO          217    i.__scatterload_null  mc_w.l(handlers.o)
    0x08001324   0x08001324   0x0000000e   Code   RO          218    i.__scatterload_zeroinit  mc_w.l(handlers.o)
    0x08001332   0x08001332   0x00000002   PAD
    0x08001334   0x08001334   0x0000000c   Code   RO          204    i.__set_errno       mc_w.l(errno.o)
    0x08001340   0x08001340   0x00000140   Data   RO          165    .constdata          m_wm.l(powf.o)
    0x08001480   0x08001480   0x00000020   Data   RO          215    Region$$Table       anon$$obj.o


    Execution Region ER_RW (Exec base: 0x20000000, Load base: 0x080014a0, Size: 0x00000018, Max: 0xffffffff, ABSOLUTE)

    Exec Addr    Load Addr    Size         Type   Attr      Idx    E Section Name        Object

    0x20000000   0x080014a0   0x00000004   Data   RW          205    .data               mc_w.l(errno.o)
    0x20000004   0x080014a4   0x00000002   Data   RW           64    .data.PWM_ARR_value  timers.o
    0x20000006   0x080014a6   0x00000002   Data   RW           88    .data.PWM_ARR_value  exti.o
    0x20000008   0x080014a8   0x00000002   Data   RW          129    .data.PWM_ARR_value  adc_dma.o
    0x2000000a   0x080014aa   0x00000002   Data   RW           60    .data.TIM1_CC_IRQHandler.p1  timers.o
    0x2000000c   0x080014ac   0x00000002   Data   RW           61    .data.TIM1_CC_IRQHandler.p2  timers.o
    0x2000000e   0x080014ae   0x00000002   Data   RW           62    .data.TIM1_CC_IRQHandler.p3  timers.o
    0x20000010   0x080014b0   0x00000002   Data   RW           59    .data.TIM1_UP_TIM16_IRQHandler.k  timers.o
    0x20000012   0x080014b2   0x00000001   Data   RW           67    .data.Zmiana_PWM_TIM1_stopniowo.direction  timers.o
    0x20000013   0x080014b3   0x00000001   PAD
    0x20000014   0x080014b4   0x00000004   Data   RW           68    .data.Zmiana_PWM_TIM1_stopniowo.exponenta  timers.o


    Execution Region ER_ZI (Exec base: 0x20000018, Load base: 0x080014b8, Size: 0x00000418, Max: 0xffffffff, ABSOLUTE)

    Exec Addr    Load Addr    Size         Type   Attr      Idx    E Section Name        Object

    0x20000018        -       0x00000004   Zero   RW          131    .bss.ADC2_Raw_value  adc_dma.o
    0x2000001c        -       0x00000001   Zero   RW           58    .bss.EXTI0_flag     timers.o
    0x2000001d        -       0x00000001   Zero   RW           63    .bss.FirstRun_GPIO_PWM_Init  timers.o
    0x2000001e        -       0x00000001   Zero   RW           65    .bss.PWM_CCR1_value  timers.o
    0x2000001f        -       0x00000001   Zero   RW          130    .bss.PWM_CCR1_value  adc_dma.o
    0x20000020        -       0x00000001   Zero   RW           87    .bss.PWM_status_ON  exti.o
    0x20000021   0x080014b8   0x00000001   PAD
    0x20000022        -       0x00000002   Zero   RW           66    .bss.PWM_temp       timers.o
    0x20000024        -       0x00000002   Zero   RW           89    .bss.PWM_temp       exti.o
    0x20000026   0x080014b8   0x00000002   PAD
    0x20000028        -       0x00000004   Zero   RW           27    .bss.timer_ms       usersysteminit.o
    0x2000002c   0x080014b8   0x00000004   PAD
    0x20000030        -       0x00000400   Zero   RW          139    STACK               startup_stm32f303xc.o


==============================================================================

Image component sizes


      Code (inc. data)   RO Data    RW Data    ZI Data      Debug   Object Name

       360          0          0          2          5       5959   adc_dma.o
       172          0          0          2          3       5084   exti.o
        24          0          0          0          0        372   main.o
        36          8        392          0       1024        884   startup_stm32f303xc.o
       150          0          0          0          0       2152   system_stm32f3xx.o
      1444          8          0         15          5       6956   timers.o
       476          0          0          0          4       5404   usersysteminit.o

    ----------------------------------------------------------------------
      2680         16        424         20       1048      26811   Object Totals
         0          0         32          0          0          0   (incl. Generated)
        18          0          0          1          7          0   (incl. Padding)

    ----------------------------------------------------------------------

      Code (inc. data)   RO Data    RW Data    ZI Data      Debug   Library Member Name

        38          0          0          0          0        116   fpclassifyf.o
        74         24          0          0          0        580   funder.o
      1636        110        320          0          0        372   powf.o
         0          0          0          0          0          0   entry.o
         0          0          0          0          0          0   entry10a.o
         0          0          0          0          0          0   entry11a.o
         8          4          0          0          0          0   entry2.o
         4          0          0          0          0          0   entry5.o
         0          0          0          0          0          0   entry7b.o
         0          0          0          0          0          0   entry8b.o
         8          4          0          0          0          0   entry9a.o
        12          6          0          4          0         68   errno.o
        30          0          0          0          0          0   handlers.o
        36          8          0          0          0         68   init.o
         0          0          0          0          0          0   iusefp.o
         4          0          0          0          0         68   fpstat.o

    ----------------------------------------------------------------------
      1856        156        320          4          0       1272   Library Totals
         6          0          0          0          0          0   (incl. Padding)

    ----------------------------------------------------------------------

      Code (inc. data)   RO Data    RW Data    ZI Data      Debug   Library Name

      1748        134        320          0          0       1068   m_wm.l
        98         22          0          4          0        136   mc_w.l
         4          0          0          0          0         68   mf_w.l

    ----------------------------------------------------------------------
      1856        156        320          4          0       1272   Library Totals

    ----------------------------------------------------------------------

==============================================================================


      Code (inc. data)   RO Data    RW Data    ZI Data      Debug   

      4536        172        744         24       1048      27555   Grand Totals
      4536        172        744         24       1048      27555   ELF Image Totals
      4536        172        744         24          0          0   ROM Totals

==============================================================================

    Total RO  Size (Code + RO Data)                 5280 (   5.16kB)
    Total RW  Size (RW Data + ZI Data)              1072 (   1.05kB)
    Total ROM Size (Code + RO Data + RW Data)       5304 (   5.18kB)

==============================================================================

