Component: ARM Compiler 6.15 Tool: armlink [5dd79300]

==============================================================================

Section Cross References

    main.o(.text.main) refers to main.o(.text.HSE_with_PLL) for HSE_with_PLL
    main.o(.text.main) refers to main.o(.text.Zmiana_PWM_TIM1_Button) for Zmiana_PWM_TIM1_Button
    main.o(.ARM.exidx.text.main) refers to main.o(.text.main) for [Anonymous Symbol]
    main.o(.text.HSE_with_PLL) refers to main.o(.text.SysTick_Config) for SysTick_Config
    main.o(.ARM.exidx.text.HSE_with_PLL) refers to main.o(.text.HSE_with_PLL) for [Anonymous Symbol]
    main.o(.text.Zmiana_PWM_TIM1_Button) refers to main.o(.bss.FirstRun_GPIO_PWM_Init) for FirstRun_GPIO_PWM_Init
    main.o(.text.Zmiana_PWM_TIM1_Button) refers to main.o(.data.PWM_ARR_value) for PWM_ARR_value
    main.o(.text.Zmiana_PWM_TIM1_Button) refers to main.o(.bss.PWM_CCR1_value) for PWM_CCR1_value
    main.o(.text.Zmiana_PWM_TIM1_Button) refers to main.o(.text.PWM_TIM1_C1_Init) for PWM_TIM1_C1_Init
    main.o(.text.Zmiana_PWM_TIM1_Button) refers to main.o(.text.EXTI0_config_PWMButton) for EXTI0_config_PWMButton
    main.o(.text.Zmiana_PWM_TIM1_Button) refers to main.o(.bss.PWM_temp) for PWM_temp
    main.o(.ARM.exidx.text.Zmiana_PWM_TIM1_Button) refers to main.o(.text.Zmiana_PWM_TIM1_Button) for [Anonymous Symbol]
    main.o(.text.delay_ms) refers to main.o(.bss.timer_ms) for timer_ms
    main.o(.ARM.exidx.text.delay_ms) refers to main.o(.text.delay_ms) for [Anonymous Symbol]
    main.o(.text.GPIO_zPrzyciskiem) refers to main.o(.bss.FirstRun_GPIO_Init) for FirstRun_GPIO_Init
    main.o(.text.GPIO_zPrzyciskiem) refers to main.o(.text.GPIO_Init) for GPIO_Init
    main.o(.text.GPIO_zPrzyciskiem) refers to main.o(.text.delay_ms) for delay_ms
    main.o(.ARM.exidx.text.GPIO_zPrzyciskiem) refers to main.o(.text.GPIO_zPrzyciskiem) for [Anonymous Symbol]
    main.o(.ARM.exidx.text.GPIO_Init) refers to main.o(.text.GPIO_Init) for [Anonymous Symbol]
    main.o(.text.GPIO_Kolko) refers to main.o(.bss.FirstRun_GPIO_Init) for FirstRun_GPIO_Init
    main.o(.text.GPIO_Kolko) refers to main.o(.text.GPIO_Init) for GPIO_Init
    main.o(.text.GPIO_Kolko) refers to main.o(.text.delay_ms) for delay_ms
    main.o(.ARM.exidx.text.GPIO_Kolko) refers to main.o(.text.GPIO_Kolko) for [Anonymous Symbol]
    main.o(.text.LEDy_kolo) refers to main.o(.bss.FirstRun_GPIO_Init) for FirstRun_GPIO_Init
    main.o(.text.LEDy_kolo) refers to main.o(.text.GPIO_Init) for GPIO_Init
    main.o(.text.LEDy_kolo) refers to main.o(.text.delay_ms) for delay_ms
    main.o(.ARM.exidx.text.LEDy_kolo) refers to main.o(.text.LEDy_kolo) for [Anonymous Symbol]
    main.o(.text.SysTick_Handler) refers to main.o(.bss.timer_ms) for timer_ms
    main.o(.ARM.exidx.text.SysTick_Handler) refers to main.o(.text.SysTick_Handler) for [Anonymous Symbol]
    main.o(.text.HSI_without_PLL) refers to main.o(.text.SysTick_Config) for SysTick_Config
    main.o(.ARM.exidx.text.HSI_without_PLL) refers to main.o(.text.HSI_without_PLL) for [Anonymous Symbol]
    main.o(.text.SysTick_Config) refers to main.o(.text.__NVIC_SetPriority) for __NVIC_SetPriority
    main.o(.ARM.exidx.text.SysTick_Config) refers to main.o(.text.SysTick_Config) for [Anonymous Symbol]
    main.o(.text.HSI_with_PLL) refers to main.o(.text.SysTick_Config) for SysTick_Config
    main.o(.ARM.exidx.text.HSI_with_PLL) refers to main.o(.text.HSI_with_PLL) for [Anonymous Symbol]
    main.o(.text.TIM7_config) refers to main.o(.bss.FirstRun_GPIO_Init) for FirstRun_GPIO_Init
    main.o(.text.TIM7_config) refers to main.o(.text.GPIO_Init) for GPIO_Init
    main.o(.text.TIM7_config) refers to main.o(.text.__NVIC_SetPriority) for __NVIC_SetPriority
    main.o(.text.TIM7_config) refers to main.o(.text.__NVIC_EnableIRQ) for __NVIC_EnableIRQ
    main.o(.ARM.exidx.text.TIM7_config) refers to main.o(.text.TIM7_config) for [Anonymous Symbol]
    main.o(.ARM.exidx.text.__NVIC_SetPriority) refers to main.o(.text.__NVIC_SetPriority) for [Anonymous Symbol]
    main.o(.ARM.exidx.text.__NVIC_EnableIRQ) refers to main.o(.text.__NVIC_EnableIRQ) for [Anonymous Symbol]
    main.o(.ARM.exidx.text.TIM7_IRQHandler) refers to main.o(.text.TIM7_IRQHandler) for [Anonymous Symbol]
    main.o(.text.TIM1_config) refers to main.o(.bss.FirstRun_GPIO_Init) for FirstRun_GPIO_Init
    main.o(.text.TIM1_config) refers to main.o(.text.GPIO_Init) for GPIO_Init
    main.o(.text.TIM1_config) refers to main.o(.text.__NVIC_SetPriority) for __NVIC_SetPriority
    main.o(.text.TIM1_config) refers to main.o(.text.__NVIC_EnableIRQ) for __NVIC_EnableIRQ
    main.o(.text.TIM1_config) refers to main.o(.bss.EXTI0_flag) for EXTI0_flag
    main.o(.ARM.exidx.text.TIM1_config) refers to main.o(.text.TIM1_config) for [Anonymous Symbol]
    main.o(.text.TIM1_UP_TIM16_IRQHandler) refers to main.o(.bss.EXTI0_flag) for EXTI0_flag
    main.o(.text.TIM1_UP_TIM16_IRQHandler) refers to main.o(.data.TIM1_UP_TIM16_IRQHandler.k) for TIM1_UP_TIM16_IRQHandler.k
    main.o(.ARM.exidx.text.TIM1_UP_TIM16_IRQHandler) refers to main.o(.text.TIM1_UP_TIM16_IRQHandler) for [Anonymous Symbol]
    main.o(.text.TIM1_CC_IRQHandler) refers to main.o(.data.TIM1_CC_IRQHandler.p1) for TIM1_CC_IRQHandler.p1
    main.o(.text.TIM1_CC_IRQHandler) refers to main.o(.data.TIM1_CC_IRQHandler.p2) for TIM1_CC_IRQHandler.p2
    main.o(.text.TIM1_CC_IRQHandler) refers to main.o(.data.TIM1_CC_IRQHandler.p3) for TIM1_CC_IRQHandler.p3
    main.o(.ARM.exidx.text.TIM1_CC_IRQHandler) refers to main.o(.text.TIM1_CC_IRQHandler) for [Anonymous Symbol]
    main.o(.text.EXTI0_config) refers to main.o(.text.__NVIC_SetPriority) for __NVIC_SetPriority
    main.o(.text.EXTI0_config) refers to main.o(.text.__NVIC_EnableIRQ) for __NVIC_EnableIRQ
    main.o(.text.EXTI0_config) refers to main.o(.bss.EXTI0_flag) for EXTI0_flag
    main.o(.text.EXTI0_config) refers to main.o(.text.TIM1_config) for TIM1_config
    main.o(.ARM.exidx.text.EXTI0_config) refers to main.o(.text.EXTI0_config) for [Anonymous Symbol]
    main.o(.text.EXTI0_IRQHandler) refers to main.o(.bss.PWM_status_ON) for PWM_status_ON
    main.o(.text.EXTI0_IRQHandler) refers to main.o(.data.PWM_ARR_value) for PWM_ARR_value
    main.o(.text.EXTI0_IRQHandler) refers to main.o(.bss.PWM_temp) for PWM_temp
    main.o(.ARM.exidx.text.EXTI0_IRQHandler) refers to main.o(.text.EXTI0_IRQHandler) for [Anonymous Symbol]
    main.o(.text.Debouncing_SW_LPF) refers to main.o(.bss.Debouncing_SW_LPF.button_pressed) for Debouncing_SW_LPF.button_pressed
    main.o(.text.Debouncing_SW_LPF) refers to main.o(.bss.Debouncing_SW_LPF.button_unpressed) for Debouncing_SW_LPF.button_unpressed
    main.o(.text.Debouncing_SW_LPF) refers to main.o(.data.Debouncing_SW_LPF.debounce_value) for Debouncing_SW_LPF.debounce_value
    main.o(.text.Debouncing_SW_LPF) refers to main.o(.bss.Debouncing_SW_LPF.wait_for_next_press) for Debouncing_SW_LPF.wait_for_next_press
    main.o(.ARM.exidx.text.Debouncing_SW_LPF) refers to main.o(.text.Debouncing_SW_LPF) for [Anonymous Symbol]
    main.o(.ARM.exidx.text.GPIO_Init_PWM_TIM1) refers to main.o(.text.GPIO_Init_PWM_TIM1) for [Anonymous Symbol]
    main.o(.text.PWM_TIM1_C1_Init) refers to main.o(.text.GPIO_Init_PWM_TIM1) for GPIO_Init_PWM_TIM1
    main.o(.ARM.exidx.text.PWM_TIM1_C1_Init) refers to main.o(.text.PWM_TIM1_C1_Init) for [Anonymous Symbol]
    main.o(.text.EXTI0_config_PWMButton) refers to main.o(.text.__NVIC_SetPriority) for __NVIC_SetPriority
    main.o(.text.EXTI0_config_PWMButton) refers to main.o(.text.__NVIC_EnableIRQ) for __NVIC_EnableIRQ
    main.o(.text.EXTI0_config_PWMButton) refers to main.o(.bss.PWM_status_ON) for PWM_status_ON
    main.o(.ARM.exidx.text.EXTI0_config_PWMButton) refers to main.o(.text.EXTI0_config_PWMButton) for [Anonymous Symbol]
    main.o(.text.Zmiana_PWM_TIM1_stopniowo) refers to main.o(.bss.FirstRun_GPIO_PWM_Init) for FirstRun_GPIO_PWM_Init
    main.o(.text.Zmiana_PWM_TIM1_stopniowo) refers to main.o(.data.PWM_ARR_value) for PWM_ARR_value
    main.o(.text.Zmiana_PWM_TIM1_stopniowo) refers to main.o(.bss.PWM_CCR1_value) for PWM_CCR1_value
    main.o(.text.Zmiana_PWM_TIM1_stopniowo) refers to main.o(.text.PWM_TIM1_C1_Init) for PWM_TIM1_C1_Init
    main.o(.text.Zmiana_PWM_TIM1_stopniowo) refers to main.o(.text.delay_ms) for delay_ms
    main.o(.text.Zmiana_PWM_TIM1_stopniowo) refers to main.o(.bss.PWM_temp) for PWM_temp
    main.o(.text.Zmiana_PWM_TIM1_stopniowo) refers to main.o(.data.Zmiana_PWM_TIM1_stopniowo.direction) for Zmiana_PWM_TIM1_stopniowo.direction
    main.o(.ARM.exidx.text.Zmiana_PWM_TIM1_stopniowo) refers to main.o(.text.Zmiana_PWM_TIM1_stopniowo) for [Anonymous Symbol]
    startup_stm32f303xc.o(RESET) refers to startup_stm32f303xc.o(STACK) for __initial_sp
    startup_stm32f303xc.o(RESET) refers to startup_stm32f303xc.o(.text) for Reset_Handler
    startup_stm32f303xc.o(RESET) refers to main.o(.text.SysTick_Handler) for SysTick_Handler
    startup_stm32f303xc.o(RESET) refers to main.o(.text.EXTI0_IRQHandler) for EXTI0_IRQHandler
    startup_stm32f303xc.o(RESET) refers to main.o(.text.TIM1_UP_TIM16_IRQHandler) for TIM1_UP_TIM16_IRQHandler
    startup_stm32f303xc.o(RESET) refers to main.o(.text.TIM1_CC_IRQHandler) for TIM1_CC_IRQHandler
    startup_stm32f303xc.o(RESET) refers to main.o(.text.TIM7_IRQHandler) for TIM7_IRQHandler
    startup_stm32f303xc.o(.text) refers to system_stm32f3xx.o(.text.SystemInit) for SystemInit
    startup_stm32f303xc.o(.text) refers to entry.o(.ARM.Collect$$$$00000000) for __main
    system_stm32f3xx.o(.ARM.exidx.text.SystemInit) refers to system_stm32f3xx.o(.text.SystemInit) for [Anonymous Symbol]
    system_stm32f3xx.o(.text.SystemCoreClockUpdate) refers to system_stm32f3xx.o(.data.SystemCoreClock) for SystemCoreClock
    system_stm32f3xx.o(.text.SystemCoreClockUpdate) refers to system_stm32f3xx.o(.rodata.AHBPrescTable) for AHBPrescTable
    system_stm32f3xx.o(.ARM.exidx.text.SystemCoreClockUpdate) refers to system_stm32f3xx.o(.text.SystemCoreClockUpdate) for [Anonymous Symbol]
    entry.o(.ARM.Collect$$$$00000000) refers (Special) to entry10a.o(.ARM.Collect$$$$0000000D) for __rt_final_cpp
    entry.o(.ARM.Collect$$$$00000000) refers (Special) to entry11a.o(.ARM.Collect$$$$0000000F) for __rt_final_exit
    entry.o(.ARM.Collect$$$$00000000) refers (Special) to entry7b.o(.ARM.Collect$$$$00000008) for _main_clock
    entry.o(.ARM.Collect$$$$00000000) refers (Special) to entry8b.o(.ARM.Collect$$$$0000000A) for _main_cpp_init
    entry.o(.ARM.Collect$$$$00000000) refers (Special) to entry9a.o(.ARM.Collect$$$$0000000B) for _main_init
    entry.o(.ARM.Collect$$$$00000000) refers (Special) to entry5.o(.ARM.Collect$$$$00000004) for _main_scatterload
    entry.o(.ARM.Collect$$$$00000000) refers (Special) to entry2.o(.ARM.Collect$$$$00000001) for _main_stk
    entry2.o(.ARM.Collect$$$$00000001) refers to entry2.o(.ARM.Collect$$$$00002712) for __lit__00000000
    entry2.o(.ARM.Collect$$$$00002712) refers to startup_stm32f303xc.o(STACK) for __initial_sp
    entry2.o(__vectab_stack_and_reset_area) refers to startup_stm32f303xc.o(STACK) for __initial_sp
    entry2.o(__vectab_stack_and_reset_area) refers to entry.o(.ARM.Collect$$$$00000000) for __main
    entry5.o(.ARM.Collect$$$$00000004) refers to init.o(.text) for __scatterload
    entry9a.o(.ARM.Collect$$$$0000000B) refers to main.o(.text.main) for main
    entry9b.o(.ARM.Collect$$$$0000000C) refers to main.o(.text.main) for main
    init.o(.text) refers to entry5.o(.ARM.Collect$$$$00000004) for __main_after_scatterload


==============================================================================

Removing Unused input sections from the image.

    Removing main.o(.text), (0 bytes).
    Removing main.o(.ARM.exidx.text.main), (8 bytes).
    Removing main.o(.ARM.exidx.text.HSE_with_PLL), (8 bytes).
    Removing main.o(.ARM.exidx.text.Zmiana_PWM_TIM1_Button), (8 bytes).
    Removing main.o(.text.delay_ms), (40 bytes).
    Removing main.o(.ARM.exidx.text.delay_ms), (8 bytes).
    Removing main.o(.text.GPIO_zPrzyciskiem), (206 bytes).
    Removing main.o(.ARM.exidx.text.GPIO_zPrzyciskiem), (8 bytes).
    Removing main.o(.text.GPIO_Init), (70 bytes).
    Removing main.o(.ARM.exidx.text.GPIO_Init), (8 bytes).
    Removing main.o(.text.GPIO_Kolko), (310 bytes).
    Removing main.o(.ARM.exidx.text.GPIO_Kolko), (8 bytes).
    Removing main.o(.text.LEDy_kolo), (142 bytes).
    Removing main.o(.ARM.exidx.text.LEDy_kolo), (8 bytes).
    Removing main.o(.ARM.exidx.text.SysTick_Handler), (8 bytes).
    Removing main.o(.text.HSI_without_PLL), (12 bytes).
    Removing main.o(.ARM.exidx.text.HSI_without_PLL), (8 bytes).
    Removing main.o(.ARM.exidx.text.SysTick_Config), (8 bytes).
    Removing main.o(.text.HSI_with_PLL), (122 bytes).
    Removing main.o(.ARM.exidx.text.HSI_with_PLL), (8 bytes).
    Removing main.o(.text.TIM7_config), (134 bytes).
    Removing main.o(.ARM.exidx.text.TIM7_config), (8 bytes).
    Removing main.o(.ARM.exidx.text.__NVIC_SetPriority), (8 bytes).
    Removing main.o(.ARM.exidx.text.__NVIC_EnableIRQ), (8 bytes).
    Removing main.o(.ARM.exidx.text.TIM7_IRQHandler), (8 bytes).
    Removing main.o(.text.TIM1_config), (242 bytes).
    Removing main.o(.ARM.exidx.text.TIM1_config), (8 bytes).
    Removing main.o(.ARM.exidx.text.TIM1_UP_TIM16_IRQHandler), (8 bytes).
    Removing main.o(.ARM.exidx.text.TIM1_CC_IRQHandler), (8 bytes).
    Removing main.o(.text.EXTI0_config), (82 bytes).
    Removing main.o(.ARM.exidx.text.EXTI0_config), (8 bytes).
    Removing main.o(.ARM.exidx.text.EXTI0_IRQHandler), (8 bytes).
    Removing main.o(.text.Debouncing_SW_LPF), (186 bytes).
    Removing main.o(.ARM.exidx.text.Debouncing_SW_LPF), (8 bytes).
    Removing main.o(.ARM.exidx.text.GPIO_Init_PWM_TIM1), (8 bytes).
    Removing main.o(.ARM.exidx.text.PWM_TIM1_C1_Init), (8 bytes).
    Removing main.o(.ARM.exidx.text.EXTI0_config_PWMButton), (8 bytes).
    Removing main.o(.text.Zmiana_PWM_TIM1_stopniowo), (196 bytes).
    Removing main.o(.ARM.exidx.text.Zmiana_PWM_TIM1_stopniowo), (8 bytes).
    Removing main.o(.bss.FirstRun_GPIO_Init), (1 bytes).
    Removing main.o(.bss.Debouncing_SW_LPF.button_pressed), (2 bytes).
    Removing main.o(.bss.Debouncing_SW_LPF.button_unpressed), (2 bytes).
    Removing main.o(.data.Debouncing_SW_LPF.debounce_value), (2 bytes).
    Removing main.o(.bss.Debouncing_SW_LPF.wait_for_next_press), (1 bytes).
    Removing main.o(.data.Zmiana_PWM_TIM1_stopniowo.direction), (1 bytes).
    Removing main.o(.ARM.use_no_argv), (4 bytes).
    Removing startup_stm32f303xc.o(HEAP), (512 bytes).
    Removing system_stm32f3xx.o(.text), (0 bytes).
    Removing system_stm32f3xx.o(.ARM.exidx.text.SystemInit), (8 bytes).
    Removing system_stm32f3xx.o(.text.SystemCoreClockUpdate), (278 bytes).
    Removing system_stm32f3xx.o(.ARM.exidx.text.SystemCoreClockUpdate), (8 bytes).
    Removing system_stm32f3xx.o(.data.SystemCoreClock), (4 bytes).
    Removing system_stm32f3xx.o(.rodata.AHBPrescTable), (16 bytes).
    Removing system_stm32f3xx.o(.rodata.APBPrescTable), (8 bytes).

54 unused section(s) (total 2797 bytes) removed from the image.

==============================================================================

Image Symbol Table

    Local Symbols

    Symbol Name                              Value     Ov Type        Size  Object(Section)

    ../clib/microlib/init/entry.s            0x00000000   Number         0  entry.o ABSOLUTE
    ../clib/microlib/init/entry.s            0x00000000   Number         0  entry2.o ABSOLUTE
    ../clib/microlib/init/entry.s            0x00000000   Number         0  entry5.o ABSOLUTE
    ../clib/microlib/init/entry.s            0x00000000   Number         0  entry7a.o ABSOLUTE
    ../clib/microlib/init/entry.s            0x00000000   Number         0  entry7b.o ABSOLUTE
    ../clib/microlib/init/entry.s            0x00000000   Number         0  entry8a.o ABSOLUTE
    ../clib/microlib/init/entry.s            0x00000000   Number         0  entry8b.o ABSOLUTE
    ../clib/microlib/init/entry.s            0x00000000   Number         0  entry9a.o ABSOLUTE
    ../clib/microlib/init/entry.s            0x00000000   Number         0  entry9b.o ABSOLUTE
    ../clib/microlib/init/entry.s            0x00000000   Number         0  entry10a.o ABSOLUTE
    ../clib/microlib/init/entry.s            0x00000000   Number         0  entry10b.o ABSOLUTE
    ../clib/microlib/init/entry.s            0x00000000   Number         0  entry11a.o ABSOLUTE
    ../clib/microlib/init/entry.s            0x00000000   Number         0  entry11b.o ABSOLUTE
    RTE/Device/STM32F303VCTx/startup_stm32f303xc.s 0x00000000   Number         0  startup_stm32f303xc.o ABSOLUTE
    dc.s                                     0x00000000   Number         0  dc.o ABSOLUTE
    handlers.s                               0x00000000   Number         0  handlers.o ABSOLUTE
    init.s                                   0x00000000   Number         0  init.o ABSOLUTE
    main.c                                   0x00000000   Number         0  main.o ABSOLUTE
    system_stm32f3xx.c                       0x00000000   Number         0  system_stm32f3xx.o ABSOLUTE
    RESET                                    0x08000000   Section      392  startup_stm32f303xc.o(RESET)
    .ARM.Collect$$$$00000000                 0x08000188   Section        0  entry.o(.ARM.Collect$$$$00000000)
    .ARM.Collect$$$$00000001                 0x08000188   Section        4  entry2.o(.ARM.Collect$$$$00000001)
    .ARM.Collect$$$$00000004                 0x0800018c   Section        4  entry5.o(.ARM.Collect$$$$00000004)
    .ARM.Collect$$$$00000008                 0x08000190   Section        0  entry7b.o(.ARM.Collect$$$$00000008)
    .ARM.Collect$$$$0000000A                 0x08000190   Section        0  entry8b.o(.ARM.Collect$$$$0000000A)
    .ARM.Collect$$$$0000000B                 0x08000190   Section        8  entry9a.o(.ARM.Collect$$$$0000000B)
    __lit__00000000                          0x08000198   Data           4  entry2.o(.ARM.Collect$$$$00002712)
    .ARM.Collect$$$$0000000D                 0x08000198   Section        0  entry10a.o(.ARM.Collect$$$$0000000D)
    .ARM.Collect$$$$0000000F                 0x08000198   Section        0  entry11a.o(.ARM.Collect$$$$0000000F)
    .ARM.Collect$$$$00002712                 0x08000198   Section        4  entry2.o(.ARM.Collect$$$$00002712)
    $v0                                      0x0800019c   Number         0  startup_stm32f303xc.o(.text)
    .text                                    0x0800019c   Section       36  startup_stm32f303xc.o(.text)
    .text                                    0x080001c0   Section       36  init.o(.text)
    [Anonymous Symbol]                       0x080001e4   Section        0  main.o(.text.EXTI0_IRQHandler)
    [Anonymous Symbol]                       0x08000290   Section        0  main.o(.text.EXTI0_config_PWMButton)
    [Anonymous Symbol]                       0x080002e0   Section        0  main.o(.text.GPIO_Init_PWM_TIM1)
    [Anonymous Symbol]                       0x08000314   Section        0  main.o(.text.HSE_with_PLL)
    [Anonymous Symbol]                       0x08000400   Section        0  main.o(.text.PWM_TIM1_C1_Init)
    SysTick_Config                           0x08000481   Thumb Code    82  main.o(.text.SysTick_Config)
    [Anonymous Symbol]                       0x08000480   Section        0  main.o(.text.SysTick_Config)
    [Anonymous Symbol]                       0x080004d4   Section        0  main.o(.text.SysTick_Handler)
    [Anonymous Symbol]                       0x080004f8   Section        0  system_stm32f3xx.o(.text.SystemInit)
    [Anonymous Symbol]                       0x08000590   Section        0  main.o(.text.TIM1_CC_IRQHandler)
    [Anonymous Symbol]                       0x080007e0   Section        0  main.o(.text.TIM1_UP_TIM16_IRQHandler)
    [Anonymous Symbol]                       0x08000940   Section        0  main.o(.text.TIM7_IRQHandler)
    [Anonymous Symbol]                       0x08000964   Section        0  main.o(.text.Zmiana_PWM_TIM1_Button)
    __NVIC_EnableIRQ                         0x080009b9   Thumb Code    52  main.o(.text.__NVIC_EnableIRQ)
    [Anonymous Symbol]                       0x080009b8   Section        0  main.o(.text.__NVIC_EnableIRQ)
    __NVIC_SetPriority                       0x080009ed   Thumb Code    68  main.o(.text.__NVIC_SetPriority)
    [Anonymous Symbol]                       0x080009ec   Section        0  main.o(.text.__NVIC_SetPriority)
    [Anonymous Symbol]                       0x08000a30   Section        0  main.o(.text.main)
    i.__scatterload_copy                     0x08000a44   Section       14  handlers.o(i.__scatterload_copy)
    i.__scatterload_null                     0x08000a52   Section        2  handlers.o(i.__scatterload_null)
    i.__scatterload_zeroinit                 0x08000a54   Section       14  handlers.o(i.__scatterload_zeroinit)
    PWM_ARR_value                            0x20000000   Data           1  main.o(.data.PWM_ARR_value)
    [Anonymous Symbol]                       0x20000000   Section        0  main.o(.data.PWM_ARR_value)
    TIM1_CC_IRQHandler.p1                    0x20000002   Data           2  main.o(.data.TIM1_CC_IRQHandler.p1)
    [Anonymous Symbol]                       0x20000002   Section        0  main.o(.data.TIM1_CC_IRQHandler.p1)
    TIM1_CC_IRQHandler.p2                    0x20000004   Data           2  main.o(.data.TIM1_CC_IRQHandler.p2)
    [Anonymous Symbol]                       0x20000004   Section        0  main.o(.data.TIM1_CC_IRQHandler.p2)
    TIM1_CC_IRQHandler.p3                    0x20000006   Data           2  main.o(.data.TIM1_CC_IRQHandler.p3)
    [Anonymous Symbol]                       0x20000006   Section        0  main.o(.data.TIM1_CC_IRQHandler.p3)
    TIM1_UP_TIM16_IRQHandler.k               0x20000008   Data           2  main.o(.data.TIM1_UP_TIM16_IRQHandler.k)
    [Anonymous Symbol]                       0x20000008   Section        0  main.o(.data.TIM1_UP_TIM16_IRQHandler.k)
    EXTI0_flag                               0x20000010   Data           1  main.o(.bss.EXTI0_flag)
    [Anonymous Symbol]                       0x20000010   Section        0  main.o(.bss.EXTI0_flag)
    FirstRun_GPIO_PWM_Init                   0x20000011   Data           1  main.o(.bss.FirstRun_GPIO_PWM_Init)
    [Anonymous Symbol]                       0x20000011   Section        0  main.o(.bss.FirstRun_GPIO_PWM_Init)
    PWM_CCR1_value                           0x20000012   Data           1  main.o(.bss.PWM_CCR1_value)
    [Anonymous Symbol]                       0x20000012   Section        0  main.o(.bss.PWM_CCR1_value)
    PWM_status_ON                            0x20000013   Data           1  main.o(.bss.PWM_status_ON)
    [Anonymous Symbol]                       0x20000013   Section        0  main.o(.bss.PWM_status_ON)
    PWM_temp                                 0x20000014   Data           1  main.o(.bss.PWM_temp)
    [Anonymous Symbol]                       0x20000014   Section        0  main.o(.bss.PWM_temp)
    timer_ms                                 0x20000018   Data           4  main.o(.bss.timer_ms)
    [Anonymous Symbol]                       0x20000018   Section        0  main.o(.bss.timer_ms)
    STACK                                    0x20000020   Section     1024  startup_stm32f303xc.o(STACK)

    Global Symbols

    Symbol Name                              Value     Ov Type        Size  Object(Section)

    BuildAttributes$$THM_ISAv4$E$P$D$K$B$S$7EM$VFPi3$EXTD16$VFPS$VFMA$PE$A:L22UL41UL21$X:L11$S22US41US21$IEEE1$IW$~IW$USESV6$~STKCKD$USESV7$~SHL$OSPACE$EBA8$MICROLIB$REQ8$PRES8$EABIv2 0x00000000   Number         0  anon$$obj.o ABSOLUTE
    __cpp_initialize__aeabi_                  - Undefined Weak Reference
    __cxa_finalize                            - Undefined Weak Reference
    __decompress                              - Undefined Weak Reference
    _clock_init                               - Undefined Weak Reference
    _microlib_exit                            - Undefined Weak Reference
    __Vectors_Size                           0x00000188   Number         0  startup_stm32f303xc.o ABSOLUTE
    __Vectors                                0x08000000   Data           4  startup_stm32f303xc.o(RESET)
    __Vectors_End                            0x08000188   Data           0  startup_stm32f303xc.o(RESET)
    __main                                   0x08000189   Thumb Code     0  entry.o(.ARM.Collect$$$$00000000)
    _main_stk                                0x08000189   Thumb Code     0  entry2.o(.ARM.Collect$$$$00000001)
    _main_scatterload                        0x0800018d   Thumb Code     0  entry5.o(.ARM.Collect$$$$00000004)
    __main_after_scatterload                 0x08000191   Thumb Code     0  entry5.o(.ARM.Collect$$$$00000004)
    _main_clock                              0x08000191   Thumb Code     0  entry7b.o(.ARM.Collect$$$$00000008)
    _main_cpp_init                           0x08000191   Thumb Code     0  entry8b.o(.ARM.Collect$$$$0000000A)
    _main_init                               0x08000191   Thumb Code     0  entry9a.o(.ARM.Collect$$$$0000000B)
    __rt_final_cpp                           0x08000199   Thumb Code     0  entry10a.o(.ARM.Collect$$$$0000000D)
    __rt_final_exit                          0x08000199   Thumb Code     0  entry11a.o(.ARM.Collect$$$$0000000F)
    Reset_Handler                            0x0800019d   Thumb Code     8  startup_stm32f303xc.o(.text)
    NMI_Handler                              0x080001a5   Thumb Code     2  startup_stm32f303xc.o(.text)
    HardFault_Handler                        0x080001a7   Thumb Code     2  startup_stm32f303xc.o(.text)
    MemManage_Handler                        0x080001a9   Thumb Code     2  startup_stm32f303xc.o(.text)
    BusFault_Handler                         0x080001ab   Thumb Code     2  startup_stm32f303xc.o(.text)
    UsageFault_Handler                       0x080001ad   Thumb Code     2  startup_stm32f303xc.o(.text)
    SVC_Handler                              0x080001af   Thumb Code     2  startup_stm32f303xc.o(.text)
    DebugMon_Handler                         0x080001b1   Thumb Code     2  startup_stm32f303xc.o(.text)
    PendSV_Handler                           0x080001b3   Thumb Code     2  startup_stm32f303xc.o(.text)
    ADC1_2_IRQHandler                        0x080001b7   Thumb Code     0  startup_stm32f303xc.o(.text)
    ADC3_IRQHandler                          0x080001b7   Thumb Code     0  startup_stm32f303xc.o(.text)
    ADC4_IRQHandler                          0x080001b7   Thumb Code     0  startup_stm32f303xc.o(.text)
    CAN_RX1_IRQHandler                       0x080001b7   Thumb Code     0  startup_stm32f303xc.o(.text)
    CAN_SCE_IRQHandler                       0x080001b7   Thumb Code     0  startup_stm32f303xc.o(.text)
    COMP1_2_3_IRQHandler                     0x080001b7   Thumb Code     0  startup_stm32f303xc.o(.text)
    COMP4_5_6_IRQHandler                     0x080001b7   Thumb Code     0  startup_stm32f303xc.o(.text)
    COMP7_IRQHandler                         0x080001b7   Thumb Code     0  startup_stm32f303xc.o(.text)
    DMA1_Channel1_IRQHandler                 0x080001b7   Thumb Code     0  startup_stm32f303xc.o(.text)
    DMA1_Channel2_IRQHandler                 0x080001b7   Thumb Code     0  startup_stm32f303xc.o(.text)
    DMA1_Channel3_IRQHandler                 0x080001b7   Thumb Code     0  startup_stm32f303xc.o(.text)
    DMA1_Channel4_IRQHandler                 0x080001b7   Thumb Code     0  startup_stm32f303xc.o(.text)
    DMA1_Channel5_IRQHandler                 0x080001b7   Thumb Code     0  startup_stm32f303xc.o(.text)
    DMA1_Channel6_IRQHandler                 0x080001b7   Thumb Code     0  startup_stm32f303xc.o(.text)
    DMA1_Channel7_IRQHandler                 0x080001b7   Thumb Code     0  startup_stm32f303xc.o(.text)
    DMA2_Channel1_IRQHandler                 0x080001b7   Thumb Code     0  startup_stm32f303xc.o(.text)
    DMA2_Channel2_IRQHandler                 0x080001b7   Thumb Code     0  startup_stm32f303xc.o(.text)
    DMA2_Channel3_IRQHandler                 0x080001b7   Thumb Code     0  startup_stm32f303xc.o(.text)
    DMA2_Channel4_IRQHandler                 0x080001b7   Thumb Code     0  startup_stm32f303xc.o(.text)
    DMA2_Channel5_IRQHandler                 0x080001b7   Thumb Code     0  startup_stm32f303xc.o(.text)
    EXTI15_10_IRQHandler                     0x080001b7   Thumb Code     0  startup_stm32f303xc.o(.text)
    EXTI1_IRQHandler                         0x080001b7   Thumb Code     0  startup_stm32f303xc.o(.text)
    EXTI2_TSC_IRQHandler                     0x080001b7   Thumb Code     0  startup_stm32f303xc.o(.text)
    EXTI3_IRQHandler                         0x080001b7   Thumb Code     0  startup_stm32f303xc.o(.text)
    EXTI4_IRQHandler                         0x080001b7   Thumb Code     0  startup_stm32f303xc.o(.text)
    EXTI9_5_IRQHandler                       0x080001b7   Thumb Code     0  startup_stm32f303xc.o(.text)
    FLASH_IRQHandler                         0x080001b7   Thumb Code     0  startup_stm32f303xc.o(.text)
    FPU_IRQHandler                           0x080001b7   Thumb Code     0  startup_stm32f303xc.o(.text)
    I2C1_ER_IRQHandler                       0x080001b7   Thumb Code     0  startup_stm32f303xc.o(.text)
    I2C1_EV_IRQHandler                       0x080001b7   Thumb Code     0  startup_stm32f303xc.o(.text)
    I2C2_ER_IRQHandler                       0x080001b7   Thumb Code     0  startup_stm32f303xc.o(.text)
    I2C2_EV_IRQHandler                       0x080001b7   Thumb Code     0  startup_stm32f303xc.o(.text)
    PVD_IRQHandler                           0x080001b7   Thumb Code     0  startup_stm32f303xc.o(.text)
    RCC_IRQHandler                           0x080001b7   Thumb Code     0  startup_stm32f303xc.o(.text)
    RTC_Alarm_IRQHandler                     0x080001b7   Thumb Code     0  startup_stm32f303xc.o(.text)
    RTC_WKUP_IRQHandler                      0x080001b7   Thumb Code     0  startup_stm32f303xc.o(.text)
    SPI1_IRQHandler                          0x080001b7   Thumb Code     0  startup_stm32f303xc.o(.text)
    SPI2_IRQHandler                          0x080001b7   Thumb Code     0  startup_stm32f303xc.o(.text)
    SPI3_IRQHandler                          0x080001b7   Thumb Code     0  startup_stm32f303xc.o(.text)
    TAMP_STAMP_IRQHandler                    0x080001b7   Thumb Code     0  startup_stm32f303xc.o(.text)
    TIM1_BRK_TIM15_IRQHandler                0x080001b7   Thumb Code     0  startup_stm32f303xc.o(.text)
    TIM1_TRG_COM_TIM17_IRQHandler            0x080001b7   Thumb Code     0  startup_stm32f303xc.o(.text)
    TIM2_IRQHandler                          0x080001b7   Thumb Code     0  startup_stm32f303xc.o(.text)
    TIM3_IRQHandler                          0x080001b7   Thumb Code     0  startup_stm32f303xc.o(.text)
    TIM4_IRQHandler                          0x080001b7   Thumb Code     0  startup_stm32f303xc.o(.text)
    TIM6_DAC_IRQHandler                      0x080001b7   Thumb Code     0  startup_stm32f303xc.o(.text)
    TIM8_BRK_IRQHandler                      0x080001b7   Thumb Code     0  startup_stm32f303xc.o(.text)
    TIM8_CC_IRQHandler                       0x080001b7   Thumb Code     0  startup_stm32f303xc.o(.text)
    TIM8_TRG_COM_IRQHandler                  0x080001b7   Thumb Code     0  startup_stm32f303xc.o(.text)
    TIM8_UP_IRQHandler                       0x080001b7   Thumb Code     0  startup_stm32f303xc.o(.text)
    UART4_IRQHandler                         0x080001b7   Thumb Code     0  startup_stm32f303xc.o(.text)
    UART5_IRQHandler                         0x080001b7   Thumb Code     0  startup_stm32f303xc.o(.text)
    USART1_IRQHandler                        0x080001b7   Thumb Code     0  startup_stm32f303xc.o(.text)
    USART2_IRQHandler                        0x080001b7   Thumb Code     0  startup_stm32f303xc.o(.text)
    USART3_IRQHandler                        0x080001b7   Thumb Code     0  startup_stm32f303xc.o(.text)
    USBWakeUp_IRQHandler                     0x080001b7   Thumb Code     0  startup_stm32f303xc.o(.text)
    USBWakeUp_RMP_IRQHandler                 0x080001b7   Thumb Code     0  startup_stm32f303xc.o(.text)
    USB_HP_CAN_TX_IRQHandler                 0x080001b7   Thumb Code     0  startup_stm32f303xc.o(.text)
    USB_HP_IRQHandler                        0x080001b7   Thumb Code     0  startup_stm32f303xc.o(.text)
    USB_LP_CAN_RX0_IRQHandler                0x080001b7   Thumb Code     0  startup_stm32f303xc.o(.text)
    USB_LP_IRQHandler                        0x080001b7   Thumb Code     0  startup_stm32f303xc.o(.text)
    WWDG_IRQHandler                          0x080001b7   Thumb Code     0  startup_stm32f303xc.o(.text)
    __scatterload                            0x080001c1   Thumb Code    28  init.o(.text)
    __scatterload_rt2                        0x080001c1   Thumb Code     0  init.o(.text)
    EXTI0_IRQHandler                         0x080001e5   Thumb Code   172  main.o(.text.EXTI0_IRQHandler)
    EXTI0_config_PWMButton                   0x08000291   Thumb Code    78  main.o(.text.EXTI0_config_PWMButton)
    GPIO_Init_PWM_TIM1                       0x080002e1   Thumb Code    50  main.o(.text.GPIO_Init_PWM_TIM1)
    HSE_with_PLL                             0x08000315   Thumb Code   236  main.o(.text.HSE_with_PLL)
    PWM_TIM1_C1_Init                         0x08000401   Thumb Code   128  main.o(.text.PWM_TIM1_C1_Init)
    SysTick_Handler                          0x080004d5   Thumb Code    34  main.o(.text.SysTick_Handler)
    SystemInit                               0x080004f9   Thumb Code   150  system_stm32f3xx.o(.text.SystemInit)
    TIM1_CC_IRQHandler                       0x08000591   Thumb Code   590  main.o(.text.TIM1_CC_IRQHandler)
    TIM1_UP_TIM16_IRQHandler                 0x080007e1   Thumb Code   350  main.o(.text.TIM1_UP_TIM16_IRQHandler)
    TIM7_IRQHandler                          0x08000941   Thumb Code    34  main.o(.text.TIM7_IRQHandler)
    Zmiana_PWM_TIM1_Button                   0x08000965   Thumb Code    82  main.o(.text.Zmiana_PWM_TIM1_Button)
    main                                     0x08000a31   Thumb Code    20  main.o(.text.main)
    __scatterload_copy                       0x08000a45   Thumb Code    14  handlers.o(i.__scatterload_copy)
    __scatterload_null                       0x08000a53   Thumb Code     2  handlers.o(i.__scatterload_null)
    __scatterload_zeroinit                   0x08000a55   Thumb Code    14  handlers.o(i.__scatterload_zeroinit)
    Region$$Table$$Base                      0x08000a64   Number         0  anon$$obj.o(Region$$Table)
    Region$$Table$$Limit                     0x08000a84   Number         0  anon$$obj.o(Region$$Table)
    __initial_sp                             0x20000420   Data           0  startup_stm32f303xc.o(STACK)



==============================================================================

Memory Map of the image

  Image Entry point : 0x0800019d

  Load Region LR_1 (Base: 0x08000000, Size: 0x00000a90, Max: 0xffffffff, ABSOLUTE)

    Execution Region ER_RO (Exec base: 0x08000000, Load base: 0x08000000, Size: 0x00000a84, Max: 0xffffffff, ABSOLUTE)

    Exec Addr    Load Addr    Size         Type   Attr      Idx    E Section Name        Object

    0x08000000   0x08000000   0x00000188   Data   RO           80    RESET               startup_stm32f303xc.o
    0x08000188   0x08000188   0x00000000   Code   RO          101  * .ARM.Collect$$$$00000000  mc_w.l(entry.o)
    0x08000188   0x08000188   0x00000004   Code   RO          104    .ARM.Collect$$$$00000001  mc_w.l(entry2.o)
    0x0800018c   0x0800018c   0x00000004   Code   RO          107    .ARM.Collect$$$$00000004  mc_w.l(entry5.o)
    0x08000190   0x08000190   0x00000000   Code   RO          109    .ARM.Collect$$$$00000008  mc_w.l(entry7b.o)
    0x08000190   0x08000190   0x00000000   Code   RO          111    .ARM.Collect$$$$0000000A  mc_w.l(entry8b.o)
    0x08000190   0x08000190   0x00000008   Code   RO          112    .ARM.Collect$$$$0000000B  mc_w.l(entry9a.o)
    0x08000198   0x08000198   0x00000000   Code   RO          114    .ARM.Collect$$$$0000000D  mc_w.l(entry10a.o)
    0x08000198   0x08000198   0x00000000   Code   RO          116    .ARM.Collect$$$$0000000F  mc_w.l(entry11a.o)
    0x08000198   0x08000198   0x00000004   Code   RO          105    .ARM.Collect$$$$00002712  mc_w.l(entry2.o)
    0x0800019c   0x0800019c   0x00000024   Code   RO           81  * .text               startup_stm32f303xc.o
    0x080001c0   0x080001c0   0x00000024   Code   RO          118    .text               mc_w.l(init.o)
    0x080001e4   0x080001e4   0x000000ac   Code   RO           42    .text.EXTI0_IRQHandler  main.o
    0x08000290   0x08000290   0x0000004e   Code   RO           50    .text.EXTI0_config_PWMButton  main.o
    0x080002de   0x080002de   0x00000002   PAD
    0x080002e0   0x080002e0   0x00000032   Code   RO           46    .text.GPIO_Init_PWM_TIM1  main.o
    0x08000312   0x08000312   0x00000002   PAD
    0x08000314   0x08000314   0x000000ec   Code   RO            4    .text.HSE_with_PLL  main.o
    0x08000400   0x08000400   0x00000080   Code   RO           48    .text.PWM_TIM1_C1_Init  main.o
    0x08000480   0x08000480   0x00000052   Code   RO           22    .text.SysTick_Config  main.o
    0x080004d2   0x080004d2   0x00000002   PAD
    0x080004d4   0x080004d4   0x00000022   Code   RO           18    .text.SysTick_Handler  main.o
    0x080004f6   0x080004f6   0x00000002   PAD
    0x080004f8   0x080004f8   0x00000096   Code   RO           88    .text.SystemInit    system_stm32f3xx.o
    0x0800058e   0x0800058e   0x00000002   PAD
    0x08000590   0x08000590   0x0000024e   Code   RO           38    .text.TIM1_CC_IRQHandler  main.o
    0x080007de   0x080007de   0x00000002   PAD
    0x080007e0   0x080007e0   0x0000015e   Code   RO           36    .text.TIM1_UP_TIM16_IRQHandler  main.o
    0x0800093e   0x0800093e   0x00000002   PAD
    0x08000940   0x08000940   0x00000022   Code   RO           32    .text.TIM7_IRQHandler  main.o
    0x08000962   0x08000962   0x00000002   PAD
    0x08000964   0x08000964   0x00000052   Code   RO            6    .text.Zmiana_PWM_TIM1_Button  main.o
    0x080009b6   0x080009b6   0x00000002   PAD
    0x080009b8   0x080009b8   0x00000034   Code   RO           30    .text.__NVIC_EnableIRQ  main.o
    0x080009ec   0x080009ec   0x00000044   Code   RO           28    .text.__NVIC_SetPriority  main.o
    0x08000a30   0x08000a30   0x00000014   Code   RO            2    .text.main          main.o
    0x08000a44   0x08000a44   0x0000000e   Code   RO          122    i.__scatterload_copy  mc_w.l(handlers.o)
    0x08000a52   0x08000a52   0x00000002   Code   RO          123    i.__scatterload_null  mc_w.l(handlers.o)
    0x08000a54   0x08000a54   0x0000000e   Code   RO          124    i.__scatterload_zeroinit  mc_w.l(handlers.o)
    0x08000a62   0x08000a62   0x00000002   PAD
    0x08000a64   0x08000a64   0x00000020   Data   RO          121    Region$$Table       anon$$obj.o


    Execution Region ER_RW (Exec base: 0x20000000, Load base: 0x08000a84, Size: 0x0000000c, Max: 0xffffffff, ABSOLUTE)

    Exec Addr    Load Addr    Size         Type   Attr      Idx    E Section Name        Object

    0x20000000   0x08000a84   0x00000001   Data   RW           62    .data.PWM_ARR_value  main.o
    0x20000001   0x08000a85   0x00000001   PAD
    0x20000002   0x08000a86   0x00000002   Data   RW           58    .data.TIM1_CC_IRQHandler.p1  main.o
    0x20000004   0x08000a88   0x00000002   Data   RW           59    .data.TIM1_CC_IRQHandler.p2  main.o
    0x20000006   0x08000a8a   0x00000002   Data   RW           60    .data.TIM1_CC_IRQHandler.p3  main.o
    0x20000008   0x08000a8c   0x00000002   Data   RW           57    .data.TIM1_UP_TIM16_IRQHandler.k  main.o


    Execution Region ER_ZI (Exec base: 0x20000010, Load base: 0x08000a90, Size: 0x00000410, Max: 0xffffffff, ABSOLUTE)

    Exec Addr    Load Addr    Size         Type   Attr      Idx    E Section Name        Object

    0x20000010        -       0x00000001   Zero   RW           56    .bss.EXTI0_flag     main.o
    0x20000011        -       0x00000001   Zero   RW           68    .bss.FirstRun_GPIO_PWM_Init  main.o
    0x20000012        -       0x00000001   Zero   RW           69    .bss.PWM_CCR1_value  main.o
    0x20000013        -       0x00000001   Zero   RW           61    .bss.PWM_status_ON  main.o
    0x20000014        -       0x00000001   Zero   RW           63    .bss.PWM_temp       main.o
    0x20000015   0x08000a90   0x00000003   PAD
    0x20000018        -       0x00000004   Zero   RW           54    .bss.timer_ms       main.o
    0x2000001c   0x08000a90   0x00000004   PAD
    0x20000020        -       0x00000400   Zero   RW           78    STACK               startup_stm32f303xc.o


==============================================================================

Image component sizes


      Code (inc. data)   RO Data    RW Data    ZI Data      Debug   Object Name

      1976          0          0          9          9       9774   main.o
        36          8        392          0       1024        884   startup_stm32f303xc.o
       150          0          0          0          0       2152   system_stm32f3xx.o

    ----------------------------------------------------------------------
      2180          8        424         12       1040      12810   Object Totals
         0          0         32          0          0          0   (incl. Generated)
        18          0          0          3          7          0   (incl. Padding)

    ----------------------------------------------------------------------

      Code (inc. data)   RO Data    RW Data    ZI Data      Debug   Library Member Name

         0          0          0          0          0          0   entry.o
         0          0          0          0          0          0   entry10a.o
         0          0          0          0          0          0   entry11a.o
         8          4          0          0          0          0   entry2.o
         4          0          0          0          0          0   entry5.o
         0          0          0          0          0          0   entry7b.o
         0          0          0          0          0          0   entry8b.o
         8          4          0          0          0          0   entry9a.o
        30          0          0          0          0          0   handlers.o
        36          8          0          0          0         68   init.o

    ----------------------------------------------------------------------
        88         16          0          0          0         68   Library Totals
         2          0          0          0          0          0   (incl. Padding)

    ----------------------------------------------------------------------

      Code (inc. data)   RO Data    RW Data    ZI Data      Debug   Library Name

        86         16          0          0          0         68   mc_w.l

    ----------------------------------------------------------------------
        88         16          0          0          0         68   Library Totals

    ----------------------------------------------------------------------

==============================================================================


      Code (inc. data)   RO Data    RW Data    ZI Data      Debug   

      2268         24        424         12       1040      13066   Grand Totals
      2268         24        424         12       1040      13066   ELF Image Totals
      2268         24        424         12          0          0   ROM Totals

==============================================================================

    Total RO  Size (Code + RO Data)                 2692 (   2.63kB)
    Total RW  Size (RW Data + ZI Data)              1052 (   1.03kB)
    Total ROM Size (Code + RO Data + RW Data)       2704 (   2.64kB)

==============================================================================

